******************************************************************************
                  TI ARM Linker PC v16.9.6                     
******************************************************************************
>> Linked Sat Feb 10 19:56:41 2018

OUTPUT FILE NAME:   <Lab3.out>
ENTRY POINT SYMBOL: "_c_int00"  address: 00002a79


MEMORY CONFIGURATION

         name            origin    length      used     unused   attr    fill
----------------------  --------  ---------  --------  --------  ----  --------
  FLASH                 00000000   00040000  0000323d  0003cdc3  R  X
  SRAM                  20000000   00008000  0000072c  000078d4  RW X


SEGMENT ALLOCATION MAP

run origin  load origin   length   init length attrs members
----------  ----------- ---------- ----------- ----- -------
00000000    00000000    00003240   00003240    r-x
  00000000    00000000    0000026c   0000026c    r-- .intvecs
  0000026c    0000026c    00002d74   00002d74    r-x .text
  00002fe0    00002fe0    00000205   00000205    r-- .const
  000031e8    000031e8    00000058   00000058    r-- .cinit
20000000    20000000    0000072c   00000000    rw-
  20000000    20000000    0000026c   00000000    rw- .vtable
  2000026c    2000026c    00000400   00000000    rw- .stack
  2000066c    2000066c    00000088   00000000    rw- .bss
  200006f4    200006f4    00000038   00000000    rw- .data


SECTION ALLOCATION MAP

 output                                  attributes/
section   page    origin      length       input sections
--------  ----  ----------  ----------   ----------------
.intvecs   0    00000000    0000026c     
                  00000000    0000026c     tm4c123gh6pm_startup_ccs.obj (.intvecs)

.text      0    0000026c    00002d74     
                  0000026c    0000113e     rtsv7M4_T_le_v4SPD16_eabi.lib : _printfi.obj (.text)
                  000013aa    00000002                                   : mpu_init.obj (.text)
                  000013ac    000003d0     Util.lib : launchpad.obj (.text)
                  0000177c    000001fc     seg7.obj (.text)
                  00001978    000001f4     rtsv7M4_T_le_v4SPD16_eabi.lib : ull_div_t2.obj (.text)
                  00001b6c    000001b6                                   : fd_add_t2.obj (.text)
                  00001d22    00000136                                   : fd_div_t2.obj (.text)
                  00001e58    00000132     driverlib.lib : gpio.obj (.text:GPIOPadConfigSet)
                  00001f8a    00000002     rtsv7M4_T_le_v4SPD16_eabi.lib : startup.obj (.text)
                  00001f8c    0000011c     main.obj (.text)
                  000020a8    00000110     driverlib.lib : sysctl.obj (.text:SysCtlClockGet)
                  000021b8    000000fc     rtsv7M4_T_le_v4SPD16_eabi.lib : fd_mul_t2.obj (.text)
                  000022b4    000000fc                                   : s_scalbn.obj (.text)
                  000023b0    000000f4     driverlib.lib : sysctl.obj (.text:SysCtlClockSet)
                  000024a4    000000c4     Util.lib : uart.obj (.text)
                  00002568    0000009c              : led.obj (.text)
                  00002604    0000009c     rtsv7M4_T_le_v4SPD16_eabi.lib : memcpy_t2.obj (.text)
                  000026a0    0000008c     Util.lib : pushbutton.obj (.text)
                  0000272c    00000088     rtsv7M4_T_le_v4SPD16_eabi.lib : vsnprintf.obj (.text)
                  000027b4    00000086                                   : fd_cmp_t2.obj (.text:__aeabi_cdcmple)
                  0000283a    00000086                                   : fd_cmp_t2.obj (.text:__aeabi_cdrcmple)
                  000028c0    0000007a                                   : memset_t2.obj (.text)
                  0000293a    00000002     --HOLE-- [fill = 0]
                  0000293c    00000070                                   : autoinit.obj (.text)
                  000029ac    00000068                                   : copy_decompress_lzss.obj (.text:decompress:lzss)
                  00002a14    00000064                                   : s_frexp.obj (.text)
                  00002a78    00000054                                   : boot.obj (.text)
                  00002acc    00000054                                   : exit.obj (.text)
                  00002b20    00000054                                   : ltoa.obj (.text)
                  00002b74    00000054     sig7digit.obj (.text)
                  00002bc8    0000004c     rtsv7M4_T_le_v4SPD16_eabi.lib : atoi.obj (.text)
                  00002c14    0000004c                                   : cpy_tbl.obj (.text)
                  00002c60    0000004a     sw-increment.obj (.text)
                  00002caa    00000002     --HOLE-- [fill = 0]
                  00002cac    00000048     driverlib.lib : gpio.obj (.text:GPIOPinConfigure)
                  00002cf4    00000048     rtsv7M4_T_le_v4SPD16_eabi.lib : fd_toi_t2.obj (.text)
                  00002d3c    00000046     driverlib.lib : uart.obj (.text:UARTConfigSetExpClk)
                  00002d82    00000002     --HOLE-- [fill = 0]
                  00002d84    00000034                   : interrupt.obj (.text:IntRegister)
                  00002db8    00000034                   : sysctl.obj (.text:SysCtlPeripheralEnable)
                  00002dec    0000002e     rtsv7M4_T_le_v4SPD16_eabi.lib : i_tofd_t2.obj (.text)
                  00002e1a    0000002a     driverlib.lib : gpio.obj (.text:GPIODirModeSet)
                  00002e44    00000020                   : uart.obj (.text:UARTDisable)
                  00002e64    0000001c                   : systick.obj (.text:SysTickIntRegister)
                  00002e80    0000001c     rtsv7M4_T_le_v4SPD16_eabi.lib : memccpy.obj (.text)
                  00002e9c    00000018     driverlib.lib : gpio.obj (.text:GPIOPinTypeGPIOOutput)
                  00002eb4    00000018     rtsv7M4_T_le_v4SPD16_eabi.lib : args_main.obj (.text)
                  00002ecc    00000016                                   : strchr.obj (.text)
                  00002ee2    00000002     --HOLE-- [fill = 0]
                  00002ee4    00000014     driverlib.lib : systick.obj (.text:SysTickEnable)
                  00002ef8    00000014                   : systick.obj (.text:SysTickIntEnable)
                  00002f0c    00000014                   : uart.obj (.text:UARTEnable)
                  00002f20    00000014     rtsv7M4_T_le_v4SPD16_eabi.lib : _lock.obj (.text)
                  00002f34    00000014                                   : s_copysign.obj (.text)
                  00002f48    00000014                                   : strlen.obj (.text)
                  00002f5c    00000012     driverlib.lib : gpio.obj (.text:GPIOPinTypeGPIOInput)
                  00002f6e    00000012                   : gpio.obj (.text:GPIOPinTypeUART)
                  00002f80    00000010                   : systick.obj (.text:SysTickPeriodSet)
                  00002f90    0000000e     rtsv7M4_T_le_v4SPD16_eabi.lib : copy_decompress_none.obj (.text:decompress:none)
                  00002f9e    0000000c                                   : copy_zero_init.obj (.text:decompress:ZI)
                  00002faa    0000000c     tm4c123gh6pm_startup_ccs.obj (.text)
                  00002fb6    0000000a     driverlib.lib : uart.obj (.text:UARTCharGet)
                  00002fc0    0000000a                   : uart.obj (.text:UARTCharPut)
                  00002fca    00000006                   : gpio.obj (.text:GPIOPinRead)
                  00002fd0    00000006                   : gpio.obj (.text:GPIOPinWrite)
                  00002fd6    00000006                   : sysctl.obj (.text:SysCtlDelay)
                  00002fdc    00000004     rtsv7M4_T_le_v4SPD16_eabi.lib : pre_init.obj (.text)

.const     0    00002fe0    00000205     
                  00002fe0    00000101     rtsv7M4_T_le_v4SPD16_eabi.lib : ctype.obj (.const:.string:_ctypes_)
                  000030e1    00000003     --HOLE-- [fill = 0]
                  000030e4    00000090     driverlib.lib : gpio.obj (.const:g_pui32GPIOBaseAddrs)
                  00003174    0000006c                   : sysctl.obj (.const:g_pui32Xtals)
                  000031e0    00000005     main.obj (.const:$P$T0$1)

.cinit     0    000031e8    00000058     
                  000031e8    00000022     (.cinit..data.load) [load image, compression = lzss]
                  0000320a    00000002     --HOLE-- [fill = 0]
                  0000320c    0000000c     (__TI_handler_table)
                  00003218    00000008     (.cinit..bss.load) [load image, compression = zero_init]
                  00003220    00000008     (.cinit..vtable.load) [load image, compression = zero_init]
                  00003228    00000018     (__TI_cinit_table)

.init_array 
*          0    00000000    00000000     UNINITIALIZED

.vtable    0    20000000    0000026c     UNINITIALIZED
                  20000000    0000026c     driverlib.lib : interrupt.obj (.vtable)

.stack     0    2000026c    00000400     UNINITIALIZED
                  2000026c    00000400     --HOLE--

.bss       0    2000066c    00000088     UNINITIALIZED
                  2000066c    00000080     Util.lib : launchpad.obj (.bss:callbackHeap)
                  200006ec    00000004              : launchpad.obj (.bss)
                  200006f0    00000004     sig7digit.obj (.bss)

.data      0    200006f4    00000038     UNINITIALIZED
                  200006f4    0000000c     rtsv7M4_T_le_v4SPD16_eabi.lib : exit.obj (.data:$O1$$)
                  20000700    0000000a     sig7digit.obj (.data)
                  2000070a    00000001     Util.lib : led.obj (.data)
                  2000070b    00000001              : pushbutton.obj (.data)
                  2000070c    00000008     rtsv7M4_T_le_v4SPD16_eabi.lib : _lock.obj (.data:$O1$$)
                  20000714    00000008     Util.lib : launchpad.obj (.data)
                  2000071c    00000005     main.obj (.data:seg7Display)
                  20000721    00000001     main.obj (.data)
                  20000722    00000002     --HOLE--
                  20000724    00000004     rtsv7M4_T_le_v4SPD16_eabi.lib : errno.obj (.data)
                  20000728    00000004                                   : stkdepth_vars.obj (.data)

MODULE SUMMARY

       Module                         code    ro data   rw data
       ------                         ----    -------   -------
    .\
       tm4c123gh6pm_startup_ccs.obj   12      620       0      
       seg7.obj                       508     0         0      
       main.obj                       284     5         6      
       sig7digit.obj                  84      0         14     
       sw-increment.obj               74      0         0      
    +--+------------------------------+-------+---------+---------+
       Total:                         962     625       20     
                                                               
    C:/Users/hsamp/workspace_v8/Util/Debug/Util.lib
       launchpad.obj                  976     0         140    
       uart.obj                       196     0         0      
       led.obj                        156     0         1      
       pushbutton.obj                 140     0         1      
    +--+------------------------------+-------+---------+---------+
       Total:                         1468    0         142    
                                                               
    C:/ti/TivaWare_C_Series-2.1.4.178/driverlib/ccs/Debug/driverlib.lib
       sysctl.obj                     574     108       0      
       interrupt.obj                  52      0         620    
       gpio.obj                       492     144       0      
       uart.obj                       142     0         0      
       systick.obj                    84      0         0      
    +--+------------------------------+-------+---------+---------+
       Total:                         1344    252       620    
                                                               
    C:\ti\ccsv7\tools\compiler\ti-cgt-arm_16.9.6.LTS\lib\rtsv7M4_T_le_v4SPD16_eabi.lib
       _printfi.obj                   4414    0         0      
       ull_div_t2.obj                 500     0         0      
       fd_add_t2.obj                  438     0         0      
       fd_div_t2.obj                  310     0         0      
       fd_cmp_t2.obj                  268     0         0      
       ctype.obj                      0       257       0      
       fd_mul_t2.obj                  252     0         0      
       s_scalbn.obj                   252     0         0      
       memcpy_t2.obj                  156     0         0      
       vsnprintf.obj                  136     0         0      
       memset_t2.obj                  122     0         0      
       autoinit.obj                   112     0         0      
       copy_decompress_lzss.obj       104     0         0      
       s_frexp.obj                    100     0         0      
       exit.obj                       84      0         12     
       boot.obj                       84      0         0      
       ltoa.obj                       84      0         0      
       atoi.obj                       76      0         0      
       cpy_tbl.obj                    76      0         0      
       fd_toi_t2.obj                  72      0         0      
       i_tofd_t2.obj                  46      0         0      
       _lock.obj                      20      0         8      
       memccpy.obj                    28      0         0      
       args_main.obj                  24      0         0      
       strchr.obj                     22      0         0      
       s_copysign.obj                 20      0         0      
       strlen.obj                     20      0         0      
       copy_decompress_none.obj       14      0         0      
       copy_zero_init.obj             12      0         0      
       errno.obj                      0       0         4      
       pre_init.obj                   4       0         0      
       stkdepth_vars.obj              0       0         4      
       mpu_init.obj                   2       0         0      
       startup.obj                    2       0         0      
    +--+------------------------------+-------+---------+---------+
       Total:                         7854    257       28     
                                                               
       Stack:                         0       0         1024   
       Linker Generated:              0       86        0      
    +--+------------------------------+-------+---------+---------+
       Grand Total:                   11628   1220      1834   


LINKER GENERATED COPY TABLES

__TI_cinit_table @ 00003228 records: 3, size/record: 8, table size: 24
	.data: load addr=000031e8, load size=00000022 bytes, run addr=200006f4, run size=00000038 bytes, compression=lzss
	.bss: load addr=00003218, load size=00000008 bytes, run addr=2000066c, run size=00000088 bytes, compression=zero_init
	.vtable: load addr=00003220, load size=00000008 bytes, run addr=20000000, run size=0000026c bytes, compression=zero_init


LINKER GENERATED HANDLER TABLE

__TI_handler_table @ 0000320c records: 3, size/record: 4, table size: 12
	index: 0, handler: __TI_zero_init
	index: 1, handler: __TI_decompress_lzss
	index: 2, handler: __TI_decompress_none


GLOBAL SYMBOLS: SORTED ALPHABETICALLY BY Name 

address   name                           
-------   ----                           
00002acd  C$$EXIT                        
00002e1b  GPIODirModeSet                 
00001e59  GPIOPadConfigSet               
00002cad  GPIOPinConfigure               
00002fcb  GPIOPinRead                    
00002f5d  GPIOPinTypeGPIOInput           
00002e9d  GPIOPinTypeGPIOOutput          
00002f6f  GPIOPinTypeUART                
00002fd1  GPIOPinWrite                   
00002d85  IntRegister                    
00002fab  ResetISR                       
UNDEFED   SHT$$INIT_ARRAY$$Base          
UNDEFED   SHT$$INIT_ARRAY$$Limit         
000020a9  SysCtlClockGet                 
000023b1  SysCtlClockSet                 
00002fd7  SysCtlDelay                    
00002db9  SysCtlPeripheralEnable         
00002ee5  SysTickEnable                  
00002ef9  SysTickIntEnable               
00002e65  SysTickIntRegister             
00002f81  SysTickPeriodSet               
00002fb7  UARTCharGet                    
00002fc1  UARTCharPut                    
00002d3d  UARTConfigSetExpClk            
00002e45  UARTDisable                    
00002f0d  UARTEnable                     
2000066c  __STACK_END                    
00000400  __STACK_SIZE                   
2000046c  __STACK_TOP                    
00003228  __TI_CINIT_Base                
00003240  __TI_CINIT_Limit               
0000320c  __TI_Handler_Table_Base        
00003218  __TI_Handler_Table_Limit       
0000293d  __TI_auto_init                 
200006f4  __TI_cleanup_ptr               
000029ad  __TI_decompress_lzss           
00002f91  __TI_decompress_none           
200006f8  __TI_dtors_ptr                 
200006fc  __TI_enable_exit_profile_output
ffffffff  __TI_pprof_out_hndl            
00000ab1  __TI_printfi                   
ffffffff  __TI_prof_data_size            
ffffffff  __TI_prof_data_start           
00000000  __TI_static_base__             
00002f9f  __TI_zero_init                 
000027b5  __aeabi_cdcmpeq                
000027b5  __aeabi_cdcmple                
0000283b  __aeabi_cdrcmple               
00002cf5  __aeabi_d2iz                   
00001b77  __aeabi_dadd                   
00001d23  __aeabi_ddiv                   
000021b9  __aeabi_dmul                   
00001b6d  __aeabi_dsub                   
00002ded  __aeabi_i2d                    
000028c1  __aeabi_memclr                 
000028c1  __aeabi_memclr4                
000028c1  __aeabi_memclr8                
00002605  __aeabi_memcpy                 
00002605  __aeabi_memcpy4                
00002605  __aeabi_memcpy8                
000028c3  __aeabi_memset                 
000028c3  __aeabi_memset4                
000028c3  __aeabi_memset8                
00001979  __aeabi_uldivmod               
ffffffff  __binit__                      
ffffffff  __c_args__                     
000013ab  __mpu_init                     
2000026c  __stack                        
00002eb5  _args_main                     
00002a79  _c_int00                       
00002fe0  _ctypes_                       
2000070c  _lock                          
00002f2f  _nop                           
00002f27  _register_lock                 
00002f21  _register_unlock               
00001f8b  _system_post_cinit             
00002fdd  _system_pre_init               
20000710  _unlock                        
00002ad1  abort                          
00002bc9  atoi                           
ffffffff  binit                          
00001fdd  checkPushButton                
00002c15  copy_in                        
00002f35  copysign                       
00002f35  copysignl                      
20000724  errno                          
00002ad9  exit                           
00002a15  frexp                          
00002a15  frexpl                         
20000000  g_pfnRAMVectors                
00000000  g_pfnVectors                   
000022b5  ldexp                          
000022b5  ldexpl                         
0000258b  ledInit                        
00002569  ledInitForced                  
0000259f  ledTurnOnOff                   
000016b7  lpInit                         
00002b21  ltoa                           
00002047  main                           
20000728  main_func_sp                   
00002e81  memccpy                        
00002605  memcpy                         
000028c9  memset                         
000026d5  pbInit                         
000026a1  pbInitForced                   
000026e9  pbRead                         
000022b5  scalbn                         
000022b5  scalbnl                        
000014db  schdCallback                   
00001555  schdExecute                    
00002b7d  seg7DigitUpdate                
2000071c  seg7Display                    
0000177d  seg7Init                       
00001909  seg7Update                     
00002c61  stopWatchIncrement             
00001f8d  stopWatchUpdate                
00002ecd  strchr                         
00002f49  strlen                         
20000721  sysState                       
0000143f  sysTimeGet                     
00001445  sysTimeReached                 
0000146b  sysTimeWait                    
0000148f  sysTimeWaitAbsolute            
000024f1  uartGetChar                    
000024a5  uartInit                       
000024df  uartPutChar                    
00002503  uartPutString                  
0000252f  uprintf                        
0000272d  vsnprintf                      
00001659  waitMs                         
00001689  waitUs                         


GLOBAL SYMBOLS: SORTED BY Symbol Address 

address   name                           
-------   ----                           
00000000  __TI_static_base__             
00000000  g_pfnVectors                   
00000400  __STACK_SIZE                   
00000ab1  __TI_printfi                   
000013ab  __mpu_init                     
0000143f  sysTimeGet                     
00001445  sysTimeReached                 
0000146b  sysTimeWait                    
0000148f  sysTimeWaitAbsolute            
000014db  schdCallback                   
00001555  schdExecute                    
00001659  waitMs                         
00001689  waitUs                         
000016b7  lpInit                         
0000177d  seg7Init                       
00001909  seg7Update                     
00001979  __aeabi_uldivmod               
00001b6d  __aeabi_dsub                   
00001b77  __aeabi_dadd                   
00001d23  __aeabi_ddiv                   
00001e59  GPIOPadConfigSet               
00001f8b  _system_post_cinit             
00001f8d  stopWatchUpdate                
00001fdd  checkPushButton                
00002047  main                           
000020a9  SysCtlClockGet                 
000021b9  __aeabi_dmul                   
000022b5  ldexp                          
000022b5  ldexpl                         
000022b5  scalbn                         
000022b5  scalbnl                        
000023b1  SysCtlClockSet                 
000024a5  uartInit                       
000024df  uartPutChar                    
000024f1  uartGetChar                    
00002503  uartPutString                  
0000252f  uprintf                        
00002569  ledInitForced                  
0000258b  ledInit                        
0000259f  ledTurnOnOff                   
00002605  __aeabi_memcpy                 
00002605  __aeabi_memcpy4                
00002605  __aeabi_memcpy8                
00002605  memcpy                         
000026a1  pbInitForced                   
000026d5  pbInit                         
000026e9  pbRead                         
0000272d  vsnprintf                      
000027b5  __aeabi_cdcmpeq                
000027b5  __aeabi_cdcmple                
0000283b  __aeabi_cdrcmple               
000028c1  __aeabi_memclr                 
000028c1  __aeabi_memclr4                
000028c1  __aeabi_memclr8                
000028c3  __aeabi_memset                 
000028c3  __aeabi_memset4                
000028c3  __aeabi_memset8                
000028c9  memset                         
0000293d  __TI_auto_init                 
000029ad  __TI_decompress_lzss           
00002a15  frexp                          
00002a15  frexpl                         
00002a79  _c_int00                       
00002acd  C$$EXIT                        
00002ad1  abort                          
00002ad9  exit                           
00002b21  ltoa                           
00002b7d  seg7DigitUpdate                
00002bc9  atoi                           
00002c15  copy_in                        
00002c61  stopWatchIncrement             
00002cad  GPIOPinConfigure               
00002cf5  __aeabi_d2iz                   
00002d3d  UARTConfigSetExpClk            
00002d85  IntRegister                    
00002db9  SysCtlPeripheralEnable         
00002ded  __aeabi_i2d                    
00002e1b  GPIODirModeSet                 
00002e45  UARTDisable                    
00002e65  SysTickIntRegister             
00002e81  memccpy                        
00002e9d  GPIOPinTypeGPIOOutput          
00002eb5  _args_main                     
00002ecd  strchr                         
00002ee5  SysTickEnable                  
00002ef9  SysTickIntEnable               
00002f0d  UARTEnable                     
00002f21  _register_unlock               
00002f27  _register_lock                 
00002f2f  _nop                           
00002f35  copysign                       
00002f35  copysignl                      
00002f49  strlen                         
00002f5d  GPIOPinTypeGPIOInput           
00002f6f  GPIOPinTypeUART                
00002f81  SysTickPeriodSet               
00002f91  __TI_decompress_none           
00002f9f  __TI_zero_init                 
00002fab  ResetISR                       
00002fb7  UARTCharGet                    
00002fc1  UARTCharPut                    
00002fcb  GPIOPinRead                    
00002fd1  GPIOPinWrite                   
00002fd7  SysCtlDelay                    
00002fdd  _system_pre_init               
00002fe0  _ctypes_                       
0000320c  __TI_Handler_Table_Base        
00003218  __TI_Handler_Table_Limit       
00003228  __TI_CINIT_Base                
00003240  __TI_CINIT_Limit               
20000000  g_pfnRAMVectors                
2000026c  __stack                        
2000046c  __STACK_TOP                    
2000066c  __STACK_END                    
200006f4  __TI_cleanup_ptr               
200006f8  __TI_dtors_ptr                 
200006fc  __TI_enable_exit_profile_output
2000070c  _lock                          
20000710  _unlock                        
2000071c  seg7Display                    
20000721  sysState                       
20000724  errno                          
20000728  main_func_sp                   
ffffffff  __TI_pprof_out_hndl            
ffffffff  __TI_prof_data_size            
ffffffff  __TI_prof_data_start           
ffffffff  __binit__                      
ffffffff  __c_args__                     
ffffffff  binit                          
UNDEFED   SHT$$INIT_ARRAY$$Base          
UNDEFED   SHT$$INIT_ARRAY$$Limit         

[131 symbols]
