<?xml version="1.0"?>
<link_info>
   <banner>TI ARM Linker PC v16.9.6.LTS</banner>
   <copyright>Copyright (c) 1996-2017 Texas Instruments Incorporated</copyright>
   <link_time>0x5a7fa2d9</link_time>
   <link_errors>0x0</link_errors>
   <output_file>Lab3.out</output_file>
   <entry_point>
      <name>_c_int00</name>
      <address>0x2a79</address>
   </entry_point>
   <input_file_list>
      <input_file id="fl-2">
         <path>.\</path>
         <kind>object</kind>
         <file>main.obj</file>
         <name>main.obj</name>
      </input_file>
      <input_file id="fl-3">
         <path>.\</path>
         <kind>object</kind>
         <file>seg7.obj</file>
         <name>seg7.obj</name>
      </input_file>
      <input_file id="fl-4">
         <path>.\</path>
         <kind>object</kind>
         <file>sig7digit.obj</file>
         <name>sig7digit.obj</name>
      </input_file>
      <input_file id="fl-5">
         <path>.\</path>
         <kind>object</kind>
         <file>sw-increment.obj</file>
         <name>sw-increment.obj</name>
      </input_file>
      <input_file id="fl-6">
         <path>.\</path>
         <kind>object</kind>
         <file>tm4c123gh6pm_startup_ccs.obj</file>
         <name>tm4c123gh6pm_startup_ccs.obj</name>
      </input_file>
      <input_file id="fl-c">
         <kind>object</kind>
         <file>&lt;internal&gt;</file>
         <name>&lt;internal&gt;</name>
      </input_file>
      <input_file id="fl-c2">
         <path>C:\ti\ccsv7\tools\compiler\ti-cgt-arm_16.9.6.LTS\lib\</path>
         <kind>archive</kind>
         <file>rtsv7M4_T_le_v4SPD16_eabi.lib</file>
         <name>boot.obj</name>
      </input_file>
      <input_file id="fl-c3">
         <path>C:\ti\ccsv7\tools\compiler\ti-cgt-arm_16.9.6.LTS\lib\</path>
         <kind>archive</kind>
         <file>rtsv7M4_T_le_v4SPD16_eabi.lib</file>
         <name>copy_decompress_lzss.obj</name>
      </input_file>
      <input_file id="fl-c4">
         <path>C:\ti\ccsv7\tools\compiler\ti-cgt-arm_16.9.6.LTS\lib\</path>
         <kind>archive</kind>
         <file>rtsv7M4_T_le_v4SPD16_eabi.lib</file>
         <name>copy_decompress_none.obj</name>
      </input_file>
      <input_file id="fl-c5">
         <path>C:\ti\ccsv7\tools\compiler\ti-cgt-arm_16.9.6.LTS\lib\</path>
         <kind>archive</kind>
         <file>rtsv7M4_T_le_v4SPD16_eabi.lib</file>
         <name>copy_zero_init.obj</name>
      </input_file>
      <input_file id="fl-c6">
         <path>C:\ti\ccsv7\tools\compiler\ti-cgt-arm_16.9.6.LTS\lib\</path>
         <kind>archive</kind>
         <file>rtsv7M4_T_le_v4SPD16_eabi.lib</file>
         <name>exit.obj</name>
      </input_file>
      <input_file id="fl-c7">
         <path>C:\ti\ccsv7\tools\compiler\ti-cgt-arm_16.9.6.LTS\lib\</path>
         <kind>archive</kind>
         <file>rtsv7M4_T_le_v4SPD16_eabi.lib</file>
         <name>memcpy_t2.obj</name>
      </input_file>
      <input_file id="fl-c8">
         <path>C:\ti\ccsv7\tools\compiler\ti-cgt-arm_16.9.6.LTS\lib\</path>
         <kind>archive</kind>
         <file>rtsv7M4_T_le_v4SPD16_eabi.lib</file>
         <name>memset_t2.obj</name>
      </input_file>
      <input_file id="fl-c9">
         <path>C:\ti\ccsv7\tools\compiler\ti-cgt-arm_16.9.6.LTS\lib\</path>
         <kind>archive</kind>
         <file>rtsv7M4_T_le_v4SPD16_eabi.lib</file>
         <name>mpu_init.obj</name>
      </input_file>
      <input_file id="fl-ca">
         <path>C:\ti\ccsv7\tools\compiler\ti-cgt-arm_16.9.6.LTS\lib\</path>
         <kind>archive</kind>
         <file>rtsv7M4_T_le_v4SPD16_eabi.lib</file>
         <name>pre_init.obj</name>
      </input_file>
      <input_file id="fl-cb">
         <path>C:\ti\ccsv7\tools\compiler\ti-cgt-arm_16.9.6.LTS\lib\</path>
         <kind>archive</kind>
         <file>rtsv7M4_T_le_v4SPD16_eabi.lib</file>
         <name>stkdepth_vars.obj</name>
      </input_file>
      <input_file id="fl-cc">
         <path>C:\ti\ccsv7\tools\compiler\ti-cgt-arm_16.9.6.LTS\lib\</path>
         <kind>archive</kind>
         <file>rtsv7M4_T_le_v4SPD16_eabi.lib</file>
         <name>_lock.obj</name>
      </input_file>
      <input_file id="fl-cd">
         <path>C:\ti\ccsv7\tools\compiler\ti-cgt-arm_16.9.6.LTS\lib\</path>
         <kind>archive</kind>
         <file>rtsv7M4_T_le_v4SPD16_eabi.lib</file>
         <name>args_main.obj</name>
      </input_file>
      <input_file id="fl-ce">
         <path>C:\ti\ccsv7\tools\compiler\ti-cgt-arm_16.9.6.LTS\lib\</path>
         <kind>archive</kind>
         <file>rtsv7M4_T_le_v4SPD16_eabi.lib</file>
         <name>autoinit.obj</name>
      </input_file>
      <input_file id="fl-cf">
         <path>C:\ti\ccsv7\tools\compiler\ti-cgt-arm_16.9.6.LTS\lib\</path>
         <kind>archive</kind>
         <file>rtsv7M4_T_le_v4SPD16_eabi.lib</file>
         <name>cpy_tbl.obj</name>
      </input_file>
      <input_file id="fl-d0">
         <path>C:\ti\ccsv7\tools\compiler\ti-cgt-arm_16.9.6.LTS\lib\</path>
         <kind>archive</kind>
         <file>rtsv7M4_T_le_v4SPD16_eabi.lib</file>
         <name>startup.obj</name>
      </input_file>
      <input_file id="fl-d1">
         <path>C:\ti\TivaWare_C_Series-2.1.4.178\driverlib\ccs\Debug\</path>
         <kind>archive</kind>
         <file>driverlib.lib</file>
         <name>gpio.obj</name>
      </input_file>
      <input_file id="fl-d2">
         <path>C:\ti\TivaWare_C_Series-2.1.4.178\driverlib\ccs\Debug\</path>
         <kind>archive</kind>
         <file>driverlib.lib</file>
         <name>interrupt.obj</name>
      </input_file>
      <input_file id="fl-d3">
         <path>C:\ti\TivaWare_C_Series-2.1.4.178\driverlib\ccs\Debug\</path>
         <kind>archive</kind>
         <file>driverlib.lib</file>
         <name>sysctl.obj</name>
      </input_file>
      <input_file id="fl-d4">
         <path>C:\ti\TivaWare_C_Series-2.1.4.178\driverlib\ccs\Debug\</path>
         <kind>archive</kind>
         <file>driverlib.lib</file>
         <name>cpu.obj</name>
      </input_file>
      <input_file id="fl-d5">
         <path>C:\Users\hsamp\workspace_v8\Util\Debug\</path>
         <kind>archive</kind>
         <file>Util.lib</file>
         <name>launchpad.obj</name>
      </input_file>
      <input_file id="fl-d6">
         <path>C:\Users\hsamp\workspace_v8\Util\Debug\</path>
         <kind>archive</kind>
         <file>Util.lib</file>
         <name>led.obj</name>
      </input_file>
      <input_file id="fl-d7">
         <path>C:\Users\hsamp\workspace_v8\Util\Debug\</path>
         <kind>archive</kind>
         <file>Util.lib</file>
         <name>pushbutton.obj</name>
      </input_file>
      <input_file id="fl-d8">
         <path>C:\Users\hsamp\workspace_v8\Util\Debug\</path>
         <kind>archive</kind>
         <file>Util.lib</file>
         <name>uart.obj</name>
      </input_file>
      <input_file id="fl-d9">
         <path>C:\ti\ccsv7\tools\compiler\ti-cgt-arm_16.9.6.LTS\lib\</path>
         <kind>archive</kind>
         <file>rtsv7M4_T_le_v4SPD16_eabi.lib</file>
         <name>ull_div_t2.obj</name>
      </input_file>
      <input_file id="fl-da">
         <path>C:\ti\ccsv7\tools\compiler\ti-cgt-arm_16.9.6.LTS\lib\</path>
         <kind>archive</kind>
         <file>rtsv7M4_T_le_v4SPD16_eabi.lib</file>
         <name>vsnprintf.obj</name>
      </input_file>
      <input_file id="fl-db">
         <path>C:\ti\ccsv7\tools\compiler\ti-cgt-arm_16.9.6.LTS\lib\</path>
         <kind>archive</kind>
         <file>rtsv7M4_T_le_v4SPD16_eabi.lib</file>
         <name>_printfi.obj</name>
      </input_file>
      <input_file id="fl-dc">
         <path>C:\ti\ccsv7\tools\compiler\ti-cgt-arm_16.9.6.LTS\lib\</path>
         <kind>archive</kind>
         <file>rtsv7M4_T_le_v4SPD16_eabi.lib</file>
         <name>atoi.obj</name>
      </input_file>
      <input_file id="fl-dd">
         <path>C:\ti\ccsv7\tools\compiler\ti-cgt-arm_16.9.6.LTS\lib\</path>
         <kind>archive</kind>
         <file>rtsv7M4_T_le_v4SPD16_eabi.lib</file>
         <name>ctype.obj</name>
      </input_file>
      <input_file id="fl-de">
         <path>C:\ti\ccsv7\tools\compiler\ti-cgt-arm_16.9.6.LTS\lib\</path>
         <kind>archive</kind>
         <file>rtsv7M4_T_le_v4SPD16_eabi.lib</file>
         <name>fd_add_t2.obj</name>
      </input_file>
      <input_file id="fl-df">
         <path>C:\ti\ccsv7\tools\compiler\ti-cgt-arm_16.9.6.LTS\lib\</path>
         <kind>archive</kind>
         <file>rtsv7M4_T_le_v4SPD16_eabi.lib</file>
         <name>fd_cmp_t2.obj</name>
      </input_file>
      <input_file id="fl-e0">
         <path>C:\ti\ccsv7\tools\compiler\ti-cgt-arm_16.9.6.LTS\lib\</path>
         <kind>archive</kind>
         <file>rtsv7M4_T_le_v4SPD16_eabi.lib</file>
         <name>fd_div_t2.obj</name>
      </input_file>
      <input_file id="fl-e1">
         <path>C:\ti\ccsv7\tools\compiler\ti-cgt-arm_16.9.6.LTS\lib\</path>
         <kind>archive</kind>
         <file>rtsv7M4_T_le_v4SPD16_eabi.lib</file>
         <name>fd_mul_t2.obj</name>
      </input_file>
      <input_file id="fl-e2">
         <path>C:\ti\ccsv7\tools\compiler\ti-cgt-arm_16.9.6.LTS\lib\</path>
         <kind>archive</kind>
         <file>rtsv7M4_T_le_v4SPD16_eabi.lib</file>
         <name>fd_toi_t2.obj</name>
      </input_file>
      <input_file id="fl-e3">
         <path>C:\ti\ccsv7\tools\compiler\ti-cgt-arm_16.9.6.LTS\lib\</path>
         <kind>archive</kind>
         <file>rtsv7M4_T_le_v4SPD16_eabi.lib</file>
         <name>i_tofd_t2.obj</name>
      </input_file>
      <input_file id="fl-e4">
         <path>C:\ti\ccsv7\tools\compiler\ti-cgt-arm_16.9.6.LTS\lib\</path>
         <kind>archive</kind>
         <file>rtsv7M4_T_le_v4SPD16_eabi.lib</file>
         <name>ltoa.obj</name>
      </input_file>
      <input_file id="fl-e5">
         <path>C:\ti\ccsv7\tools\compiler\ti-cgt-arm_16.9.6.LTS\lib\</path>
         <kind>archive</kind>
         <file>rtsv7M4_T_le_v4SPD16_eabi.lib</file>
         <name>memccpy.obj</name>
      </input_file>
      <input_file id="fl-e6">
         <path>C:\ti\ccsv7\tools\compiler\ti-cgt-arm_16.9.6.LTS\lib\</path>
         <kind>archive</kind>
         <file>rtsv7M4_T_le_v4SPD16_eabi.lib</file>
         <name>s_frexp.obj</name>
      </input_file>
      <input_file id="fl-e7">
         <path>C:\ti\ccsv7\tools\compiler\ti-cgt-arm_16.9.6.LTS\lib\</path>
         <kind>archive</kind>
         <file>rtsv7M4_T_le_v4SPD16_eabi.lib</file>
         <name>s_scalbn.obj</name>
      </input_file>
      <input_file id="fl-e8">
         <path>C:\ti\ccsv7\tools\compiler\ti-cgt-arm_16.9.6.LTS\lib\</path>
         <kind>archive</kind>
         <file>rtsv7M4_T_le_v4SPD16_eabi.lib</file>
         <name>strchr.obj</name>
      </input_file>
      <input_file id="fl-e9">
         <path>C:\ti\ccsv7\tools\compiler\ti-cgt-arm_16.9.6.LTS\lib\</path>
         <kind>archive</kind>
         <file>rtsv7M4_T_le_v4SPD16_eabi.lib</file>
         <name>strlen.obj</name>
      </input_file>
      <input_file id="fl-ea">
         <path>C:\ti\ccsv7\tools\compiler\ti-cgt-arm_16.9.6.LTS\lib\</path>
         <kind>archive</kind>
         <file>rtsv7M4_T_le_v4SPD16_eabi.lib</file>
         <name>errno.obj</name>
      </input_file>
      <input_file id="fl-eb">
         <path>C:\ti\ccsv7\tools\compiler\ti-cgt-arm_16.9.6.LTS\lib\</path>
         <kind>archive</kind>
         <file>rtsv7M4_T_le_v4SPD16_eabi.lib</file>
         <name>s_copysign.obj</name>
      </input_file>
      <input_file id="fl-ec">
         <path>C:\ti\TivaWare_C_Series-2.1.4.178\driverlib\ccs\Debug\</path>
         <kind>archive</kind>
         <file>driverlib.lib</file>
         <name>systick.obj</name>
      </input_file>
      <input_file id="fl-ed">
         <path>C:\ti\TivaWare_C_Series-2.1.4.178\driverlib\ccs\Debug\</path>
         <kind>archive</kind>
         <file>driverlib.lib</file>
         <name>uart.obj</name>
      </input_file>
   </input_file_list>
   <object_component_list>
      <object_component id="oc-f">
         <name>.intvecs</name>
         <load_address>0x0</load_address>
         <run_address>0x0</run_address>
         <size>0x26c</size>
         <input_file_ref idref="fl-6"/>
      </object_component>
      <object_component id="oc-20c">
         <name>.text</name>
         <load_address>0x26c</load_address>
         <run_address>0x26c</run_address>
         <size>0x113e</size>
         <input_file_ref idref="fl-db"/>
      </object_component>
      <object_component id="oc-57">
         <name>.text</name>
         <load_address>0x13aa</load_address>
         <run_address>0x13aa</run_address>
         <size>0x2</size>
         <input_file_ref idref="fl-c9"/>
      </object_component>
      <object_component id="oc-da">
         <name>.text</name>
         <load_address>0x13ac</load_address>
         <run_address>0x13ac</run_address>
         <size>0x3d0</size>
         <input_file_ref idref="fl-d5"/>
      </object_component>
      <object_component id="oc-e6">
         <name>.text</name>
         <load_address>0x177c</load_address>
         <run_address>0x177c</run_address>
         <size>0x1fc</size>
         <input_file_ref idref="fl-3"/>
      </object_component>
      <object_component id="oc-12c">
         <name>.text</name>
         <load_address>0x1978</load_address>
         <run_address>0x1978</run_address>
         <size>0x1f4</size>
         <input_file_ref idref="fl-d9"/>
      </object_component>
      <object_component id="oc-26c">
         <name>.text</name>
         <load_address>0x1b6c</load_address>
         <run_address>0x1b6c</run_address>
         <size>0x1b6</size>
         <input_file_ref idref="fl-de"/>
      </object_component>
      <object_component id="oc-252">
         <name>.text</name>
         <load_address>0x1d22</load_address>
         <run_address>0x1d22</run_address>
         <size>0x136</size>
         <input_file_ref idref="fl-e0"/>
      </object_component>
      <object_component id="oc-16d">
         <name>.text:GPIOPadConfigSet</name>
         <load_address>0x1e58</load_address>
         <run_address>0x1e58</run_address>
         <size>0x132</size>
         <input_file_ref idref="fl-d1"/>
      </object_component>
      <object_component id="oc-9f">
         <name>.text</name>
         <load_address>0x1f8a</load_address>
         <run_address>0x1f8a</run_address>
         <size>0x2</size>
         <input_file_ref idref="fl-d0"/>
      </object_component>
      <object_component id="oc-a7">
         <name>.text</name>
         <load_address>0x1f8c</load_address>
         <run_address>0x1f8c</run_address>
         <size>0x11c</size>
         <input_file_ref idref="fl-2"/>
      </object_component>
      <object_component id="oc-138">
         <name>.text:SysCtlClockGet</name>
         <load_address>0x20a8</load_address>
         <run_address>0x20a8</run_address>
         <size>0x110</size>
         <input_file_ref idref="fl-d3"/>
      </object_component>
      <object_component id="oc-24d">
         <name>.text</name>
         <load_address>0x21b8</load_address>
         <run_address>0x21b8</run_address>
         <size>0xfc</size>
         <input_file_ref idref="fl-e1"/>
      </object_component>
      <object_component id="oc-277">
         <name>.text</name>
         <load_address>0x22b4</load_address>
         <run_address>0x22b4</run_address>
         <size>0xfc</size>
         <input_file_ref idref="fl-e7"/>
      </object_component>
      <object_component id="oc-132">
         <name>.text:SysCtlClockSet</name>
         <load_address>0x23b0</load_address>
         <run_address>0x23b0</run_address>
         <size>0xf4</size>
         <input_file_ref idref="fl-d3"/>
      </object_component>
      <object_component id="oc-ec">
         <name>.text</name>
         <load_address>0x24a4</load_address>
         <run_address>0x24a4</run_address>
         <size>0xc4</size>
         <input_file_ref idref="fl-d8"/>
      </object_component>
      <object_component id="oc-156">
         <name>.text</name>
         <load_address>0x2568</load_address>
         <run_address>0x2568</run_address>
         <size>0x9c</size>
         <input_file_ref idref="fl-d6"/>
      </object_component>
      <object_component id="oc-3f">
         <name>.text</name>
         <load_address>0x2604</load_address>
         <run_address>0x2604</run_address>
         <size>0x9c</size>
         <input_file_ref idref="fl-c7"/>
      </object_component>
      <object_component id="oc-e0">
         <name>.text</name>
         <load_address>0x26a0</load_address>
         <run_address>0x26a0</run_address>
         <size>0x8c</size>
         <input_file_ref idref="fl-d7"/>
      </object_component>
      <object_component id="oc-1a9">
         <name>.text</name>
         <load_address>0x272c</load_address>
         <run_address>0x272c</run_address>
         <size>0x88</size>
         <input_file_ref idref="fl-da"/>
      </object_component>
      <object_component id="oc-248">
         <name>.text:__aeabi_cdcmple</name>
         <load_address>0x27b4</load_address>
         <run_address>0x27b4</run_address>
         <size>0x86</size>
         <input_file_ref idref="fl-df"/>
      </object_component>
      <object_component id="oc-257">
         <name>.text:__aeabi_cdrcmple</name>
         <load_address>0x283a</load_address>
         <run_address>0x283a</run_address>
         <size>0x86</size>
         <input_file_ref idref="fl-df"/>
      </object_component>
      <object_component id="oc-4b">
         <name>.text</name>
         <load_address>0x28c0</load_address>
         <run_address>0x28c0</run_address>
         <size>0x7a</size>
         <input_file_ref idref="fl-c8"/>
      </object_component>
      <object_component id="oc-63">
         <name>.text</name>
         <load_address>0x293c</load_address>
         <run_address>0x293c</run_address>
         <size>0x70</size>
         <input_file_ref idref="fl-ce"/>
      </object_component>
      <object_component id="oc-12">
         <name>.text:decompress:lzss</name>
         <load_address>0x29ac</load_address>
         <run_address>0x29ac</run_address>
         <size>0x68</size>
         <input_file_ref idref="fl-c3"/>
      </object_component>
      <object_component id="oc-271">
         <name>.text</name>
         <load_address>0x2a14</load_address>
         <run_address>0x2a14</run_address>
         <size>0x64</size>
         <input_file_ref idref="fl-e6"/>
      </object_component>
      <object_component id="oc-24">
         <name>.text</name>
         <load_address>0x2a78</load_address>
         <run_address>0x2a78</run_address>
         <size>0x54</size>
         <input_file_ref idref="fl-c2"/>
      </object_component>
      <object_component id="oc-6f">
         <name>.text</name>
         <load_address>0x2acc</load_address>
         <run_address>0x2acc</run_address>
         <size>0x54</size>
         <input_file_ref idref="fl-c6"/>
      </object_component>
      <object_component id="oc-261">
         <name>.text</name>
         <load_address>0x2b20</load_address>
         <run_address>0x2b20</run_address>
         <size>0x54</size>
         <input_file_ref idref="fl-e4"/>
      </object_component>
      <object_component id="oc-d5">
         <name>.text</name>
         <load_address>0x2b74</load_address>
         <run_address>0x2b74</run_address>
         <size>0x54</size>
         <input_file_ref idref="fl-4"/>
      </object_component>
      <object_component id="oc-283">
         <name>.text</name>
         <load_address>0x2bc8</load_address>
         <run_address>0x2bc8</run_address>
         <size>0x4c</size>
         <input_file_ref idref="fl-dc"/>
      </object_component>
      <object_component id="oc-99">
         <name>.text</name>
         <load_address>0x2c14</load_address>
         <run_address>0x2c14</run_address>
         <size>0x4c</size>
         <input_file_ref idref="fl-cf"/>
      </object_component>
      <object_component id="oc-d0">
         <name>.text</name>
         <load_address>0x2c60</load_address>
         <run_address>0x2c60</run_address>
         <size>0x4a</size>
         <input_file_ref idref="fl-5"/>
      </object_component>
      <object_component id="oc-18b">
         <name>.text:GPIOPinConfigure</name>
         <load_address>0x2cac</load_address>
         <run_address>0x2cac</run_address>
         <size>0x48</size>
         <input_file_ref idref="fl-d1"/>
      </object_component>
      <object_component id="oc-25c">
         <name>.text</name>
         <load_address>0x2cf4</load_address>
         <run_address>0x2cf4</run_address>
         <size>0x48</size>
         <input_file_ref idref="fl-e2"/>
      </object_component>
      <object_component id="oc-197">
         <name>.text:UARTConfigSetExpClk</name>
         <load_address>0x2d3c</load_address>
         <run_address>0x2d3c</run_address>
         <size>0x46</size>
         <input_file_ref idref="fl-ed"/>
      </object_component>
      <object_component id="oc-1d1">
         <name>.text:IntRegister</name>
         <load_address>0x2d84</load_address>
         <run_address>0x2d84</run_address>
         <size>0x34</size>
         <input_file_ref idref="fl-d2"/>
      </object_component>
      <object_component id="oc-161">
         <name>.text:SysCtlPeripheralEnable</name>
         <load_address>0x2db8</load_address>
         <run_address>0x2db8</run_address>
         <size>0x34</size>
         <input_file_ref idref="fl-d3"/>
      </object_component>
      <object_component id="oc-267">
         <name>.text</name>
         <load_address>0x2dec</load_address>
         <run_address>0x2dec</run_address>
         <size>0x2e</size>
         <input_file_ref idref="fl-e3"/>
      </object_component>
      <object_component id="oc-17d">
         <name>.text:GPIODirModeSet</name>
         <load_address>0x2e1a</load_address>
         <run_address>0x2e1a</run_address>
         <size>0x2a</size>
         <input_file_ref idref="fl-d1"/>
      </object_component>
      <object_component id="oc-1fc">
         <name>.text:UARTDisable</name>
         <load_address>0x2e44</load_address>
         <run_address>0x2e44</run_address>
         <size>0x20</size>
         <input_file_ref idref="fl-ed"/>
      </object_component>
      <object_component id="oc-144">
         <name>.text:SysTickIntRegister</name>
         <load_address>0x2e64</load_address>
         <run_address>0x2e64</run_address>
         <size>0x1c</size>
         <input_file_ref idref="fl-ec"/>
      </object_component>
      <object_component id="oc-289">
         <name>.text</name>
         <load_address>0x2e80</load_address>
         <run_address>0x2e80</run_address>
         <size>0x1c</size>
         <input_file_ref idref="fl-e5"/>
      </object_component>
      <object_component id="oc-1da">
         <name>.text:GPIOPinTypeGPIOOutput</name>
         <load_address>0x2e9c</load_address>
         <run_address>0x2e9c</run_address>
         <size>0x18</size>
         <input_file_ref idref="fl-d1"/>
      </object_component>
      <object_component id="oc-69">
         <name>.text</name>
         <load_address>0x2eb4</load_address>
         <run_address>0x2eb4</run_address>
         <size>0x18</size>
         <input_file_ref idref="fl-cd"/>
      </object_component>
      <object_component id="oc-27d">
         <name>.text</name>
         <load_address>0x2ecc</load_address>
         <run_address>0x2ecc</run_address>
         <size>0x16</size>
         <input_file_ref idref="fl-e8"/>
      </object_component>
      <object_component id="oc-150">
         <name>.text:SysTickEnable</name>
         <load_address>0x2ee4</load_address>
         <run_address>0x2ee4</run_address>
         <size>0x14</size>
         <input_file_ref idref="fl-ec"/>
      </object_component>
      <object_component id="oc-14a">
         <name>.text:SysTickIntEnable</name>
         <load_address>0x2ef8</load_address>
         <run_address>0x2ef8</run_address>
         <size>0x14</size>
         <input_file_ref idref="fl-ec"/>
      </object_component>
      <object_component id="oc-202">
         <name>.text:UARTEnable</name>
         <load_address>0x2f0c</load_address>
         <run_address>0x2f0c</run_address>
         <size>0x14</size>
         <input_file_ref idref="fl-ed"/>
      </object_component>
      <object_component id="oc-10a">
         <name>.text</name>
         <load_address>0x2f20</load_address>
         <run_address>0x2f20</run_address>
         <size>0x14</size>
         <input_file_ref idref="fl-cc"/>
      </object_component>
      <object_component id="oc-2b3">
         <name>.text</name>
         <load_address>0x2f34</load_address>
         <run_address>0x2f34</run_address>
         <size>0x14</size>
         <input_file_ref idref="fl-eb"/>
      </object_component>
      <object_component id="oc-242">
         <name>.text</name>
         <load_address>0x2f48</load_address>
         <run_address>0x2f48</run_address>
         <size>0x14</size>
         <input_file_ref idref="fl-e9"/>
      </object_component>
      <object_component id="oc-167">
         <name>.text:GPIOPinTypeGPIOInput</name>
         <load_address>0x2f5c</load_address>
         <run_address>0x2f5c</run_address>
         <size>0x12</size>
         <input_file_ref idref="fl-d1"/>
      </object_component>
      <object_component id="oc-191">
         <name>.text:GPIOPinTypeUART</name>
         <load_address>0x2f6e</load_address>
         <run_address>0x2f6e</run_address>
         <size>0x12</size>
         <input_file_ref idref="fl-d1"/>
      </object_component>
      <object_component id="oc-13e">
         <name>.text:SysTickPeriodSet</name>
         <load_address>0x2f80</load_address>
         <run_address>0x2f80</run_address>
         <size>0x10</size>
         <input_file_ref idref="fl-ec"/>
      </object_component>
      <object_component id="oc-18">
         <name>.text:decompress:none</name>
         <load_address>0x2f90</load_address>
         <run_address>0x2f90</run_address>
         <size>0xe</size>
         <input_file_ref idref="fl-c4"/>
      </object_component>
      <object_component id="oc-1e">
         <name>.text:decompress:ZI</name>
         <load_address>0x2f9e</load_address>
         <run_address>0x2f9e</run_address>
         <size>0xc</size>
         <input_file_ref idref="fl-c5"/>
      </object_component>
      <object_component id="oc-2b">
         <name>.text</name>
         <load_address>0x2faa</load_address>
         <run_address>0x2faa</run_address>
         <size>0xc</size>
         <input_file_ref idref="fl-6"/>
      </object_component>
      <object_component id="oc-1a3">
         <name>.text:UARTCharGet</name>
         <load_address>0x2fb6</load_address>
         <run_address>0x2fb6</run_address>
         <size>0xa</size>
         <input_file_ref idref="fl-ed"/>
      </object_component>
      <object_component id="oc-19d">
         <name>.text:UARTCharPut</name>
         <load_address>0x2fc0</load_address>
         <run_address>0x2fc0</run_address>
         <size>0xa</size>
         <input_file_ref idref="fl-ed"/>
      </object_component>
      <object_component id="oc-173">
         <name>.text:GPIOPinRead</name>
         <load_address>0x2fca</load_address>
         <run_address>0x2fca</run_address>
         <size>0x6</size>
         <input_file_ref idref="fl-d1"/>
      </object_component>
      <object_component id="oc-183">
         <name>.text:GPIOPinWrite</name>
         <load_address>0x2fd0</load_address>
         <run_address>0x2fd0</run_address>
         <size>0x6</size>
         <input_file_ref idref="fl-d1"/>
      </object_component>
      <object_component id="oc-131">
         <name>.text:SysCtlDelay</name>
         <load_address>0x2fd6</load_address>
         <run_address>0x2fd6</run_address>
         <size>0x6</size>
         <input_file_ref idref="fl-d3"/>
      </object_component>
      <object_component id="oc-5d">
         <name>.text</name>
         <load_address>0x2fdc</load_address>
         <run_address>0x2fdc</run_address>
         <size>0x4</size>
         <input_file_ref idref="fl-ca"/>
      </object_component>
      <object_component id="oc-2c0">
         <name>.const:.string:_ctypes_</name>
         <load_address>0x2fe0</load_address>
         <run_address>0x2fe0</run_address>
         <size>0x101</size>
         <input_file_ref idref="fl-dd"/>
      </object_component>
      <object_component id="oc-1f7">
         <name>.const:g_pui32GPIOBaseAddrs</name>
         <load_address>0x30e4</load_address>
         <run_address>0x30e4</run_address>
         <size>0x90</size>
         <input_file_ref idref="fl-d1"/>
      </object_component>
      <object_component id="oc-1cb">
         <name>.const:g_pui32Xtals</name>
         <load_address>0x3174</load_address>
         <run_address>0x3174</run_address>
         <size>0x6c</size>
         <input_file_ref idref="fl-d3"/>
      </object_component>
      <object_component id="oc-f8">
         <name>.const:$P$T0$1</name>
         <load_address>0x31e0</load_address>
         <run_address>0x31e0</run_address>
         <size>0x5</size>
         <input_file_ref idref="fl-2"/>
      </object_component>
      <object_component id="oc-306">
         <name>.cinit..data.load</name>
         <load_address>0x31e8</load_address>
         <run_address>0x31e8</run_address>
         <size>0x22</size>
      </object_component>
      <object_component id="oc-303">
         <name>__TI_handler_table</name>
         <load_address>0x320c</load_address>
         <run_address>0x320c</run_address>
         <size>0xc</size>
      </object_component>
      <object_component id="oc-307">
         <name>.cinit..bss.load</name>
         <load_address>0x3218</load_address>
         <run_address>0x3218</run_address>
         <size>0x8</size>
      </object_component>
      <object_component id="oc-305">
         <name>.cinit..vtable.load</name>
         <load_address>0x3220</load_address>
         <run_address>0x3220</run_address>
         <size>0x8</size>
      </object_component>
      <object_component id="oc-304">
         <name>__TI_cinit_table</name>
         <load_address>0x3228</load_address>
         <run_address>0x3228</run_address>
         <size>0x18</size>
      </object_component>
      <object_component id="oc-232">
         <name>.vtable</name>
         <uninitialized>true</uninitialized>
         <run_address>0x20000000</run_address>
         <size>0x26c</size>
         <input_file_ref idref="fl-d2"/>
      </object_component>
      <object_component id="oc-f2">
         <name>.data</name>
         <load_address>0x20000721</load_address>
         <run_address>0x20000721</run_address>
         <size>0x1</size>
         <input_file_ref idref="fl-2"/>
      </object_component>
      <object_component id="oc-f5">
         <name>.data:seg7Display</name>
         <load_address>0x2000071c</load_address>
         <run_address>0x2000071c</run_address>
         <size>0x5</size>
         <input_file_ref idref="fl-2"/>
      </object_component>
      <object_component id="oc-123">
         <name>.data</name>
         <load_address>0x20000700</load_address>
         <run_address>0x20000700</run_address>
         <size>0xa</size>
         <input_file_ref idref="fl-4"/>
      </object_component>
      <object_component id="oc-af">
         <name>.data:$O1$$</name>
         <load_address>0x200006f4</load_address>
         <run_address>0x200006f4</run_address>
         <size>0xc</size>
         <input_file_ref idref="fl-c6"/>
      </object_component>
      <object_component id="oc-75">
         <name>.data</name>
         <load_address>0x20000728</load_address>
         <run_address>0x20000728</run_address>
         <size>0x4</size>
         <input_file_ref idref="fl-cb"/>
      </object_component>
      <object_component id="oc-b2">
         <name>.data:$O1$$</name>
         <load_address>0x2000070c</load_address>
         <run_address>0x2000070c</run_address>
         <size>0x8</size>
         <input_file_ref idref="fl-cc"/>
      </object_component>
      <object_component id="oc-126">
         <name>.data</name>
         <load_address>0x20000714</load_address>
         <run_address>0x20000714</run_address>
         <size>0x8</size>
         <input_file_ref idref="fl-d5"/>
      </object_component>
      <object_component id="oc-1e0">
         <name>.data</name>
         <load_address>0x2000070a</load_address>
         <run_address>0x2000070a</run_address>
         <size>0x1</size>
         <input_file_ref idref="fl-d6"/>
      </object_component>
      <object_component id="oc-179">
         <name>.data</name>
         <load_address>0x2000070b</load_address>
         <run_address>0x2000070b</run_address>
         <size>0x1</size>
         <input_file_ref idref="fl-d7"/>
      </object_component>
      <object_component id="oc-2b9">
         <name>.data</name>
         <load_address>0x20000724</load_address>
         <run_address>0x20000724</run_address>
         <size>0x4</size>
         <input_file_ref idref="fl-ea"/>
      </object_component>
      <object_component id="oc-124">
         <name>.bss</name>
         <uninitialized>true</uninitialized>
         <run_address>0x200006f0</run_address>
         <size>0x4</size>
         <input_file_ref idref="fl-4"/>
      </object_component>
      <object_component id="oc-15c">
         <name>.bss</name>
         <uninitialized>true</uninitialized>
         <run_address>0x200006ec</run_address>
         <size>0x4</size>
         <input_file_ref idref="fl-d5"/>
      </object_component>
      <object_component id="oc-129">
         <name>.bss:callbackHeap</name>
         <uninitialized>true</uninitialized>
         <run_address>0x2000066c</run_address>
         <size>0x80</size>
         <input_file_ref idref="fl-d5"/>
      </object_component>
      <object_component id="oc-2a">
         <name>.stack</name>
         <uninitialized>true</uninitialized>
         <run_address>0x2000026c</run_address>
         <size>0x0</size>
         <input_file_ref idref="fl-c2"/>
      </object_component>
      <object_component id="oc-308">
         <name>.stack</name>
         <uninitialized>true</uninitialized>
         <run_address>0x2000026c</run_address>
         <size>0x0</size>
      </object_component>
      <object_component id="oc-1c0">
         <name>.debug_info</name>
         <load_address>0x0</load_address>
         <run_address>0x0</run_address>
         <size>0x38b</size>
         <input_file_ref idref="fl-2"/>
      </object_component>
      <object_component id="oc-f3">
         <name>.debug_info</name>
         <load_address>0x38b</load_address>
         <run_address>0x38b</run_address>
         <size>0xc3</size>
         <input_file_ref idref="fl-2"/>
      </object_component>
      <object_component id="oc-f6">
         <name>.debug_info</name>
         <load_address>0x44e</load_address>
         <run_address>0x44e</run_address>
         <size>0xc9</size>
         <input_file_ref idref="fl-2"/>
      </object_component>
      <object_component id="oc-f9">
         <name>.debug_info</name>
         <load_address>0x517</load_address>
         <run_address>0x517</run_address>
         <size>0xc0</size>
         <input_file_ref idref="fl-2"/>
      </object_component>
      <object_component id="oc-a8">
         <name>.debug_info</name>
         <load_address>0x5d7</load_address>
         <run_address>0x5d7</run_address>
         <size>0x307</size>
         <input_file_ref idref="fl-2"/>
      </object_component>
      <object_component id="oc-1b8">
         <name>.debug_info</name>
         <load_address>0x8de</load_address>
         <run_address>0x8de</run_address>
         <size>0x44</size>
         <input_file_ref idref="fl-2"/>
      </object_component>
      <object_component id="oc-fc">
         <name>.debug_info</name>
         <load_address>0x922</load_address>
         <run_address>0x922</run_address>
         <size>0x9a</size>
         <input_file_ref idref="fl-2"/>
      </object_component>
      <object_component id="oc-220">
         <name>.debug_info</name>
         <load_address>0x9bc</load_address>
         <run_address>0x9bc</run_address>
         <size>0xc8</size>
         <input_file_ref idref="fl-2"/>
      </object_component>
      <object_component id="oc-ba">
         <name>.debug_info</name>
         <load_address>0xa84</load_address>
         <run_address>0xa84</run_address>
         <size>0x8b</size>
         <input_file_ref idref="fl-2"/>
      </object_component>
      <object_component id="oc-7c">
         <name>.debug_info</name>
         <load_address>0xb0f</load_address>
         <run_address>0xb0f</run_address>
         <size>0x18b</size>
         <input_file_ref idref="fl-2"/>
      </object_component>
      <object_component id="oc-1b1">
         <name>.debug_info</name>
         <load_address>0xc9a</load_address>
         <run_address>0xc9a</run_address>
         <size>0x4e</size>
         <input_file_ref idref="fl-2"/>
      </object_component>
      <object_component id="oc-18a">
         <name>.debug_info</name>
         <load_address>0xce8</load_address>
         <run_address>0xce8</run_address>
         <size>0x34c</size>
         <input_file_ref idref="fl-3"/>
      </object_component>
      <object_component id="oc-e8">
         <name>.debug_info</name>
         <load_address>0x1034</load_address>
         <run_address>0x1034</run_address>
         <size>0x6a3</size>
         <input_file_ref idref="fl-3"/>
      </object_component>
      <object_component id="oc-d6">
         <name>.debug_info</name>
         <load_address>0x16d7</load_address>
         <run_address>0x16d7</run_address>
         <size>0xe7</size>
         <input_file_ref idref="fl-4"/>
      </object_component>
      <object_component id="oc-d3">
         <name>.debug_info</name>
         <load_address>0x17be</load_address>
         <run_address>0x17be</run_address>
         <size>0xeb</size>
         <input_file_ref idref="fl-5"/>
      </object_component>
      <object_component id="oc-33">
         <name>.debug_info</name>
         <load_address>0x18a9</load_address>
         <run_address>0x18a9</run_address>
         <size>0x28e</size>
         <input_file_ref idref="fl-6"/>
      </object_component>
      <object_component id="oc-10">
         <name>.debug_info</name>
         <load_address>0x1b37</load_address>
         <run_address>0x1b37</run_address>
         <size>0xdf</size>
         <input_file_ref idref="fl-6"/>
      </object_component>
      <object_component id="oc-2c">
         <name>.debug_info</name>
         <load_address>0x1c16</load_address>
         <run_address>0x1c16</run_address>
         <size>0x25b</size>
         <input_file_ref idref="fl-6"/>
      </object_component>
      <object_component id="oc-3a">
         <name>.debug_info</name>
         <load_address>0x1e71</load_address>
         <run_address>0x1e71</run_address>
         <size>0x84</size>
         <input_file_ref idref="fl-6"/>
      </object_component>
      <object_component id="oc-25">
         <name>.debug_info</name>
         <load_address>0x1ef5</load_address>
         <run_address>0x1ef5</run_address>
         <size>0x160</size>
         <input_file_ref idref="fl-c2"/>
      </object_component>
      <object_component id="oc-86">
         <name>.debug_info</name>
         <load_address>0x2055</load_address>
         <run_address>0x2055</run_address>
         <size>0x293</size>
         <input_file_ref idref="fl-c3"/>
      </object_component>
      <object_component id="oc-16">
         <name>.debug_info</name>
         <load_address>0x22e8</load_address>
         <run_address>0x22e8</run_address>
         <size>0x245</size>
         <input_file_ref idref="fl-c3"/>
      </object_component>
      <object_component id="oc-35">
         <name>.debug_info</name>
         <load_address>0x252d</load_address>
         <run_address>0x252d</run_address>
         <size>0x60</size>
         <input_file_ref idref="fl-c3"/>
      </object_component>
      <object_component id="oc-81">
         <name>.debug_info</name>
         <load_address>0x258d</load_address>
         <run_address>0x258d</run_address>
         <size>0x46</size>
         <input_file_ref idref="fl-c3"/>
      </object_component>
      <object_component id="oc-4a">
         <name>.debug_info</name>
         <load_address>0x25d3</load_address>
         <run_address>0x25d3</run_address>
         <size>0x2da</size>
         <input_file_ref idref="fl-c4"/>
      </object_component>
      <object_component id="oc-1c">
         <name>.debug_info</name>
         <load_address>0x28ad</load_address>
         <run_address>0x28ad</run_address>
         <size>0x1df</size>
         <input_file_ref idref="fl-c4"/>
      </object_component>
      <object_component id="oc-45">
         <name>.debug_info</name>
         <load_address>0x2a8c</load_address>
         <run_address>0x2a8c</run_address>
         <size>0x46</size>
         <input_file_ref idref="fl-c4"/>
      </object_component>
      <object_component id="oc-88">
         <name>.debug_info</name>
         <load_address>0x2ad2</load_address>
         <run_address>0x2ad2</run_address>
         <size>0x2c</size>
         <input_file_ref idref="fl-c4"/>
      </object_component>
      <object_component id="oc-56">
         <name>.debug_info</name>
         <load_address>0x2afe</load_address>
         <run_address>0x2afe</run_address>
         <size>0x2c9</size>
         <input_file_ref idref="fl-c5"/>
      </object_component>
      <object_component id="oc-1f">
         <name>.debug_info</name>
         <load_address>0x2dc7</load_address>
         <run_address>0x2dc7</run_address>
         <size>0x1aa</size>
         <input_file_ref idref="fl-c5"/>
      </object_component>
      <object_component id="oc-51">
         <name>.debug_info</name>
         <load_address>0x2f71</load_address>
         <run_address>0x2f71</run_address>
         <size>0x46</size>
         <input_file_ref idref="fl-c5"/>
      </object_component>
      <object_component id="oc-90">
         <name>.debug_info</name>
         <load_address>0x2fb7</load_address>
         <run_address>0x2fb7</run_address>
         <size>0x2c</size>
         <input_file_ref idref="fl-c5"/>
      </object_component>
      <object_component id="oc-b6">
         <name>.debug_info</name>
         <load_address>0x2fe3</load_address>
         <run_address>0x2fe3</run_address>
         <size>0x3ce</size>
         <input_file_ref idref="fl-c6"/>
      </object_component>
      <object_component id="oc-b0">
         <name>.debug_info</name>
         <load_address>0x33b1</load_address>
         <run_address>0x33b1</run_address>
         <size>0x185</size>
         <input_file_ref idref="fl-c6"/>
      </object_component>
      <object_component id="oc-71">
         <name>.debug_info</name>
         <load_address>0x3536</load_address>
         <run_address>0x3536</run_address>
         <size>0x214</size>
         <input_file_ref idref="fl-c6"/>
      </object_component>
      <object_component id="oc-40">
         <name>.debug_info</name>
         <load_address>0x374a</load_address>
         <run_address>0x374a</run_address>
         <size>0x111</size>
         <input_file_ref idref="fl-c7"/>
      </object_component>
      <object_component id="oc-4e">
         <name>.debug_info</name>
         <load_address>0x385b</load_address>
         <run_address>0x385b</run_address>
         <size>0x13f</size>
         <input_file_ref idref="fl-c8"/>
      </object_component>
      <object_component id="oc-58">
         <name>.debug_info</name>
         <load_address>0x399a</load_address>
         <run_address>0x399a</run_address>
         <size>0x138</size>
         <input_file_ref idref="fl-c9"/>
      </object_component>
      <object_component id="oc-60">
         <name>.debug_info</name>
         <load_address>0x3ad2</load_address>
         <run_address>0x3ad2</run_address>
         <size>0x148</size>
         <input_file_ref idref="fl-ca"/>
      </object_component>
      <object_component id="oc-76">
         <name>.debug_info</name>
         <load_address>0x3c1a</load_address>
         <run_address>0x3c1a</run_address>
         <size>0x109</size>
         <input_file_ref idref="fl-cb"/>
      </object_component>
      <object_component id="oc-112">
         <name>.debug_info</name>
         <load_address>0x3d23</load_address>
         <run_address>0x3d23</run_address>
         <size>0x2be</size>
         <input_file_ref idref="fl-cc"/>
      </object_component>
      <object_component id="oc-b3">
         <name>.debug_info</name>
         <load_address>0x3fe1</load_address>
         <run_address>0x3fe1</run_address>
         <size>0x113</size>
         <input_file_ref idref="fl-cc"/>
      </object_component>
      <object_component id="oc-10d">
         <name>.debug_info</name>
         <load_address>0x40f4</load_address>
         <run_address>0x40f4</run_address>
         <size>0x21f</size>
         <input_file_ref idref="fl-cc"/>
      </object_component>
      <object_component id="oc-ae">
         <name>.debug_info</name>
         <load_address>0x4313</load_address>
         <run_address>0x4313</run_address>
         <size>0x300</size>
         <input_file_ref idref="fl-cd"/>
      </object_component>
      <object_component id="oc-6b">
         <name>.debug_info</name>
         <load_address>0x4613</load_address>
         <run_address>0x4613</run_address>
         <size>0x167</size>
         <input_file_ref idref="fl-cd"/>
      </object_component>
      <object_component id="oc-103">
         <name>.debug_info</name>
         <load_address>0x477a</load_address>
         <run_address>0x477a</run_address>
         <size>0x5e</size>
         <input_file_ref idref="fl-cd"/>
      </object_component>
      <object_component id="oc-a6">
         <name>.debug_info</name>
         <load_address>0x47d8</load_address>
         <run_address>0x47d8</run_address>
         <size>0x483</size>
         <input_file_ref idref="fl-ce"/>
      </object_component>
      <object_component id="oc-65">
         <name>.debug_info</name>
         <load_address>0x4c5b</load_address>
         <run_address>0x4c5b</run_address>
         <size>0x190</size>
         <input_file_ref idref="fl-ce"/>
      </object_component>
      <object_component id="oc-c6">
         <name>.debug_info</name>
         <load_address>0x4deb</load_address>
         <run_address>0x4deb</run_address>
         <size>0x39</size>
         <input_file_ref idref="fl-ce"/>
      </object_component>
      <object_component id="oc-11d">
         <name>.debug_info</name>
         <load_address>0x4e24</load_address>
         <run_address>0x4e24</run_address>
         <size>0x39</size>
         <input_file_ref idref="fl-ce"/>
      </object_component>
      <object_component id="oc-cb">
         <name>.debug_info</name>
         <load_address>0x4e5d</load_address>
         <run_address>0x4e5d</run_address>
         <size>0xcd</size>
         <input_file_ref idref="fl-ce"/>
      </object_component>
      <object_component id="oc-c2">
         <name>.debug_info</name>
         <load_address>0x4f2a</load_address>
         <run_address>0x4f2a</run_address>
         <size>0x37a</size>
         <input_file_ref idref="fl-cf"/>
      </object_component>
      <object_component id="oc-9c">
         <name>.debug_info</name>
         <load_address>0x52a4</load_address>
         <run_address>0x52a4</run_address>
         <size>0x183</size>
         <input_file_ref idref="fl-cf"/>
      </object_component>
      <object_component id="oc-118">
         <name>.debug_info</name>
         <load_address>0x5427</load_address>
         <run_address>0x5427</run_address>
         <size>0x2c</size>
         <input_file_ref idref="fl-cf"/>
      </object_component>
      <object_component id="oc-a3">
         <name>.debug_info</name>
         <load_address>0x5453</load_address>
         <run_address>0x5453</run_address>
         <size>0x145</size>
         <input_file_ref idref="fl-d0"/>
      </object_component>
      <object_component id="oc-1ef">
         <name>.debug_info</name>
         <load_address>0x5598</load_address>
         <run_address>0x5598</run_address>
         <size>0x240</size>
         <input_file_ref idref="fl-d1"/>
      </object_component>
      <object_component id="oc-1f8">
         <name>.debug_info</name>
         <load_address>0x57d8</load_address>
         <run_address>0x57d8</run_address>
         <size>0x15b</size>
         <input_file_ref idref="fl-d1"/>
      </object_component>
      <object_component id="oc-184">
         <name>.debug_info</name>
         <load_address>0x5933</load_address>
         <run_address>0x5933</run_address>
         <size>0x2a3</size>
         <input_file_ref idref="fl-d1"/>
      </object_component>
      <object_component id="oc-17e">
         <name>.debug_info</name>
         <load_address>0x5bd6</load_address>
         <run_address>0x5bd6</run_address>
         <size>0x2b3</size>
         <input_file_ref idref="fl-d1"/>
      </object_component>
      <object_component id="oc-16e">
         <name>.debug_info</name>
         <load_address>0x5e89</load_address>
         <run_address>0x5e89</run_address>
         <size>0x316</size>
         <input_file_ref idref="fl-d1"/>
      </object_component>
      <object_component id="oc-192">
         <name>.debug_info</name>
         <load_address>0x619f</load_address>
         <run_address>0x619f</run_address>
         <size>0x27b</size>
         <input_file_ref idref="fl-d1"/>
      </object_component>
      <object_component id="oc-1db">
         <name>.debug_info</name>
         <load_address>0x641a</load_address>
         <run_address>0x641a</run_address>
         <size>0x2b7</size>
         <input_file_ref idref="fl-d1"/>
      </object_component>
      <object_component id="oc-168">
         <name>.debug_info</name>
         <load_address>0x66d1</load_address>
         <run_address>0x66d1</run_address>
         <size>0x285</size>
         <input_file_ref idref="fl-d1"/>
      </object_component>
      <object_component id="oc-174">
         <name>.debug_info</name>
         <load_address>0x6956</load_address>
         <run_address>0x6956</run_address>
         <size>0x27b</size>
         <input_file_ref idref="fl-d1"/>
      </object_component>
      <object_component id="oc-18c">
         <name>.debug_info</name>
         <load_address>0x6bd1</load_address>
         <run_address>0x6bd1</run_address>
         <size>0x280</size>
         <input_file_ref idref="fl-d1"/>
      </object_component>
      <object_component id="oc-236">
         <name>.debug_info</name>
         <load_address>0x6e51</load_address>
         <run_address>0x6e51</run_address>
         <size>0x20e</size>
         <input_file_ref idref="fl-d2"/>
      </object_component>
      <object_component id="oc-233">
         <name>.debug_info</name>
         <load_address>0x705f</load_address>
         <run_address>0x705f</run_address>
         <size>0x157</size>
         <input_file_ref idref="fl-d2"/>
      </object_component>
      <object_component id="oc-1d3">
         <name>.debug_info</name>
         <load_address>0x71b6</load_address>
         <run_address>0x71b6</run_address>
         <size>0x2c1</size>
         <input_file_ref idref="fl-d2"/>
      </object_component>
      <object_component id="oc-1ca">
         <name>.debug_info</name>
         <load_address>0x7477</load_address>
         <run_address>0x7477</run_address>
         <size>0x298</size>
         <input_file_ref idref="fl-d3"/>
      </object_component>
      <object_component id="oc-1cc">
         <name>.debug_info</name>
         <load_address>0x770f</load_address>
         <run_address>0x770f</run_address>
         <size>0x14d</size>
         <input_file_ref idref="fl-d3"/>
      </object_component>
      <object_component id="oc-162">
         <name>.debug_info</name>
         <load_address>0x785c</load_address>
         <run_address>0x785c</run_address>
         <size>0x27d</size>
         <input_file_ref idref="fl-d3"/>
      </object_component>
      <object_component id="oc-133">
         <name>.debug_info</name>
         <load_address>0x7ad9</load_address>
         <run_address>0x7ad9</run_address>
         <size>0x2db</size>
         <input_file_ref idref="fl-d3"/>
      </object_component>
      <object_component id="oc-139">
         <name>.debug_info</name>
         <load_address>0x7db4</load_address>
         <run_address>0x7db4</run_address>
         <size>0x2b5</size>
         <input_file_ref idref="fl-d3"/>
      </object_component>
      <object_component id="oc-229">
         <name>.debug_info</name>
         <load_address>0x8069</load_address>
         <run_address>0x8069</run_address>
         <size>0x5f</size>
         <input_file_ref idref="fl-d3"/>
      </object_component>
      <object_component id="oc-160">
         <name>.debug_info</name>
         <load_address>0x80c8</load_address>
         <run_address>0x80c8</run_address>
         <size>0x41a</size>
         <input_file_ref idref="fl-d5"/>
      </object_component>
      <object_component id="oc-15d">
         <name>.debug_info</name>
         <load_address>0x84e2</load_address>
         <run_address>0x84e2</run_address>
         <size>0xc9</size>
         <input_file_ref idref="fl-d5"/>
      </object_component>
      <object_component id="oc-127">
         <name>.debug_info</name>
         <load_address>0x85ab</load_address>
         <run_address>0x85ab</run_address>
         <size>0xf5</size>
         <input_file_ref idref="fl-d5"/>
      </object_component>
      <object_component id="oc-12a">
         <name>.debug_info</name>
         <load_address>0x86a0</load_address>
         <run_address>0x86a0</run_address>
         <size>0xcf</size>
         <input_file_ref idref="fl-d5"/>
      </object_component>
      <object_component id="oc-db">
         <name>.debug_info</name>
         <load_address>0x876f</load_address>
         <run_address>0x876f</run_address>
         <size>0x9c0</size>
         <input_file_ref idref="fl-d5"/>
      </object_component>
      <object_component id="oc-1e8">
         <name>.debug_info</name>
         <load_address>0x912f</load_address>
         <run_address>0x912f</run_address>
         <size>0x51</size>
         <input_file_ref idref="fl-d5"/>
      </object_component>
      <object_component id="oc-1e1">
         <name>.debug_info</name>
         <load_address>0x9180</load_address>
         <run_address>0x9180</run_address>
         <size>0xc7</size>
         <input_file_ref idref="fl-d6"/>
      </object_component>
      <object_component id="oc-157">
         <name>.debug_info</name>
         <load_address>0x9247</load_address>
         <run_address>0x9247</run_address>
         <size>0x297</size>
         <input_file_ref idref="fl-d6"/>
      </object_component>
      <object_component id="oc-17a">
         <name>.debug_info</name>
         <load_address>0x94de</load_address>
         <run_address>0x94de</run_address>
         <size>0xce</size>
         <input_file_ref idref="fl-d7"/>
      </object_component>
      <object_component id="oc-e1">
         <name>.debug_info</name>
         <load_address>0x95ac</load_address>
         <run_address>0x95ac</run_address>
         <size>0x22f</size>
         <input_file_ref idref="fl-d7"/>
      </object_component>
      <object_component id="oc-1b0">
         <name>.debug_info</name>
         <load_address>0x97db</load_address>
         <run_address>0x97db</run_address>
         <size>0x40e</size>
         <input_file_ref idref="fl-d8"/>
      </object_component>
      <object_component id="oc-ed">
         <name>.debug_info</name>
         <load_address>0x9be9</load_address>
         <run_address>0x9be9</run_address>
         <size>0x3cc</size>
         <input_file_ref idref="fl-d8"/>
      </object_component>
      <object_component id="oc-12e">
         <name>.debug_info</name>
         <load_address>0x9fb5</load_address>
         <run_address>0x9fb5</run_address>
         <size>0x17d</size>
         <input_file_ref idref="fl-d9"/>
      </object_component>
      <object_component id="oc-213">
         <name>.debug_info</name>
         <load_address>0xa132</load_address>
         <run_address>0xa132</run_address>
         <size>0x362</size>
         <input_file_ref idref="fl-da"/>
      </object_component>
      <object_component id="oc-1ad">
         <name>.debug_info</name>
         <load_address>0xa494</load_address>
         <run_address>0xa494</run_address>
         <size>0x35c</size>
         <input_file_ref idref="fl-da"/>
      </object_component>
      <object_component id="oc-214">
         <name>.debug_info</name>
         <load_address>0xa7f0</load_address>
         <run_address>0xa7f0</run_address>
         <size>0x2c</size>
         <input_file_ref idref="fl-da"/>
      </object_component>
      <object_component id="oc-219">
         <name>.debug_info</name>
         <load_address>0xa81c</load_address>
         <run_address>0xa81c</run_address>
         <size>0x69</size>
         <input_file_ref idref="fl-da"/>
      </object_component>
      <object_component id="oc-290">
         <name>.debug_info</name>
         <load_address>0xa885</load_address>
         <run_address>0xa885</run_address>
         <size>0x51f</size>
         <input_file_ref idref="fl-db"/>
      </object_component>
      <object_component id="oc-20e">
         <name>.debug_info</name>
         <load_address>0xada4</load_address>
         <run_address>0xada4</run_address>
         <size>0x1543</size>
         <input_file_ref idref="fl-db"/>
      </object_component>
      <object_component id="oc-291">
         <name>.debug_info</name>
         <load_address>0xc2e7</load_address>
         <run_address>0xc2e7</run_address>
         <size>0x86</size>
         <input_file_ref idref="fl-db"/>
      </object_component>
      <object_component id="oc-2c9">
         <name>.debug_info</name>
         <load_address>0xc36d</load_address>
         <run_address>0xc36d</run_address>
         <size>0x46</size>
         <input_file_ref idref="fl-db"/>
      </object_component>
      <object_component id="oc-296">
         <name>.debug_info</name>
         <load_address>0xc3b3</load_address>
         <run_address>0xc3b3</run_address>
         <size>0x39</size>
         <input_file_ref idref="fl-db"/>
      </object_component>
      <object_component id="oc-2c4">
         <name>.debug_info</name>
         <load_address>0xc3ec</load_address>
         <run_address>0xc3ec</run_address>
         <size>0x2ae</size>
         <input_file_ref idref="fl-dc"/>
      </object_component>
      <object_component id="oc-284">
         <name>.debug_info</name>
         <load_address>0xc69a</load_address>
         <run_address>0xc69a</run_address>
         <size>0x171</size>
         <input_file_ref idref="fl-dc"/>
      </object_component>
      <object_component id="oc-2dd">
         <name>.debug_info</name>
         <load_address>0xc80b</load_address>
         <run_address>0xc80b</run_address>
         <size>0xee</size>
         <input_file_ref idref="fl-dd"/>
      </object_component>
      <object_component id="oc-2c1">
         <name>.debug_info</name>
         <load_address>0xc8f9</load_address>
         <run_address>0xc8f9</run_address>
         <size>0xfa</size>
         <input_file_ref idref="fl-dd"/>
      </object_component>
      <object_component id="oc-26e">
         <name>.debug_info</name>
         <load_address>0xc9f3</load_address>
         <run_address>0xc9f3</run_address>
         <size>0x144</size>
         <input_file_ref idref="fl-de"/>
      </object_component>
      <object_component id="oc-249">
         <name>.debug_info</name>
         <load_address>0xcb37</load_address>
         <run_address>0xcb37</run_address>
         <size>0x120</size>
         <input_file_ref idref="fl-df"/>
      </object_component>
      <object_component id="oc-258">
         <name>.debug_info</name>
         <load_address>0xcc57</load_address>
         <run_address>0xcc57</run_address>
         <size>0x122</size>
         <input_file_ref idref="fl-df"/>
      </object_component>
      <object_component id="oc-255">
         <name>.debug_info</name>
         <load_address>0xcd79</load_address>
         <run_address>0xcd79</run_address>
         <size>0x132</size>
         <input_file_ref idref="fl-e0"/>
      </object_component>
      <object_component id="oc-24e">
         <name>.debug_info</name>
         <load_address>0xceab</load_address>
         <run_address>0xceab</run_address>
         <size>0x132</size>
         <input_file_ref idref="fl-e1"/>
      </object_component>
      <object_component id="oc-25e">
         <name>.debug_info</name>
         <load_address>0xcfdd</load_address>
         <run_address>0xcfdd</run_address>
         <size>0x126</size>
         <input_file_ref idref="fl-e2"/>
      </object_component>
      <object_component id="oc-269">
         <name>.debug_info</name>
         <load_address>0xd103</load_address>
         <run_address>0xd103</run_address>
         <size>0x124</size>
         <input_file_ref idref="fl-e3"/>
      </object_component>
      <object_component id="oc-2a9">
         <name>.debug_info</name>
         <load_address>0xd227</load_address>
         <run_address>0xd227</run_address>
         <size>0x2e6</size>
         <input_file_ref idref="fl-e4"/>
      </object_component>
      <object_component id="oc-265">
         <name>.debug_info</name>
         <load_address>0xd50d</load_address>
         <run_address>0xd50d</run_address>
         <size>0x1c2</size>
         <input_file_ref idref="fl-e4"/>
      </object_component>
      <object_component id="oc-2c6">
         <name>.debug_info</name>
         <load_address>0xd6cf</load_address>
         <run_address>0xd6cf</run_address>
         <size>0x28b</size>
         <input_file_ref idref="fl-e5"/>
      </object_component>
      <object_component id="oc-28a">
         <name>.debug_info</name>
         <load_address>0xd95a</load_address>
         <run_address>0xd95a</run_address>
         <size>0x1ab</size>
         <input_file_ref idref="fl-e5"/>
      </object_component>
      <object_component id="oc-2ad">
         <name>.debug_info</name>
         <load_address>0xdb05</load_address>
         <run_address>0xdb05</run_address>
         <size>0x2d9</size>
         <input_file_ref idref="fl-e6"/>
      </object_component>
      <object_component id="oc-272">
         <name>.debug_info</name>
         <load_address>0xddde</load_address>
         <run_address>0xddde</run_address>
         <size>0x18a</size>
         <input_file_ref idref="fl-e6"/>
      </object_component>
      <object_component id="oc-2ae">
         <name>.debug_info</name>
         <load_address>0xdf68</load_address>
         <run_address>0xdf68</run_address>
         <size>0x2c</size>
         <input_file_ref idref="fl-e6"/>
      </object_component>
      <object_component id="oc-2bd">
         <name>.debug_info</name>
         <load_address>0xdf94</load_address>
         <run_address>0xdf94</run_address>
         <size>0x316</size>
         <input_file_ref idref="fl-e7"/>
      </object_component>
      <object_component id="oc-279">
         <name>.debug_info</name>
         <load_address>0xe2aa</load_address>
         <run_address>0xe2aa</run_address>
         <size>0x1d5</size>
         <input_file_ref idref="fl-e7"/>
      </object_component>
      <object_component id="oc-2bf">
         <name>.debug_info</name>
         <load_address>0xe47f</load_address>
         <run_address>0xe47f</run_address>
         <size>0x28f</size>
         <input_file_ref idref="fl-e8"/>
      </object_component>
      <object_component id="oc-280">
         <name>.debug_info</name>
         <load_address>0xe70e</load_address>
         <run_address>0xe70e</run_address>
         <size>0x244</size>
         <input_file_ref idref="fl-e8"/>
      </object_component>
      <object_component id="oc-2a2">
         <name>.debug_info</name>
         <load_address>0xe952</load_address>
         <run_address>0xe952</run_address>
         <size>0x284</size>
         <input_file_ref idref="fl-e9"/>
      </object_component>
      <object_component id="oc-246">
         <name>.debug_info</name>
         <load_address>0xebd6</load_address>
         <run_address>0xebd6</run_address>
         <size>0x22a</size>
         <input_file_ref idref="fl-e9"/>
      </object_component>
      <object_component id="oc-2ba">
         <name>.debug_info</name>
         <load_address>0xee00</load_address>
         <run_address>0xee00</run_address>
         <size>0xf3</size>
         <input_file_ref idref="fl-ea"/>
      </object_component>
      <object_component id="oc-2b4">
         <name>.debug_info</name>
         <load_address>0xeef3</load_address>
         <run_address>0xeef3</run_address>
         <size>0x156</size>
         <input_file_ref idref="fl-eb"/>
      </object_component>
      <object_component id="oc-1d0">
         <name>.debug_info</name>
         <load_address>0xf049</load_address>
         <run_address>0xf049</run_address>
         <size>0x19d</size>
         <input_file_ref idref="fl-ec"/>
      </object_component>
      <object_component id="oc-140">
         <name>.debug_info</name>
         <load_address>0xf1e6</load_address>
         <run_address>0xf1e6</run_address>
         <size>0x261</size>
         <input_file_ref idref="fl-ec"/>
      </object_component>
      <object_component id="oc-146">
         <name>.debug_info</name>
         <load_address>0xf447</load_address>
         <run_address>0xf447</run_address>
         <size>0x277</size>
         <input_file_ref idref="fl-ec"/>
      </object_component>
      <object_component id="oc-14c">
         <name>.debug_info</name>
         <load_address>0xf6be</load_address>
         <run_address>0xf6be</run_address>
         <size>0x227</size>
         <input_file_ref idref="fl-ec"/>
      </object_component>
      <object_component id="oc-152">
         <name>.debug_info</name>
         <load_address>0xf8e5</load_address>
         <run_address>0xf8e5</run_address>
         <size>0x221</size>
         <input_file_ref idref="fl-ec"/>
      </object_component>
      <object_component id="oc-209">
         <name>.debug_info</name>
         <load_address>0xfb06</load_address>
         <run_address>0xfb06</run_address>
         <size>0x227</size>
         <input_file_ref idref="fl-ed"/>
      </object_component>
      <object_component id="oc-203">
         <name>.debug_info</name>
         <load_address>0xfd2d</load_address>
         <run_address>0xfd2d</run_address>
         <size>0x247</size>
         <input_file_ref idref="fl-ed"/>
      </object_component>
      <object_component id="oc-1fd">
         <name>.debug_info</name>
         <load_address>0xff74</load_address>
         <run_address>0xff74</run_address>
         <size>0x249</size>
         <input_file_ref idref="fl-ed"/>
      </object_component>
      <object_component id="oc-198">
         <name>.debug_info</name>
         <load_address>0x101bd</load_address>
         <run_address>0x101bd</run_address>
         <size>0x326</size>
         <input_file_ref idref="fl-ed"/>
      </object_component>
      <object_component id="oc-19e">
         <name>.debug_info</name>
         <load_address>0x104e3</load_address>
         <run_address>0x104e3</run_address>
         <size>0x273</size>
         <input_file_ref idref="fl-ed"/>
      </object_component>
      <object_component id="oc-1a4">
         <name>.debug_info</name>
         <load_address>0x10756</load_address>
         <run_address>0x10756</run_address>
         <size>0x24d</size>
         <input_file_ref idref="fl-ed"/>
      </object_component>
      <object_component id="oc-309">
         <name>.debug_info</name>
         <load_address>0x109a3</load_address>
         <run_address>0x109a3</run_address>
         <size>0x95</size>
      </object_component>
      <object_component id="oc-226">
         <name>.debug_line</name>
         <load_address>0x0</load_address>
         <run_address>0x0</run_address>
         <size>0x7c</size>
         <input_file_ref idref="fl-2"/>
      </object_component>
      <object_component id="oc-1b7">
         <name>.debug_line</name>
         <load_address>0x7c</load_address>
         <run_address>0x7c</run_address>
         <size>0x2d</size>
         <input_file_ref idref="fl-2"/>
      </object_component>
      <object_component id="oc-1bd">
         <name>.debug_line</name>
         <load_address>0xa9</load_address>
         <run_address>0xa9</run_address>
         <size>0x2d</size>
         <input_file_ref idref="fl-2"/>
      </object_component>
      <object_component id="oc-1bf">
         <name>.debug_line</name>
         <load_address>0xd6</load_address>
         <run_address>0xd6</run_address>
         <size>0x2d</size>
         <input_file_ref idref="fl-2"/>
      </object_component>
      <object_component id="oc-ac">
         <name>.debug_line</name>
         <load_address>0x103</load_address>
         <run_address>0x103</run_address>
         <size>0xc8</size>
         <input_file_ref idref="fl-2"/>
      </object_component>
      <object_component id="oc-1ba">
         <name>.debug_line</name>
         <load_address>0x1cb</load_address>
         <run_address>0x1cb</run_address>
         <size>0x2d</size>
         <input_file_ref idref="fl-2"/>
      </object_component>
      <object_component id="oc-ff">
         <name>.debug_line</name>
         <load_address>0x1f8</load_address>
         <run_address>0x1f8</run_address>
         <size>0x32</size>
         <input_file_ref idref="fl-2"/>
      </object_component>
      <object_component id="oc-223">
         <name>.debug_line</name>
         <load_address>0x22a</load_address>
         <run_address>0x22a</run_address>
         <size>0x64</size>
         <input_file_ref idref="fl-2"/>
      </object_component>
      <object_component id="oc-bd">
         <name>.debug_line</name>
         <load_address>0x28e</load_address>
         <run_address>0x28e</run_address>
         <size>0x20</size>
         <input_file_ref idref="fl-2"/>
      </object_component>
      <object_component id="oc-7f">
         <name>.debug_line</name>
         <load_address>0x2ae</load_address>
         <run_address>0x2ae</run_address>
         <size>0x65</size>
         <input_file_ref idref="fl-2"/>
      </object_component>
      <object_component id="oc-1b4">
         <name>.debug_line</name>
         <load_address>0x313</load_address>
         <run_address>0x313</run_address>
         <size>0x65</size>
         <input_file_ref idref="fl-2"/>
      </object_component>
      <object_component id="oc-1f6">
         <name>.debug_line</name>
         <load_address>0x378</load_address>
         <run_address>0x378</run_address>
         <size>0xbe</size>
         <input_file_ref idref="fl-3"/>
      </object_component>
      <object_component id="oc-e7">
         <name>.debug_line</name>
         <load_address>0x436</load_address>
         <run_address>0x436</run_address>
         <size>0x123</size>
         <input_file_ref idref="fl-3"/>
      </object_component>
      <object_component id="oc-d9">
         <name>.debug_line</name>
         <load_address>0x559</load_address>
         <run_address>0x559</run_address>
         <size>0x59</size>
         <input_file_ref idref="fl-4"/>
      </object_component>
      <object_component id="oc-d1">
         <name>.debug_line</name>
         <load_address>0x5b2</load_address>
         <run_address>0x5b2</run_address>
         <size>0x5e</size>
         <input_file_ref idref="fl-5"/>
      </object_component>
      <object_component id="oc-7b">
         <name>.debug_line</name>
         <load_address>0x610</load_address>
         <run_address>0x610</run_address>
         <size>0x41</size>
         <input_file_ref idref="fl-6"/>
      </object_component>
      <object_component id="oc-32">
         <name>.debug_line</name>
         <load_address>0x651</load_address>
         <run_address>0x651</run_address>
         <size>0x41</size>
         <input_file_ref idref="fl-6"/>
      </object_component>
      <object_component id="oc-30">
         <name>.debug_line</name>
         <load_address>0x692</load_address>
         <run_address>0x692</run_address>
         <size>0xa1</size>
         <input_file_ref idref="fl-6"/>
      </object_component>
      <object_component id="oc-3d">
         <name>.debug_line</name>
         <load_address>0x733</load_address>
         <run_address>0x733</run_address>
         <size>0x20</size>
         <input_file_ref idref="fl-6"/>
      </object_component>
      <object_component id="oc-28">
         <name>.debug_line</name>
         <load_address>0x753</load_address>
         <run_address>0x753</run_address>
         <size>0x53</size>
         <input_file_ref idref="fl-c2"/>
      </object_component>
      <object_component id="oc-c0">
         <name>.debug_line</name>
         <load_address>0x7a6</load_address>
         <run_address>0x7a6</run_address>
         <size>0x20</size>
         <input_file_ref idref="fl-c3"/>
      </object_component>
      <object_component id="oc-15">
         <name>.debug_line</name>
         <load_address>0x7c6</load_address>
         <run_address>0x7c6</run_address>
         <size>0xa9</size>
         <input_file_ref idref="fl-c3"/>
      </object_component>
      <object_component id="oc-38">
         <name>.debug_line</name>
         <load_address>0x86f</load_address>
         <run_address>0x86f</run_address>
         <size>0x3a</size>
         <input_file_ref idref="fl-c3"/>
      </object_component>
      <object_component id="oc-84">
         <name>.debug_line</name>
         <load_address>0x8a9</load_address>
         <run_address>0x8a9</run_address>
         <size>0x8a</size>
         <input_file_ref idref="fl-c3"/>
      </object_component>
      <object_component id="oc-8e">
         <name>.debug_line</name>
         <load_address>0x933</load_address>
         <run_address>0x933</run_address>
         <size>0x8a</size>
         <input_file_ref idref="fl-c4"/>
      </object_component>
      <object_component id="oc-1b">
         <name>.debug_line</name>
         <load_address>0x9bd</load_address>
         <run_address>0x9bd</run_address>
         <size>0x55</size>
         <input_file_ref idref="fl-c4"/>
      </object_component>
      <object_component id="oc-48">
         <name>.debug_line</name>
         <load_address>0xa12</load_address>
         <run_address>0xa12</run_address>
         <size>0x3a</size>
         <input_file_ref idref="fl-c4"/>
      </object_component>
      <object_component id="oc-8b">
         <name>.debug_line</name>
         <load_address>0xa4c</load_address>
         <run_address>0xa4c</run_address>
         <size>0x8a</size>
         <input_file_ref idref="fl-c4"/>
      </object_component>
      <object_component id="oc-96">
         <name>.debug_line</name>
         <load_address>0xad6</load_address>
         <run_address>0xad6</run_address>
         <size>0x8a</size>
         <input_file_ref idref="fl-c5"/>
      </object_component>
      <object_component id="oc-22">
         <name>.debug_line</name>
         <load_address>0xb60</load_address>
         <run_address>0xb60</run_address>
         <size>0x4f</size>
         <input_file_ref idref="fl-c5"/>
      </object_component>
      <object_component id="oc-54">
         <name>.debug_line</name>
         <load_address>0xbaf</load_address>
         <run_address>0xbaf</run_address>
         <size>0x34</size>
         <input_file_ref idref="fl-c5"/>
      </object_component>
      <object_component id="oc-93">
         <name>.debug_line</name>
         <load_address>0xbe3</load_address>
         <run_address>0xbe3</run_address>
         <size>0x8a</size>
         <input_file_ref idref="fl-c5"/>
      </object_component>
      <object_component id="oc-115">
         <name>.debug_line</name>
         <load_address>0xc6d</load_address>
         <run_address>0xc6d</run_address>
         <size>0xf2</size>
         <input_file_ref idref="fl-c6"/>
      </object_component>
      <object_component id="oc-109">
         <name>.debug_line</name>
         <load_address>0xd5f</load_address>
         <run_address>0xd5f</run_address>
         <size>0x2a</size>
         <input_file_ref idref="fl-c6"/>
      </object_component>
      <object_component id="oc-70">
         <name>.debug_line</name>
         <load_address>0xd89</load_address>
         <run_address>0xd89</run_address>
         <size>0x86</size>
         <input_file_ref idref="fl-c6"/>
      </object_component>
      <object_component id="oc-43">
         <name>.debug_line</name>
         <load_address>0xe0f</load_address>
         <run_address>0xe0f</run_address>
         <size>0x88</size>
         <input_file_ref idref="fl-c7"/>
      </object_component>
      <object_component id="oc-4c">
         <name>.debug_line</name>
         <load_address>0xe97</load_address>
         <run_address>0xe97</run_address>
         <size>0x79</size>
         <input_file_ref idref="fl-c8"/>
      </object_component>
      <object_component id="oc-5b">
         <name>.debug_line</name>
         <load_address>0xf10</load_address>
         <run_address>0xf10</run_address>
         <size>0x3d</size>
         <input_file_ref idref="fl-c9"/>
      </object_component>
      <object_component id="oc-5e">
         <name>.debug_line</name>
         <load_address>0xf4d</load_address>
         <run_address>0xf4d</run_address>
         <size>0x40</size>
[...]
         <name>__TI_Handler_Table_Limit</name>
         <value>0x3218</value>
      </symbol>
      <symbol id="sm-6">
         <name>binit</name>
         <value>0xffffffff</value>
      </symbol>
      <symbol id="sm-7">
         <name>__binit__</name>
         <value>0xffffffff</value>
      </symbol>
      <symbol id="sm-8">
         <name>__STACK_SIZE</name>
         <value>0x400</value>
      </symbol>
      <symbol id="sm-9">
         <name>__STACK_END</name>
         <value>0x2000066c</value>
      </symbol>
      <symbol id="sm-a">
         <name>__c_args__</name>
         <value>0xffffffff</value>
      </symbol>
      <symbol id="sm-b">
         <name>__TI_pprof_out_hndl</name>
         <value>0xffffffff</value>
      </symbol>
      <symbol id="sm-c">
         <name>__TI_prof_data_start</name>
         <value>0xffffffff</value>
      </symbol>
      <symbol id="sm-d">
         <name>__TI_prof_data_size</name>
         <value>0xffffffff</value>
      </symbol>
      <symbol id="sm-76">
         <name>seg7Display</name>
         <value>0x2000071c</value>
         <object_component_ref idref="oc-f5"/>
      </symbol>
      <symbol id="sm-77">
         <name>stopWatchUpdate</name>
         <value>0x1f8d</value>
         <object_component_ref idref="oc-a7"/>
      </symbol>
      <symbol id="sm-78">
         <name>checkPushButton</name>
         <value>0x1fdd</value>
         <object_component_ref idref="oc-a7"/>
      </symbol>
      <symbol id="sm-79">
         <name>main</name>
         <value>0x2047</value>
         <object_component_ref idref="oc-a7"/>
      </symbol>
      <symbol id="sm-7a">
         <name>sysState</name>
         <value>0x20000721</value>
         <object_component_ref idref="oc-f2"/>
      </symbol>
      <symbol id="sm-99">
         <name>seg7Init</name>
         <value>0x177d</value>
         <object_component_ref idref="oc-e6"/>
      </symbol>
      <symbol id="sm-9a">
         <name>seg7Update</name>
         <value>0x1909</value>
         <object_component_ref idref="oc-e6"/>
      </symbol>
      <symbol id="sm-ab">
         <name>seg7DigitUpdate</name>
         <value>0x2b7d</value>
         <object_component_ref idref="oc-d5"/>
      </symbol>
      <symbol id="sm-b5">
         <name>stopWatchIncrement</name>
         <value>0x2c61</value>
         <object_component_ref idref="oc-d0"/>
      </symbol>
      <symbol id="sm-d6">
         <name>ResetISR</name>
         <value>0x2fab</value>
         <object_component_ref idref="oc-2b"/>
      </symbol>
      <symbol id="sm-d7">
         <name>g_pfnVectors</name>
         <value>0x0</value>
         <object_component_ref idref="oc-f"/>
      </symbol>
      <symbol id="sm-e8">
         <name>_c_int00</name>
         <value>0x2a79</value>
         <object_component_ref idref="oc-24"/>
      </symbol>
      <symbol id="sm-e9">
         <name>__stack</name>
         <value>0x2000026c</value>
         <object_component_ref idref="oc-2a"/>
      </symbol>
      <symbol id="sm-107">
         <name>__TI_decompress_lzss</name>
         <value>0x29ad</value>
         <object_component_ref idref="oc-12"/>
      </symbol>
      <symbol id="sm-11e">
         <name>__TI_decompress_none</name>
         <value>0x2f91</value>
         <object_component_ref idref="oc-18"/>
      </symbol>
      <symbol id="sm-135">
         <name>__TI_zero_init</name>
         <value>0x2f9f</value>
         <object_component_ref idref="oc-1e"/>
      </symbol>
      <symbol id="sm-156">
         <name>C$$EXIT</name>
         <value>0x2acd</value>
         <object_component_ref idref="oc-6f"/>
      </symbol>
      <symbol id="sm-157">
         <name>abort</name>
         <value>0x2ad1</value>
         <object_component_ref idref="oc-6f"/>
      </symbol>
      <symbol id="sm-158">
         <name>exit</name>
         <value>0x2ad9</value>
         <object_component_ref idref="oc-6f"/>
      </symbol>
      <symbol id="sm-159">
         <name>__TI_dtors_ptr</name>
         <value>0x200006f8</value>
         <object_component_ref idref="oc-af"/>
      </symbol>
      <symbol id="sm-15a">
         <name>__TI_cleanup_ptr</name>
         <value>0x200006f4</value>
         <object_component_ref idref="oc-af"/>
      </symbol>
      <symbol id="sm-15b">
         <name>__TI_enable_exit_profile_output</name>
         <value>0x200006fc</value>
         <object_component_ref idref="oc-af"/>
      </symbol>
      <symbol id="sm-176">
         <name>memcpy</name>
         <value>0x2605</value>
         <object_component_ref idref="oc-3f"/>
      </symbol>
      <symbol id="sm-177">
         <name>__aeabi_memcpy</name>
         <value>0x2605</value>
         <object_component_ref idref="oc-3f"/>
      </symbol>
      <symbol id="sm-178">
         <name>__aeabi_memcpy8</name>
         <value>0x2605</value>
         <object_component_ref idref="oc-3f"/>
      </symbol>
      <symbol id="sm-179">
         <name>__aeabi_memcpy4</name>
         <value>0x2605</value>
         <object_component_ref idref="oc-3f"/>
      </symbol>
      <symbol id="sm-188">
         <name>__aeabi_memset</name>
         <value>0x28c3</value>
         <object_component_ref idref="oc-4b"/>
      </symbol>
      <symbol id="sm-189">
         <name>memset</name>
         <value>0x28c9</value>
         <object_component_ref idref="oc-4b"/>
      </symbol>
      <symbol id="sm-18a">
         <name>__aeabi_memset8</name>
         <value>0x28c3</value>
         <object_component_ref idref="oc-4b"/>
      </symbol>
      <symbol id="sm-18b">
         <name>__aeabi_memset4</name>
         <value>0x28c3</value>
         <object_component_ref idref="oc-4b"/>
      </symbol>
      <symbol id="sm-18c">
         <name>__aeabi_memclr8</name>
         <value>0x28c1</value>
         <object_component_ref idref="oc-4b"/>
      </symbol>
      <symbol id="sm-18d">
         <name>__aeabi_memclr4</name>
         <value>0x28c1</value>
         <object_component_ref idref="oc-4b"/>
      </symbol>
      <symbol id="sm-18e">
         <name>__aeabi_memclr</name>
         <value>0x28c1</value>
         <object_component_ref idref="oc-4b"/>
      </symbol>
      <symbol id="sm-198">
         <name>__mpu_init</name>
         <value>0x13ab</value>
         <object_component_ref idref="oc-57"/>
      </symbol>
      <symbol id="sm-1a2">
         <name>_system_pre_init</name>
         <value>0x2fdd</value>
         <object_component_ref idref="oc-5d"/>
      </symbol>
      <symbol id="sm-1aa">
         <name>main_func_sp</name>
         <value>0x20000728</value>
         <object_component_ref idref="oc-75"/>
      </symbol>
      <symbol id="sm-1c3">
         <name>_nop</name>
         <value>0x2f2f</value>
         <object_component_ref idref="oc-10a"/>
      </symbol>
      <symbol id="sm-1c4">
         <name>_lock</name>
         <value>0x2000070c</value>
         <object_component_ref idref="oc-b2"/>
      </symbol>
      <symbol id="sm-1c5">
         <name>_unlock</name>
         <value>0x20000710</value>
         <object_component_ref idref="oc-b2"/>
      </symbol>
      <symbol id="sm-1c6">
         <name>_register_lock</name>
         <value>0x2f27</value>
         <object_component_ref idref="oc-10a"/>
      </symbol>
      <symbol id="sm-1c7">
         <name>_register_unlock</name>
         <value>0x2f21</value>
         <object_component_ref idref="oc-10a"/>
      </symbol>
      <symbol id="sm-1db">
         <name>_args_main</name>
         <value>0x2eb5</value>
         <object_component_ref idref="oc-69"/>
      </symbol>
      <symbol id="sm-205">
         <name>__TI_auto_init</name>
         <value>0x293d</value>
         <object_component_ref idref="oc-63"/>
      </symbol>
      <symbol id="sm-21f">
         <name>copy_in</name>
         <value>0x2c15</value>
         <object_component_ref idref="oc-99"/>
      </symbol>
      <symbol id="sm-229">
         <name>_system_post_cinit</name>
         <value>0x1f8b</value>
         <object_component_ref idref="oc-9f"/>
      </symbol>
      <symbol id="sm-27b">
         <name>GPIOPinConfigure</name>
         <value>0x2cad</value>
         <object_component_ref idref="oc-18b"/>
      </symbol>
      <symbol id="sm-27c">
         <name>GPIOPinTypeGPIOInput</name>
         <value>0x2f5d</value>
         <object_component_ref idref="oc-167"/>
      </symbol>
      <symbol id="sm-27d">
         <name>GPIOPinTypeUART</name>
         <value>0x2f6f</value>
         <object_component_ref idref="oc-191"/>
      </symbol>
      <symbol id="sm-27e">
         <name>GPIOPinTypeGPIOOutput</name>
         <value>0x2e9d</value>
         <object_component_ref idref="oc-1da"/>
      </symbol>
      <symbol id="sm-27f">
         <name>GPIOPinRead</name>
         <value>0x2fcb</value>
         <object_component_ref idref="oc-173"/>
      </symbol>
      <symbol id="sm-280">
         <name>GPIODirModeSet</name>
         <value>0x2e1b</value>
         <object_component_ref idref="oc-17d"/>
      </symbol>
      <symbol id="sm-281">
         <name>GPIOPinWrite</name>
         <value>0x2fd1</value>
         <object_component_ref idref="oc-183"/>
      </symbol>
      <symbol id="sm-282">
         <name>GPIOPadConfigSet</name>
         <value>0x1e59</value>
         <object_component_ref idref="oc-16d"/>
      </symbol>
      <symbol id="sm-299">
         <name>IntRegister</name>
         <value>0x2d85</value>
         <object_component_ref idref="oc-1d1"/>
      </symbol>
      <symbol id="sm-29a">
         <name>g_pfnRAMVectors</name>
         <value>0x20000000</value>
         <object_component_ref idref="oc-232"/>
      </symbol>
      <symbol id="sm-2ec">
         <name>SysCtlClockSet</name>
         <value>0x23b1</value>
         <object_component_ref idref="oc-132"/>
      </symbol>
      <symbol id="sm-2ed">
         <name>SysCtlDelay</name>
         <value>0x2fd7</value>
         <object_component_ref idref="oc-131"/>
      </symbol>
      <symbol id="sm-2ee">
         <name>SysCtlPeripheralEnable</name>
         <value>0x2db9</value>
         <object_component_ref idref="oc-161"/>
      </symbol>
      <symbol id="sm-2ef">
         <name>SysCtlClockGet</name>
         <value>0x20a9</value>
         <object_component_ref idref="oc-138"/>
      </symbol>
      <symbol id="sm-34d">
         <name>schdExecute</name>
         <value>0x1555</value>
         <object_component_ref idref="oc-da"/>
      </symbol>
      <symbol id="sm-34e">
         <name>sysTimeWaitAbsolute</name>
         <value>0x148f</value>
         <object_component_ref idref="oc-da"/>
      </symbol>
      <symbol id="sm-34f">
         <name>lpInit</name>
         <value>0x16b7</value>
         <object_component_ref idref="oc-da"/>
      </symbol>
      <symbol id="sm-350">
         <name>sysTimeGet</name>
         <value>0x143f</value>
         <object_component_ref idref="oc-da"/>
      </symbol>
      <symbol id="sm-351">
         <name>sysTimeReached</name>
         <value>0x1445</value>
         <object_component_ref idref="oc-da"/>
      </symbol>
      <symbol id="sm-352">
         <name>waitUs</name>
         <value>0x1689</value>
         <object_component_ref idref="oc-da"/>
      </symbol>
      <symbol id="sm-353">
         <name>sysTimeWait</name>
         <value>0x146b</value>
         <object_component_ref idref="oc-da"/>
      </symbol>
      <symbol id="sm-354">
         <name>schdCallback</name>
         <value>0x14db</value>
         <object_component_ref idref="oc-da"/>
      </symbol>
      <symbol id="sm-355">
         <name>waitMs</name>
         <value>0x1659</value>
         <object_component_ref idref="oc-da"/>
      </symbol>
      <symbol id="sm-370">
         <name>ledInit</name>
         <value>0x258b</value>
         <object_component_ref idref="oc-156"/>
      </symbol>
      <symbol id="sm-371">
         <name>ledInitForced</name>
         <value>0x2569</value>
         <object_component_ref idref="oc-156"/>
      </symbol>
      <symbol id="sm-372">
         <name>ledTurnOnOff</name>
         <value>0x259f</value>
         <object_component_ref idref="oc-156"/>
      </symbol>
      <symbol id="sm-390">
         <name>pbInitForced</name>
         <value>0x26a1</value>
         <object_component_ref idref="oc-e0"/>
      </symbol>
      <symbol id="sm-391">
         <name>pbInit</name>
         <value>0x26d5</value>
         <object_component_ref idref="oc-e0"/>
      </symbol>
      <symbol id="sm-392">
         <name>pbRead</name>
         <value>0x26e9</value>
         <object_component_ref idref="oc-e0"/>
      </symbol>
      <symbol id="sm-3a9">
         <name>uartPutString</name>
         <value>0x2503</value>
         <object_component_ref idref="oc-ec"/>
      </symbol>
      <symbol id="sm-3aa">
         <name>uprintf</name>
         <value>0x252f</value>
         <object_component_ref idref="oc-ec"/>
      </symbol>
      <symbol id="sm-3ab">
         <name>uartInit</name>
         <value>0x24a5</value>
         <object_component_ref idref="oc-ec"/>
      </symbol>
      <symbol id="sm-3ac">
         <name>uartPutChar</name>
         <value>0x24df</value>
         <object_component_ref idref="oc-ec"/>
      </symbol>
      <symbol id="sm-3ad">
         <name>uartGetChar</name>
         <value>0x24f1</value>
         <object_component_ref idref="oc-ec"/>
      </symbol>
      <symbol id="sm-3c9">
         <name>__aeabi_uldivmod</name>
         <value>0x1979</value>
         <object_component_ref idref="oc-12c"/>
      </symbol>
      <symbol id="sm-3ea">
         <name>vsnprintf</name>
         <value>0x272d</value>
         <object_component_ref idref="oc-1a9"/>
      </symbol>
      <symbol id="sm-4eb">
         <name>__TI_printfi</name>
         <value>0xab1</value>
         <object_component_ref idref="oc-20c"/>
      </symbol>
      <symbol id="sm-501">
         <name>atoi</name>
         <value>0x2bc9</value>
         <object_component_ref idref="oc-283"/>
      </symbol>
      <symbol id="sm-50c">
         <name>_ctypes_</name>
         <value>0x2fe0</value>
         <object_component_ref idref="oc-2c0"/>
      </symbol>
      <symbol id="sm-523">
         <name>__aeabi_dsub</name>
         <value>0x1b6d</value>
         <object_component_ref idref="oc-26c"/>
      </symbol>
      <symbol id="sm-524">
         <name>__aeabi_dadd</name>
         <value>0x1b77</value>
         <object_component_ref idref="oc-26c"/>
      </symbol>
      <symbol id="sm-546">
         <name>__aeabi_cdcmpeq</name>
         <value>0x27b5</value>
         <object_component_ref idref="oc-248"/>
      </symbol>
      <symbol id="sm-547">
         <name>__aeabi_cdcmple</name>
         <value>0x27b5</value>
         <object_component_ref idref="oc-248"/>
      </symbol>
      <symbol id="sm-548">
         <name>__aeabi_cdrcmple</name>
         <value>0x283b</value>
         <object_component_ref idref="oc-257"/>
      </symbol>
      <symbol id="sm-55c">
         <name>__aeabi_ddiv</name>
         <value>0x1d23</value>
         <object_component_ref idref="oc-252"/>
      </symbol>
      <symbol id="sm-567">
         <name>__aeabi_dmul</name>
         <value>0x21b9</value>
         <object_component_ref idref="oc-24d"/>
      </symbol>
      <symbol id="sm-571">
         <name>__aeabi_d2iz</name>
         <value>0x2cf5</value>
         <object_component_ref idref="oc-25c"/>
      </symbol>
      <symbol id="sm-57b">
         <name>__aeabi_i2d</name>
         <value>0x2ded</value>
         <object_component_ref idref="oc-267"/>
      </symbol>
      <symbol id="sm-58a">
         <name>ltoa</name>
         <value>0x2b21</value>
         <object_component_ref idref="oc-261"/>
      </symbol>
      <symbol id="sm-59a">
         <name>memccpy</name>
         <value>0x2e81</value>
         <object_component_ref idref="oc-289"/>
      </symbol>
      <symbol id="sm-5b5">
         <name>frexpl</name>
         <value>0x2a15</value>
         <object_component_ref idref="oc-271"/>
      </symbol>
      <symbol id="sm-5b6">
         <name>frexp</name>
         <value>0x2a15</value>
         <object_component_ref idref="oc-271"/>
      </symbol>
      <symbol id="sm-5d3">
         <name>scalbn</name>
         <value>0x22b5</value>
         <object_component_ref idref="oc-277"/>
      </symbol>
      <symbol id="sm-5d4">
         <name>scalbnl</name>
         <value>0x22b5</value>
         <object_component_ref idref="oc-277"/>
      </symbol>
      <symbol id="sm-5d5">
         <name>ldexpl</name>
         <value>0x22b5</value>
         <object_component_ref idref="oc-277"/>
      </symbol>
      <symbol id="sm-5d6">
         <name>ldexp</name>
         <value>0x22b5</value>
         <object_component_ref idref="oc-277"/>
      </symbol>
      <symbol id="sm-5e6">
         <name>strchr</name>
         <value>0x2ecd</value>
         <object_component_ref idref="oc-27d"/>
      </symbol>
      <symbol id="sm-5f4">
         <name>strlen</name>
         <value>0x2f49</value>
         <object_component_ref idref="oc-242"/>
      </symbol>
      <symbol id="sm-5fc">
         <name>errno</name>
         <value>0x20000724</value>
         <object_component_ref idref="oc-2b9"/>
      </symbol>
      <symbol id="sm-606">
         <name>copysign</name>
         <value>0x2f35</value>
         <object_component_ref idref="oc-2b3"/>
      </symbol>
      <symbol id="sm-607">
         <name>copysignl</name>
         <value>0x2f35</value>
         <object_component_ref idref="oc-2b3"/>
      </symbol>
      <symbol id="sm-634">
         <name>SysTickEnable</name>
         <value>0x2ee5</value>
         <object_component_ref idref="oc-150"/>
      </symbol>
      <symbol id="sm-635">
         <name>SysTickIntRegister</name>
         <value>0x2e65</value>
         <object_component_ref idref="oc-144"/>
      </symbol>
      <symbol id="sm-636">
         <name>SysTickIntEnable</name>
         <value>0x2ef9</value>
         <object_component_ref idref="oc-14a"/>
      </symbol>
      <symbol id="sm-637">
         <name>SysTickPeriodSet</name>
         <value>0x2f81</value>
         <object_component_ref idref="oc-13e"/>
      </symbol>
      <symbol id="sm-66a">
         <name>UARTConfigSetExpClk</name>
         <value>0x2d3d</value>
         <object_component_ref idref="oc-197"/>
      </symbol>
      <symbol id="sm-66b">
         <name>UARTDisable</name>
         <value>0x2e45</value>
         <object_component_ref idref="oc-1fc"/>
      </symbol>
      <symbol id="sm-66c">
         <name>UARTCharPut</name>
         <value>0x2fc1</value>
         <object_component_ref idref="oc-19d"/>
      </symbol>
      <symbol id="sm-66d">
         <name>UARTEnable</name>
         <value>0x2f0d</value>
         <object_component_ref idref="oc-202"/>
      </symbol>
      <symbol id="sm-66e">
         <name>UARTCharGet</name>
         <value>0x2fb7</value>
         <object_component_ref idref="oc-1a3"/>
      </symbol>
      <symbol id="sm-66f">
         <name>__TI_static_base__</name>
         <value>0x0</value>
      </symbol>
      <symbol id="sm-672">
         <name>SHT$$INIT_ARRAY$$Limit</name>
         <value>0x0</value>
      </symbol>
      <symbol id="sm-673">
         <name>SHT$$INIT_ARRAY$$Base</name>
         <value>0x0</value>
      </symbol>
   </symbol_table>
   <title>Link successful</title>
</link_info>
