******************************************************************************
                  TI ARM Linker PC v16.9.6                     
******************************************************************************
>> Linked Wed Feb 28 12:10:04 2018

OUTPUT FILE NAME:   <Lab5.out>
ENTRY POINT SYMBOL: "_c_int00"  address: 00002a29


MEMORY CONFIGURATION

         name            origin    length      used     unused   attr    fill
----------------------  --------  ---------  --------  --------  ----  --------
  FLASH                 00000000   00040000  000034ee  0003cb12  R  X
  SRAM                  20000000   00008000  00000728  000078d8  RW X


SEGMENT ALLOCATION MAP

run origin  load origin   length   init length attrs members
----------  ----------- ---------- ----------- ----- -------
00000000    00000000    000034f0   000034f0    r-x
  00000000    00000000    0000026c   0000026c    r-- .intvecs
  0000026c    0000026c    00002d96   00002d96    r-x .text
  00003004    00003004    000004a4   000004a4    r-- .const
  000034a8    000034a8    00000048   00000048    r-- .cinit
20000000    20000000    00000728   00000000    rw-
  20000000    20000000    0000026c   00000000    rw- .vtable
  2000026c    2000026c    00000400   00000000    rw- .stack
  2000066c    2000066c    00000084   00000000    rw- .bss
  200006f0    200006f0    00000038   00000000    rw- .data


SECTION ALLOCATION MAP

 output                                  attributes/
section   page    origin      length       input sections
--------  ----  ----------  ----------   ----------------
.intvecs   0    00000000    0000026c     
                  00000000    0000026c     tm4c123gh6pm_startup_ccs.obj (.intvecs)

.text      0    0000026c    00002d96     
                  0000026c    0000113e     rtsv7M4_T_le_v4SPD16_eabi.lib : _printfi.obj (.text)
                  000013aa    00000002                                   : mpu_init.obj (.text)
                  000013ac    000003d0     Util.lib : launchpad.obj (.text)
                  0000177c    00000208     main.obj (.text)
                  00001984    000001f4     rtsv7M4_T_le_v4SPD16_eabi.lib : ull_div_t2.obj (.text)
                  00001b78    000001b6                                   : fd_add_t2.obj (.text)
                  00001d2e    00000136                                   : fd_div_t2.obj (.text)
                  00001e64    00000132     driverlib.lib : gpio.obj (.text:GPIOPadConfigSet)
                  00001f96    00000002     rtsv7M4_T_le_v4SPD16_eabi.lib : startup.obj (.text)
                  00001f98    00000110     driverlib.lib : sysctl.obj (.text:SysCtlClockGet)
                  000020a8    000000fc     rtsv7M4_T_le_v4SPD16_eabi.lib : fd_mul_t2.obj (.text)
                  000021a4    000000fc                                   : s_scalbn.obj (.text)
                  000022a0    000000f4     driverlib.lib : sysctl.obj (.text:SysCtlClockSet)
                  00002394    000000c4     Util.lib : uart.obj (.text)
                  00002458    0000009c              : led.obj (.text)
                  000024f4    0000009c     rtsv7M4_T_le_v4SPD16_eabi.lib : memcpy_t2.obj (.text)
                  00002590    0000008c     Util.lib : pushbutton.obj (.text)
                  0000261c    00000088     rtsv7M4_T_le_v4SPD16_eabi.lib : vsnprintf.obj (.text)
                  000026a4    00000086                                   : fd_cmp_t2.obj (.text:__aeabi_cdcmple)
                  0000272a    00000086                                   : fd_cmp_t2.obj (.text:__aeabi_cdrcmple)
                  000027b0    0000007a                                   : memset_t2.obj (.text)
                  0000282a    00000002     --HOLE-- [fill = 0]
                  0000282c    00000070                                   : autoinit.obj (.text)
                  0000289c    00000068     driverlib.lib : interrupt.obj (.text:IntEnable)
                  00002904    00000068     rtsv7M4_T_le_v4SPD16_eabi.lib : copy_decompress_lzss.obj (.text:decompress:lzss)
                  0000296c    00000064                                   : s_frexp.obj (.text)
                  000029d0    00000056     driverlib.lib : gpio.obj (.text:GPIOIntTypeSet)
                  00002a26    00000002     --HOLE-- [fill = 0]
                  00002a28    00000054     rtsv7M4_T_le_v4SPD16_eabi.lib : boot.obj (.text)
                  00002a7c    00000054                                   : exit.obj (.text)
                  00002ad0    00000054                                   : ltoa.obj (.text)
                  00002b24    0000004c                                   : atoi.obj (.text)
                  00002b70    0000004c                                   : cpy_tbl.obj (.text)
                  00002bbc    00000048     driverlib.lib : gpio.obj (.text:GPIOPinConfigure)
                  00002c04    00000048     rtsv7M4_T_le_v4SPD16_eabi.lib : fd_toi_t2.obj (.text)
                  00002c4c    00000046     driverlib.lib : uart.obj (.text:UARTConfigSetExpClk)
                  00002c92    00000002     --HOLE-- [fill = 0]
                  00002c94    00000044                   : gpio.obj (.text:_GPIOIntNumberGet)
                  00002cd8    00000034                   : interrupt.obj (.text:IntRegister)
                  00002d0c    00000034                   : sysctl.obj (.text:SysCtlPeripheralEnable)
                  00002d40    00000034     motion.obj (.text)
                  00002d74    0000002e     rtsv7M4_T_le_v4SPD16_eabi.lib : i_tofd_t2.obj (.text)
                  00002da2    0000002a     driverlib.lib : gpio.obj (.text:GPIODirModeSet)
                  00002dcc    00000024                   : interrupt.obj (.text:IntPrioritySet)
                  00002df0    00000020                   : uart.obj (.text:UARTDisable)
                  00002e10    0000001c                   : systick.obj (.text:SysTickIntRegister)
                  00002e2c    0000001c     rtsv7M4_T_le_v4SPD16_eabi.lib : memccpy.obj (.text)
                  00002e48    00000018     driverlib.lib : gpio.obj (.text:GPIOIntRegister)
                  00002e60    00000018                   : gpio.obj (.text:GPIOPinTypeGPIOOutput)
                  00002e78    00000018     rtsv7M4_T_le_v4SPD16_eabi.lib : args_main.obj (.text)
                  00002e90    00000016                                   : strchr.obj (.text)
                  00002ea6    00000002     --HOLE-- [fill = 0]
                  00002ea8    00000014     driverlib.lib : systick.obj (.text:SysTickEnable)
                  00002ebc    00000014                   : systick.obj (.text:SysTickIntDisable)
                  00002ed0    00000014                   : systick.obj (.text:SysTickIntEnable)
                  00002ee4    00000014                   : uart.obj (.text:UARTEnable)
                  00002ef8    00000014     rtsv7M4_T_le_v4SPD16_eabi.lib : _lock.obj (.text)
                  00002f0c    00000014                                   : s_copysign.obj (.text)
                  00002f20    00000014                                   : strlen.obj (.text)
                  00002f34    00000012     driverlib.lib : gpio.obj (.text:GPIOPinTypeGPIOInput)
                  00002f46    00000012                   : gpio.obj (.text:GPIOPinTypeUART)
                  00002f58    00000010                   : interrupt.obj (.text:IntMasterDisable)
                  00002f68    00000010                   : interrupt.obj (.text:IntMasterEnable)
                  00002f78    00000010                   : systick.obj (.text:SysTickPeriodSet)
                  00002f88    0000000e     rtsv7M4_T_le_v4SPD16_eabi.lib : copy_decompress_none.obj (.text:decompress:none)
                  00002f96    0000000c     driverlib.lib : cpu.obj (.text:CPUcpsid)
                  00002fa2    0000000c                   : cpu.obj (.text:CPUcpsie)
                  00002fae    0000000c                   : gpio.obj (.text:GPIOIntEnable)
                  00002fba    0000000c     rtsv7M4_T_le_v4SPD16_eabi.lib : copy_zero_init.obj (.text:decompress:ZI)
                  00002fc6    0000000c     tm4c123gh6pm_startup_ccs.obj (.text)
                  00002fd2    0000000a     driverlib.lib : uart.obj (.text:UARTCharGet)
                  00002fdc    0000000a                   : uart.obj (.text:UARTCharPut)
                  00002fe6    00000006                   : gpio.obj (.text:GPIOIntClear)
                  00002fec    00000006                   : gpio.obj (.text:GPIOPinRead)
                  00002ff2    00000006                   : gpio.obj (.text:GPIOPinWrite)
                  00002ff8    00000006                   : sysctl.obj (.text:SysCtlDelay)
                  00002ffe    00000004     rtsv7M4_T_le_v4SPD16_eabi.lib : pre_init.obj (.text)

.const     0    00003004    000004a4     
                  00003004    00000101     rtsv7M4_T_le_v4SPD16_eabi.lib : ctype.obj (.const:.string:_ctypes_)
                  00003105    00000003     --HOLE-- [fill = 0]
                  00003108    000000d8     driverlib.lib : gpio.obj (.const:g_ppui32GPIOIntMapSnowflake)
                  000031e0    000000c0                   : gpio.obj (.const:g_ppui32GPIOIntMapBlizzard)
                  000032a0    0000009c                   : interrupt.obj (.const:g_pui32Regs)
                  0000333c    00000090                   : gpio.obj (.const:g_pui32GPIOBaseAddrs)
                  000033cc    00000070                   : interrupt.obj (.const)
                  0000343c    0000006c                   : sysctl.obj (.const:g_pui32Xtals)

.cinit     0    000034a8    00000048     
                  000034a8    00000012     (.cinit..data.load) [load image, compression = lzss]
                  000034ba    00000002     --HOLE-- [fill = 0]
                  000034bc    0000000c     (__TI_handler_table)
                  000034c8    00000008     (.cinit..bss.load) [load image, compression = zero_init]
                  000034d0    00000008     (.cinit..vtable.load) [load image, compression = zero_init]
                  000034d8    00000018     (__TI_cinit_table)

.init_array 
*          0    00000000    00000000     UNINITIALIZED

.vtable    0    20000000    0000026c     UNINITIALIZED
                  20000000    0000026c     driverlib.lib : interrupt.obj (.vtable)

.stack     0    2000026c    00000400     UNINITIALIZED
                  2000026c    00000400     --HOLE--

.bss       0    2000066c    00000084     UNINITIALIZED
                  2000066c    00000080     Util.lib : launchpad.obj (.bss:callbackHeap)
                  200006ec    00000004              : launchpad.obj (.bss)

.data      0    200006f0    00000038     UNINITIALIZED
                  200006f0    0000000c     rtsv7M4_T_le_v4SPD16_eabi.lib : exit.obj (.data:$O1$$)
                  200006fc    00000009     main.obj (.data:colorTable)
                  20000705    00000001     Util.lib : led.obj (.data)
                  20000706    00000001              : pushbutton.obj (.data)
                  20000707    00000001     --HOLE--
                  20000708    00000008     rtsv7M4_T_le_v4SPD16_eabi.lib : _lock.obj (.data:$O1$$)
                  20000710    00000008     Util.lib : launchpad.obj (.data)
                  20000718    00000008     main.obj (.data)
                  20000720    00000004     rtsv7M4_T_le_v4SPD16_eabi.lib : errno.obj (.data)
                  20000724    00000004                                   : stkdepth_vars.obj (.data)

MODULE SUMMARY

       Module                         code    ro data   rw data
       ------                         ----    -------   -------
    .\
       tm4c123gh6pm_startup_ccs.obj   12      620       0      
       main.obj                       520     0         17     
       motion.obj                     52      0         0      
    +--+------------------------------+-------+---------+---------+
       Total:                         584     620       17     
                                                               
    C:/Users/hsamp/workspace_v8/Util/Debug/Util.lib
       launchpad.obj                  976     0         140    
       uart.obj                       196     0         0      
       led.obj                        156     0         1      
       pushbutton.obj                 140     0         1      
    +--+------------------------------+-------+---------+---------+
       Total:                         1468    0         142    
                                                               
    C:/ti/TivaWare_C_Series-2.1.4.178/driverlib/ccs/Debug/driverlib.lib
       gpio.obj                       688     552       0      
       interrupt.obj                  224     268       620    
       sysctl.obj                     574     108       0      
       uart.obj                       142     0         0      
       systick.obj                    104     0         0      
       cpu.obj                        24      0         0      
    +--+------------------------------+-------+---------+---------+
       Total:                         1756    928       620    
                                                               
    C:\ti\ccsv7\tools\compiler\ti-cgt-arm_16.9.6.LTS\lib\rtsv7M4_T_le_v4SPD16_eabi.lib
       _printfi.obj                   4414    0         0      
       ull_div_t2.obj                 500     0         0      
       fd_add_t2.obj                  438     0         0      
       fd_div_t2.obj                  310     0         0      
       fd_cmp_t2.obj                  268     0         0      
       ctype.obj                      0       257       0      
       fd_mul_t2.obj                  252     0         0      
       s_scalbn.obj                   252     0         0      
       memcpy_t2.obj                  156     0         0      
       vsnprintf.obj                  136     0         0      
       memset_t2.obj                  122     0         0      
       autoinit.obj                   112     0         0      
       copy_decompress_lzss.obj       104     0         0      
       s_frexp.obj                    100     0         0      
       exit.obj                       84      0         12     
       boot.obj                       84      0         0      
       ltoa.obj                       84      0         0      
       atoi.obj                       76      0         0      
       cpy_tbl.obj                    76      0         0      
       fd_toi_t2.obj                  72      0         0      
       i_tofd_t2.obj                  46      0         0      
       _lock.obj                      20      0         8      
       memccpy.obj                    28      0         0      
       args_main.obj                  24      0         0      
       strchr.obj                     22      0         0      
       s_copysign.obj                 20      0         0      
       strlen.obj                     20      0         0      
       copy_decompress_none.obj       14      0         0      
       copy_zero_init.obj             12      0         0      
       errno.obj                      0       0         4      
       pre_init.obj                   4       0         0      
       stkdepth_vars.obj              0       0         4      
       mpu_init.obj                   2       0         0      
       startup.obj                    2       0         0      
    +--+------------------------------+-------+---------+---------+
       Total:                         7854    257       28     
                                                               
       Stack:                         0       0         1024   
       Linker Generated:              0       70        0      
    +--+------------------------------+-------+---------+---------+
       Grand Total:                   11662   1875      1831   


LINKER GENERATED COPY TABLES

__TI_cinit_table @ 000034d8 records: 3, size/record: 8, table size: 24
	.data: load addr=000034a8, load size=00000012 bytes, run addr=200006f0, run size=00000038 bytes, compression=lzss
	.bss: load addr=000034c8, load size=00000008 bytes, run addr=2000066c, run size=00000084 bytes, compression=zero_init
	.vtable: load addr=000034d0, load size=00000008 bytes, run addr=20000000, run size=0000026c bytes, compression=zero_init


LINKER GENERATED HANDLER TABLE

__TI_handler_table @ 000034bc records: 3, size/record: 4, table size: 12
	index: 0, handler: __TI_zero_init
	index: 1, handler: __TI_decompress_lzss
	index: 2, handler: __TI_decompress_none


GLOBAL SYMBOLS: SORTED ALPHABETICALLY BY Name 

address   name                           
-------   ----                           
00002a7d  C$$EXIT                        
00002f97  CPUcpsid                       
00002fa3  CPUcpsie                       
00002da3  GPIODirModeSet                 
00002fe7  GPIOIntClear                   
00002faf  GPIOIntEnable                  
00002e49  GPIOIntRegister                
000029d1  GPIOIntTypeSet                 
00001e65  GPIOPadConfigSet               
00002bbd  GPIOPinConfigure               
00002fed  GPIOPinRead                    
00002f35  GPIOPinTypeGPIOInput           
00002e61  GPIOPinTypeGPIOOutput          
00002f47  GPIOPinTypeUART                
00002ff3  GPIOPinWrite                   
0000289d  IntEnable                      
00002f59  IntMasterDisable               
00002f69  IntMasterEnable                
00002dcd  IntPrioritySet                 
00002cd9  IntRegister                    
00002fc7  ResetISR                       
UNDEFED   SHT$$INIT_ARRAY$$Base          
UNDEFED   SHT$$INIT_ARRAY$$Limit         
00001f99  SysCtlClockGet                 
000022a1  SysCtlClockSet                 
00002ff9  SysCtlDelay                    
00002d0d  SysCtlPeripheralEnable         
00002ea9  SysTickEnable                  
00002ebd  SysTickIntDisable              
00002ed1  SysTickIntEnable               
00002e11  SysTickIntRegister             
00002f79  SysTickPeriodSet               
00002fd3  UARTCharGet                    
00002fdd  UARTCharPut                    
00002c4d  UARTConfigSetExpClk            
00002df1  UARTDisable                    
00002ee5  UARTEnable                     
2000066c  __STACK_END                    
00000400  __STACK_SIZE                   
2000046c  __STACK_TOP                    
000034d8  __TI_CINIT_Base                
000034f0  __TI_CINIT_Limit               
000034bc  __TI_Handler_Table_Base        
000034c8  __TI_Handler_Table_Limit       
0000282d  __TI_auto_init                 
200006f0  __TI_cleanup_ptr               
00002905  __TI_decompress_lzss           
00002f89  __TI_decompress_none           
200006f4  __TI_dtors_ptr                 
200006f8  __TI_enable_exit_profile_output
ffffffff  __TI_pprof_out_hndl            
00000ab1  __TI_printfi                   
ffffffff  __TI_prof_data_size            
ffffffff  __TI_prof_data_start           
00000000  __TI_static_base__             
00002fbb  __TI_zero_init                 
000026a5  __aeabi_cdcmpeq                
000026a5  __aeabi_cdcmple                
0000272b  __aeabi_cdrcmple               
00002c05  __aeabi_d2iz                   
00001b83  __aeabi_dadd                   
00001d2f  __aeabi_ddiv                   
000020a9  __aeabi_dmul                   
00001b79  __aeabi_dsub                   
00002d75  __aeabi_i2d                    
000027b1  __aeabi_memclr                 
000027b1  __aeabi_memclr4                
000027b1  __aeabi_memclr8                
000024f5  __aeabi_memcpy                 
000024f5  __aeabi_memcpy4                
000024f5  __aeabi_memcpy8                
000027b3  __aeabi_memset                 
000027b3  __aeabi_memset4                
000027b3  __aeabi_memset8                
00001985  __aeabi_uldivmod               
ffffffff  __binit__                      
ffffffff  __c_args__                     
000013ab  __mpu_init                     
2000026c  __stack                        
00002e79  _args_main                     
00002a29  _c_int00                       
00003004  _ctypes_                       
20000708  _lock                          
00002f07  _nop                           
00002eff  _register_lock                 
00002ef9  _register_unlock               
00001f97  _system_post_cinit             
00002fff  _system_pre_init               
2000070c  _unlock                        
00002a81  abort                          
00002b25  atoi                           
ffffffff  binit                          
2000071c  code                           
00002b71  copy_in                        
00002f0d  copysign                       
00002f0d  copysignl                      
20000720  errno                          
00002a89  exit                           
0000296d  frexp                          
0000296d  frexpl                         
20000000  g_pfnRAMVectors                
00000000  g_pfnVectors                   
000021a5  ldexp                          
000021a5  ldexpl                         
0000177d  ledFlash                       
0000247b  ledInit                        
00002459  ledInitForced                  
0000248f  ledTurnOnOff                   
000016b7  lpInit                         
00002ad1  ltoa                           
000018fb  main                           
20000724  main_func_sp                   
00002e2d  memccpy                        
000024f5  memcpy                         
000027b9  memset                         
00002d49  motionInit                     
00002d61  motionStart                    
000025c5  pbInit                         
00002591  pbInitForced                   
000017e5  pbIntrHandler                  
00001831  pbIntrHandler3                 
000025d9  pbRead                         
000021a5  scalbn                         
000021a5  scalbnl                        
000014db  schdCallback                   
00001555  schdExecute                    
0000187d  setInterrupts                  
000018a7  setInterrupts2                 
000018d1  setInterrupts3                 
00002e91  strchr                         
00002f21  strlen                         
0000143f  sysTimeGet                     
00001445  sysTimeReached                 
0000146b  sysTimeWait                    
0000148f  sysTimeWaitAbsolute            
000023e1  uartGetChar                    
00002395  uartInit                       
000023cf  uartPutChar                    
000023f3  uartPutString                  
0000241f  uprintf                        
0000261d  vsnprintf                      
00001659  waitMs                         
00001689  waitUs                         


GLOBAL SYMBOLS: SORTED BY Symbol Address 

address   name                           
-------   ----                           
00000000  __TI_static_base__             
00000000  g_pfnVectors                   
00000400  __STACK_SIZE                   
00000ab1  __TI_printfi                   
000013ab  __mpu_init                     
0000143f  sysTimeGet                     
00001445  sysTimeReached                 
0000146b  sysTimeWait                    
0000148f  sysTimeWaitAbsolute            
000014db  schdCallback                   
00001555  schdExecute                    
00001659  waitMs                         
00001689  waitUs                         
000016b7  lpInit                         
0000177d  ledFlash                       
000017e5  pbIntrHandler                  
00001831  pbIntrHandler3                 
0000187d  setInterrupts                  
000018a7  setInterrupts2                 
000018d1  setInterrupts3                 
000018fb  main                           
00001985  __aeabi_uldivmod               
00001b79  __aeabi_dsub                   
00001b83  __aeabi_dadd                   
00001d2f  __aeabi_ddiv                   
00001e65  GPIOPadConfigSet               
00001f97  _system_post_cinit             
00001f99  SysCtlClockGet                 
000020a9  __aeabi_dmul                   
000021a5  ldexp                          
000021a5  ldexpl                         
000021a5  scalbn                         
000021a5  scalbnl                        
000022a1  SysCtlClockSet                 
00002395  uartInit                       
000023cf  uartPutChar                    
000023e1  uartGetChar                    
000023f3  uartPutString                  
0000241f  uprintf                        
00002459  ledInitForced                  
0000247b  ledInit                        
0000248f  ledTurnOnOff                   
000024f5  __aeabi_memcpy                 
000024f5  __aeabi_memcpy4                
000024f5  __aeabi_memcpy8                
000024f5  memcpy                         
00002591  pbInitForced                   
000025c5  pbInit                         
000025d9  pbRead                         
0000261d  vsnprintf                      
000026a5  __aeabi_cdcmpeq                
000026a5  __aeabi_cdcmple                
0000272b  __aeabi_cdrcmple               
000027b1  __aeabi_memclr                 
000027b1  __aeabi_memclr4                
000027b1  __aeabi_memclr8                
000027b3  __aeabi_memset                 
000027b3  __aeabi_memset4                
000027b3  __aeabi_memset8                
000027b9  memset                         
0000282d  __TI_auto_init                 
0000289d  IntEnable                      
00002905  __TI_decompress_lzss           
0000296d  frexp                          
0000296d  frexpl                         
000029d1  GPIOIntTypeSet                 
00002a29  _c_int00                       
00002a7d  C$$EXIT                        
00002a81  abort                          
00002a89  exit                           
00002ad1  ltoa                           
00002b25  atoi                           
00002b71  copy_in                        
00002bbd  GPIOPinConfigure               
00002c05  __aeabi_d2iz                   
00002c4d  UARTConfigSetExpClk            
00002cd9  IntRegister                    
00002d0d  SysCtlPeripheralEnable         
00002d49  motionInit                     
00002d61  motionStart                    
00002d75  __aeabi_i2d                    
00002da3  GPIODirModeSet                 
00002dcd  IntPrioritySet                 
00002df1  UARTDisable                    
00002e11  SysTickIntRegister             
00002e2d  memccpy                        
00002e49  GPIOIntRegister                
00002e61  GPIOPinTypeGPIOOutput          
00002e79  _args_main                     
00002e91  strchr                         
00002ea9  SysTickEnable                  
00002ebd  SysTickIntDisable              
00002ed1  SysTickIntEnable               
00002ee5  UARTEnable                     
00002ef9  _register_unlock               
00002eff  _register_lock                 
00002f07  _nop                           
00002f0d  copysign                       
00002f0d  copysignl                      
00002f21  strlen                         
00002f35  GPIOPinTypeGPIOInput           
00002f47  GPIOPinTypeUART                
00002f59  IntMasterDisable               
00002f69  IntMasterEnable                
00002f79  SysTickPeriodSet               
00002f89  __TI_decompress_none           
00002f97  CPUcpsid                       
00002fa3  CPUcpsie                       
00002faf  GPIOIntEnable                  
00002fbb  __TI_zero_init                 
00002fc7  ResetISR                       
00002fd3  UARTCharGet                    
00002fdd  UARTCharPut                    
00002fe7  GPIOIntClear                   
00002fed  GPIOPinRead                    
00002ff3  GPIOPinWrite                   
00002ff9  SysCtlDelay                    
00002fff  _system_pre_init               
00003004  _ctypes_                       
000034bc  __TI_Handler_Table_Base        
000034c8  __TI_Handler_Table_Limit       
000034d8  __TI_CINIT_Base                
000034f0  __TI_CINIT_Limit               
20000000  g_pfnRAMVectors                
2000026c  __stack                        
2000046c  __STACK_TOP                    
2000066c  __STACK_END                    
200006f0  __TI_cleanup_ptr               
200006f4  __TI_dtors_ptr                 
200006f8  __TI_enable_exit_profile_output
20000708  _lock                          
2000070c  _unlock                        
2000071c  code                           
20000720  errno                          
20000724  main_func_sp                   
ffffffff  __TI_pprof_out_hndl            
ffffffff  __TI_prof_data_size            
ffffffff  __TI_prof_data_start           
ffffffff  __binit__                      
ffffffff  __c_args__                     
ffffffff  binit                          
UNDEFED   SHT$$INIT_ARRAY$$Base          
UNDEFED   SHT$$INIT_ARRAY$$Limit         

[143 symbols]
