******************************************************************************
                  TI ARM Linker PC v16.9.6                     
******************************************************************************
>> Linked Tue Feb 27 23:14:33 2018

OUTPUT FILE NAME:   <Lab4.out>
ENTRY POINT SYMBOL: "_c_int00"  address: 00002965


MEMORY CONFIGURATION

         name            origin    length      used     unused   attr    fill
----------------------  --------  ---------  --------  --------  ----  --------
  FLASH                 00000000   00040000  000030f0  0003cf10  R  X
  SRAM                  20000000   00008000  0000071d  000078e3  RW X


SEGMENT ALLOCATION MAP

run origin  load origin   length   init length attrs members
----------  ----------- ---------- ----------- ----- -------
00000000    00000000    000030f0   000030f0    r-x
  00000000    00000000    0000026c   0000026c    r-- .intvecs
  0000026c    0000026c    00002c3c   00002c3c    r-x .text
  00002ea8    00002ea8    00000200   00000200    r-- .const
  000030a8    000030a8    00000048   00000048    r-- .cinit
20000000    20000000    0000071d   00000000    rw-
  20000000    20000000    0000026c   00000000    rw- .vtable
  2000026c    2000026c    00000400   00000000    rw- .stack
  2000066c    2000066c    00000084   00000000    rw- .bss
  200006f0    200006f0    0000002d   00000000    rw- .data


SECTION ALLOCATION MAP

 output                                  attributes/
section   page    origin      length       input sections
--------  ----  ----------  ----------   ----------------
.intvecs   0    00000000    0000026c     
                  00000000    0000026c     tm4c123gh6pm_startup_ccs.obj (.intvecs)

.text      0    0000026c    00002c3c     
                  0000026c    0000113e     rtsv7M4_T_le_v4SPD16_eabi.lib : _printfi.obj (.text)
                  000013aa    00000002                                   : mpu_init.obj (.text)
                  000013ac    000003d0     Util.lib : launchpad.obj (.text)
                  0000177c    00000204     main.obj (.text)
                  00001980    000001f4     rtsv7M4_T_le_v4SPD16_eabi.lib : ull_div_t2.obj (.text)
                  00001b74    000001b6                                   : fd_add_t2.obj (.text)
                  00001d2a    00000136                                   : fd_div_t2.obj (.text)
                  00001e60    00000132     driverlib.lib : gpio.obj (.text:GPIOPadConfigSet)
                  00001f92    00000002     rtsv7M4_T_le_v4SPD16_eabi.lib : startup.obj (.text)
                  00001f94    00000110     driverlib.lib : sysctl.obj (.text:SysCtlClockGet)
                  000020a4    000000fc     rtsv7M4_T_le_v4SPD16_eabi.lib : fd_mul_t2.obj (.text)
                  000021a0    000000fc                                   : s_scalbn.obj (.text)
                  0000229c    000000f4     driverlib.lib : sysctl.obj (.text:SysCtlClockSet)
                  00002390    000000c4     Util.lib : uart.obj (.text)
                  00002454    0000009c              : led.obj (.text)
                  000024f0    0000009c     rtsv7M4_T_le_v4SPD16_eabi.lib : memcpy_t2.obj (.text)
                  0000258c    0000008c     Util.lib : pushbutton.obj (.text)
                  00002618    00000088     rtsv7M4_T_le_v4SPD16_eabi.lib : vsnprintf.obj (.text)
                  000026a0    00000086                                   : fd_cmp_t2.obj (.text:__aeabi_cdcmple)
                  00002726    00000086                                   : fd_cmp_t2.obj (.text:__aeabi_cdrcmple)
                  000027ac    0000007a                                   : memset_t2.obj (.text)
                  00002826    00000002     --HOLE-- [fill = 0]
                  00002828    00000070                                   : autoinit.obj (.text)
                  00002898    00000068                                   : copy_decompress_lzss.obj (.text:decompress:lzss)
                  00002900    00000064                                   : s_frexp.obj (.text)
                  00002964    00000054                                   : boot.obj (.text)
                  000029b8    00000054                                   : exit.obj (.text)
                  00002a0c    00000054                                   : ltoa.obj (.text)
                  00002a60    0000004c                                   : atoi.obj (.text)
                  00002aac    0000004c                                   : cpy_tbl.obj (.text)
                  00002af8    00000048     driverlib.lib : gpio.obj (.text:GPIOPinConfigure)
                  00002b40    00000048     buzzer.obj (.text)
                  00002b88    00000048     rtsv7M4_T_le_v4SPD16_eabi.lib : fd_toi_t2.obj (.text)
                  00002bd0    00000046     driverlib.lib : uart.obj (.text:UARTConfigSetExpClk)
                  00002c16    00000002     --HOLE-- [fill = 0]
                  00002c18    00000034                   : interrupt.obj (.text:IntRegister)
                  00002c4c    00000034                   : sysctl.obj (.text:SysCtlPeripheralEnable)
                  00002c80    00000034     motion.obj (.text)
                  00002cb4    0000002e     rtsv7M4_T_le_v4SPD16_eabi.lib : i_tofd_t2.obj (.text)
                  00002ce2    0000002a     driverlib.lib : gpio.obj (.text:GPIODirModeSet)
                  00002d0c    00000020                   : uart.obj (.text:UARTDisable)
                  00002d2c    0000001c                   : systick.obj (.text:SysTickIntRegister)
                  00002d48    0000001c     rtsv7M4_T_le_v4SPD16_eabi.lib : memccpy.obj (.text)
                  00002d64    00000018     driverlib.lib : gpio.obj (.text:GPIOPinTypeGPIOOutput)
                  00002d7c    00000018     rtsv7M4_T_le_v4SPD16_eabi.lib : args_main.obj (.text)
                  00002d94    00000016                                   : strchr.obj (.text)
                  00002daa    00000002     --HOLE-- [fill = 0]
                  00002dac    00000014     driverlib.lib : systick.obj (.text:SysTickEnable)
                  00002dc0    00000014                   : systick.obj (.text:SysTickIntEnable)
                  00002dd4    00000014                   : uart.obj (.text:UARTEnable)
                  00002de8    00000014     rtsv7M4_T_le_v4SPD16_eabi.lib : _lock.obj (.text)
                  00002dfc    00000014                                   : s_copysign.obj (.text)
                  00002e10    00000014                                   : strlen.obj (.text)
                  00002e24    00000012     driverlib.lib : gpio.obj (.text:GPIOPinTypeGPIOInput)
                  00002e36    00000012                   : gpio.obj (.text:GPIOPinTypeUART)
                  00002e48    00000010                   : systick.obj (.text:SysTickPeriodSet)
                  00002e58    0000000e     rtsv7M4_T_le_v4SPD16_eabi.lib : copy_decompress_none.obj (.text:decompress:none)
                  00002e66    0000000c                                   : copy_zero_init.obj (.text:decompress:ZI)
                  00002e72    0000000c     tm4c123gh6pm_startup_ccs.obj (.text)
                  00002e7e    0000000a     driverlib.lib : uart.obj (.text:UARTCharGet)
                  00002e88    0000000a                   : uart.obj (.text:UARTCharPut)
                  00002e92    00000006                   : gpio.obj (.text:GPIOPinRead)
                  00002e98    00000006                   : gpio.obj (.text:GPIOPinWrite)
                  00002e9e    00000006                   : sysctl.obj (.text:SysCtlDelay)
                  00002ea4    00000004     rtsv7M4_T_le_v4SPD16_eabi.lib : pre_init.obj (.text)

.const     0    00002ea8    00000200     
                  00002ea8    00000101     rtsv7M4_T_le_v4SPD16_eabi.lib : ctype.obj (.const:.string:_ctypes_)
                  00002fa9    00000003     --HOLE-- [fill = 0]
                  00002fac    00000090     driverlib.lib : gpio.obj (.const:g_pui32GPIOBaseAddrs)
                  0000303c    0000006c                   : sysctl.obj (.const:g_pui32Xtals)

.cinit     0    000030a8    00000048     
                  000030a8    00000014     (.cinit..data.load) [load image, compression = lzss]
                  000030bc    0000000c     (__TI_handler_table)
                  000030c8    00000008     (.cinit..bss.load) [load image, compression = zero_init]
                  000030d0    00000008     (.cinit..vtable.load) [load image, compression = zero_init]
                  000030d8    00000018     (__TI_cinit_table)

.init_array 
*          0    00000000    00000000     UNINITIALIZED

.vtable    0    20000000    0000026c     UNINITIALIZED
                  20000000    0000026c     driverlib.lib : interrupt.obj (.vtable)

.stack     0    2000026c    00000400     UNINITIALIZED
                  2000026c    00000400     --HOLE--

.bss       0    2000066c    00000084     UNINITIALIZED
                  2000066c    00000080     Util.lib : launchpad.obj (.bss:callbackHeap)
                  200006ec    00000004              : launchpad.obj (.bss)

.data      0    200006f0    0000002d     UNINITIALIZED
                  200006f0    0000000c     rtsv7M4_T_le_v4SPD16_eabi.lib : exit.obj (.data:$O1$$)
                  200006fc    00000008                                   : _lock.obj (.data:$O1$$)
                  20000704    00000008     Util.lib : launchpad.obj (.data)
                  2000070c    00000007     main.obj (.data)
                  20000713    00000001     Util.lib : led.obj (.data)
                  20000714    00000004     rtsv7M4_T_le_v4SPD16_eabi.lib : errno.obj (.data)
                  20000718    00000004                                   : stkdepth_vars.obj (.data)
                  2000071c    00000001     Util.lib : pushbutton.obj (.data)

MODULE SUMMARY

       Module                         code    ro data   rw data
       ------                         ----    -------   -------
    .\
       tm4c123gh6pm_startup_ccs.obj   12      620       0      
       main.obj                       516     0         7      
       buzzer.obj                     72      0         0      
       motion.obj                     52      0         0      
    +--+------------------------------+-------+---------+---------+
       Total:                         652     620       7      
                                                               
    C:/Users/hsamp/workspace_v8/Util/Debug/Util.lib
       launchpad.obj                  976     0         140    
       uart.obj                       196     0         0      
       led.obj                        156     0         1      
       pushbutton.obj                 140     0         1      
    +--+------------------------------+-------+---------+---------+
       Total:                         1468    0         142    
                                                               
    C:/ti/TivaWare_C_Series-2.1.4.178/driverlib/ccs/Debug/driverlib.lib
       sysctl.obj                     574     108       0      
       interrupt.obj                  52      0         620    
       gpio.obj                       492     144       0      
       uart.obj                       142     0         0      
       systick.obj                    84      0         0      
    +--+------------------------------+-------+---------+---------+
       Total:                         1344    252       620    
                                                               
    C:\ti\ccsv7\tools\compiler\ti-cgt-arm_16.9.6.LTS\lib\rtsv7M4_T_le_v4SPD16_eabi.lib
       _printfi.obj                   4414    0         0      
       ull_div_t2.obj                 500     0         0      
       fd_add_t2.obj                  438     0         0      
       fd_div_t2.obj                  310     0         0      
       fd_cmp_t2.obj                  268     0         0      
       ctype.obj                      0       257       0      
       fd_mul_t2.obj                  252     0         0      
       s_scalbn.obj                   252     0         0      
       memcpy_t2.obj                  156     0         0      
       vsnprintf.obj                  136     0         0      
       memset_t2.obj                  122     0         0      
       autoinit.obj                   112     0         0      
       copy_decompress_lzss.obj       104     0         0      
       s_frexp.obj                    100     0         0      
       exit.obj                       84      0         12     
       boot.obj                       84      0         0      
       ltoa.obj                       84      0         0      
       atoi.obj                       76      0         0      
       cpy_tbl.obj                    76      0         0      
       fd_toi_t2.obj                  72      0         0      
       i_tofd_t2.obj                  46      0         0      
       _lock.obj                      20      0         8      
       memccpy.obj                    28      0         0      
       args_main.obj                  24      0         0      
       strchr.obj                     22      0         0      
       s_copysign.obj                 20      0         0      
       strlen.obj                     20      0         0      
       copy_decompress_none.obj       14      0         0      
       copy_zero_init.obj             12      0         0      
       errno.obj                      0       0         4      
       pre_init.obj                   4       0         0      
       stkdepth_vars.obj              0       0         4      
       mpu_init.obj                   2       0         0      
       startup.obj                    2       0         0      
    +--+------------------------------+-------+---------+---------+
       Total:                         7854    257       28     
                                                               
       Stack:                         0       0         1024   
       Linker Generated:              0       72        0      
    +--+------------------------------+-------+---------+---------+
       Grand Total:                   11318   1201      1821   


LINKER GENERATED COPY TABLES

__TI_cinit_table @ 000030d8 records: 3, size/record: 8, table size: 24
	.data: load addr=000030a8, load size=00000014 bytes, run addr=200006f0, run size=0000002d bytes, compression=lzss
	.bss: load addr=000030c8, load size=00000008 bytes, run addr=2000066c, run size=00000084 bytes, compression=zero_init
	.vtable: load addr=000030d0, load size=00000008 bytes, run addr=20000000, run size=0000026c bytes, compression=zero_init


LINKER GENERATED HANDLER TABLE

__TI_handler_table @ 000030bc records: 3, size/record: 4, table size: 12
	index: 0, handler: __TI_zero_init
	index: 1, handler: __TI_decompress_lzss
	index: 2, handler: __TI_decompress_none


GLOBAL SYMBOLS: SORTED ALPHABETICALLY BY Name 

address   name                           
-------   ----                           
000029b9  C$$EXIT                        
00002ce3  GPIODirModeSet                 
00001e61  GPIOPadConfigSet               
00002af9  GPIOPinConfigure               
00002e93  GPIOPinRead                    
00002e25  GPIOPinTypeGPIOInput           
00002d65  GPIOPinTypeGPIOOutput          
00002e37  GPIOPinTypeUART                
00002e99  GPIOPinWrite                   
00002c19  IntRegister                    
00002e73  ResetISR                       
UNDEFED   SHT$$INIT_ARRAY$$Base          
UNDEFED   SHT$$INIT_ARRAY$$Limit         
00001f95  SysCtlClockGet                 
0000229d  SysCtlClockSet                 
00002e9f  SysCtlDelay                    
00002c4d  SysCtlPeripheralEnable         
00002dad  SysTickEnable                  
00002dc1  SysTickIntEnable               
00002d2d  SysTickIntRegister             
00002e49  SysTickPeriodSet               
00002e7f  UARTCharGet                    
00002e89  UARTCharPut                    
00002bd1  UARTConfigSetExpClk            
00002d0d  UARTDisable                    
00002dd5  UARTEnable                     
2000066c  __STACK_END                    
00000400  __STACK_SIZE                   
2000046c  __STACK_TOP                    
000030d8  __TI_CINIT_Base                
000030f0  __TI_CINIT_Limit               
000030bc  __TI_Handler_Table_Base        
000030c8  __TI_Handler_Table_Limit       
00002829  __TI_auto_init                 
200006f0  __TI_cleanup_ptr               
00002899  __TI_decompress_lzss           
00002e59  __TI_decompress_none           
200006f4  __TI_dtors_ptr                 
200006f8  __TI_enable_exit_profile_output
ffffffff  __TI_pprof_out_hndl            
00000ab1  __TI_printfi                   
ffffffff  __TI_prof_data_size            
ffffffff  __TI_prof_data_start           
00000000  __TI_static_base__             
00002e67  __TI_zero_init                 
000026a1  __aeabi_cdcmpeq                
000026a1  __aeabi_cdcmple                
00002727  __aeabi_cdrcmple               
00002b89  __aeabi_d2iz                   
00001b7f  __aeabi_dadd                   
00001d2b  __aeabi_ddiv                   
000020a5  __aeabi_dmul                   
00001b75  __aeabi_dsub                   
00002cb5  __aeabi_i2d                    
000027ad  __aeabi_memclr                 
000027ad  __aeabi_memclr4                
000027ad  __aeabi_memclr8                
000024f1  __aeabi_memcpy                 
000024f1  __aeabi_memcpy4                
000024f1  __aeabi_memcpy8                
000027af  __aeabi_memset                 
000027af  __aeabi_memset4                
000027af  __aeabi_memset8                
00001981  __aeabi_uldivmod               
ffffffff  __binit__                      
ffffffff  __c_args__                     
000013ab  __mpu_init                     
2000026c  __stack                        
00002d7d  _args_main                     
00002965  _c_int00                       
00002ea8  _ctypes_                       
200006fc  _lock                          
00002df7  _nop                           
00002def  _register_lock                 
00002de9  _register_unlock               
00001f93  _system_post_cinit             
00002ea5  _system_pre_init               
20000700  _unlock                        
000029bd  abort                          
00002a61  atoi                           
ffffffff  binit                          
00002b49  buzzerInit                     
00002b75  buzzerOff                      
00002b61  buzzerOn                       
00001797  buzzerPlay                     
0000177d  checkMotion                    
00001893  checkPushButton                
00002aad  copy_in                        
00002dfd  copysign                       
00002dfd  copysignl                      
20000714  errno                          
000029c5  exit                           
00002901  frexp                          
00002901  frexpl                         
20000000  g_pfnRAMVectors                
00000000  g_pfnVectors                   
000021a1  ldexp                          
000021a1  ldexpl                         
00002477  ledInit                        
00002455  ledInitForced                  
0000248b  ledTurnOnOff                   
000016b7  lpInit                         
00002a0d  ltoa                           
00001905  main                           
20000718  main_func_sp                   
00002d49  memccpy                        
000024f1  memcpy                         
000027b5  memset                         
00002c89  motionInit                     
00002ca1  motionStart                    
000025c1  pbInit                         
0000258d  pbInitForced                   
000025d5  pbRead                         
000021a1  scalbn                         
000021a1  scalbnl                        
000014db  schdCallback                   
00001555  schdExecute                    
00002d95  strchr                         
00002e11  strlen                         
0000143f  sysTimeGet                     
00001445  sysTimeReached                 
0000146b  sysTimeWait                    
0000148f  sysTimeWaitAbsolute            
000023dd  uartGetChar                    
00002391  uartInit                       
000023cb  uartPutChar                    
000023ef  uartPutString                  
0000241b  uprintf                        
00002619  vsnprintf                      
00001659  waitMs                         
00001689  waitUs                         


GLOBAL SYMBOLS: SORTED BY Symbol Address 

address   name                           
-------   ----                           
00000000  __TI_static_base__             
00000000  g_pfnVectors                   
00000400  __STACK_SIZE                   
00000ab1  __TI_printfi                   
000013ab  __mpu_init                     
0000143f  sysTimeGet                     
00001445  sysTimeReached                 
0000146b  sysTimeWait                    
0000148f  sysTimeWaitAbsolute            
000014db  schdCallback                   
00001555  schdExecute                    
00001659  waitMs                         
00001689  waitUs                         
000016b7  lpInit                         
0000177d  checkMotion                    
00001797  buzzerPlay                     
00001893  checkPushButton                
00001905  main                           
00001981  __aeabi_uldivmod               
00001b75  __aeabi_dsub                   
00001b7f  __aeabi_dadd                   
00001d2b  __aeabi_ddiv                   
00001e61  GPIOPadConfigSet               
00001f93  _system_post_cinit             
00001f95  SysCtlClockGet                 
000020a5  __aeabi_dmul                   
000021a1  ldexp                          
000021a1  ldexpl                         
000021a1  scalbn                         
000021a1  scalbnl                        
0000229d  SysCtlClockSet                 
00002391  uartInit                       
000023cb  uartPutChar                    
000023dd  uartGetChar                    
000023ef  uartPutString                  
0000241b  uprintf                        
00002455  ledInitForced                  
00002477  ledInit                        
0000248b  ledTurnOnOff                   
000024f1  __aeabi_memcpy                 
000024f1  __aeabi_memcpy4                
000024f1  __aeabi_memcpy8                
000024f1  memcpy                         
0000258d  pbInitForced                   
000025c1  pbInit                         
000025d5  pbRead                         
00002619  vsnprintf                      
000026a1  __aeabi_cdcmpeq                
000026a1  __aeabi_cdcmple                
00002727  __aeabi_cdrcmple               
000027ad  __aeabi_memclr                 
000027ad  __aeabi_memclr4                
000027ad  __aeabi_memclr8                
000027af  __aeabi_memset                 
000027af  __aeabi_memset4                
000027af  __aeabi_memset8                
000027b5  memset                         
00002829  __TI_auto_init                 
00002899  __TI_decompress_lzss           
00002901  frexp                          
00002901  frexpl                         
00002965  _c_int00                       
000029b9  C$$EXIT                        
000029bd  abort                          
000029c5  exit                           
00002a0d  ltoa                           
00002a61  atoi                           
00002aad  copy_in                        
00002af9  GPIOPinConfigure               
00002b49  buzzerInit                     
00002b61  buzzerOn                       
00002b75  buzzerOff                      
00002b89  __aeabi_d2iz                   
00002bd1  UARTConfigSetExpClk            
00002c19  IntRegister                    
00002c4d  SysCtlPeripheralEnable         
00002c89  motionInit                     
00002ca1  motionStart                    
00002cb5  __aeabi_i2d                    
00002ce3  GPIODirModeSet                 
00002d0d  UARTDisable                    
00002d2d  SysTickIntRegister             
00002d49  memccpy                        
00002d65  GPIOPinTypeGPIOOutput          
00002d7d  _args_main                     
00002d95  strchr                         
00002dad  SysTickEnable                  
00002dc1  SysTickIntEnable               
00002dd5  UARTEnable                     
00002de9  _register_unlock               
00002def  _register_lock                 
00002df7  _nop                           
00002dfd  copysign                       
00002dfd  copysignl                      
00002e11  strlen                         
00002e25  GPIOPinTypeGPIOInput           
00002e37  GPIOPinTypeUART                
00002e49  SysTickPeriodSet               
00002e59  __TI_decompress_none           
00002e67  __TI_zero_init                 
00002e73  ResetISR                       
00002e7f  UARTCharGet                    
00002e89  UARTCharPut                    
00002e93  GPIOPinRead                    
00002e99  GPIOPinWrite                   
00002e9f  SysCtlDelay                    
00002ea5  _system_pre_init               
00002ea8  _ctypes_                       
000030bc  __TI_Handler_Table_Base        
000030c8  __TI_Handler_Table_Limit       
000030d8  __TI_CINIT_Base                
000030f0  __TI_CINIT_Limit               
20000000  g_pfnRAMVectors                
2000026c  __stack                        
2000046c  __STACK_TOP                    
2000066c  __STACK_END                    
200006f0  __TI_cleanup_ptr               
200006f4  __TI_dtors_ptr                 
200006f8  __TI_enable_exit_profile_output
200006fc  _lock                          
20000700  _unlock                        
20000714  errno                          
20000718  main_func_sp                   
ffffffff  __TI_pprof_out_hndl            
ffffffff  __TI_prof_data_size            
ffffffff  __TI_prof_data_start           
ffffffff  __binit__                      
ffffffff  __c_args__                     
ffffffff  binit                          
UNDEFED   SHT$$INIT_ARRAY$$Base          
UNDEFED   SHT$$INIT_ARRAY$$Limit         

[131 symbols]
