******************************************************************************
                  TI ARM Linker PC v16.9.6                     
******************************************************************************
>> Linked Tue Mar 20 09:13:47 2018

OUTPUT FILE NAME:   <Lab7.out>
ENTRY POINT SYMBOL: "_c_int00"  address: 0000343d


MEMORY CONFIGURATION

         name            origin    length      used     unused   attr    fill
----------------------  --------  ---------  --------  --------  ----  --------
  FLASH                 00000000   00040000  00003b86  0003c47a  R  X
  SRAM                  20000000   00008000  00000734  000078cc  RW X


SEGMENT ALLOCATION MAP

run origin  load origin   length   init length attrs members
----------  ----------- ---------- ----------- ----- -------
00000000    00000000    00003b88   00003b88    r-x
  00000000    00000000    0000026c   0000026c    r-- .intvecs
  0000026c    0000026c    000036ba   000036ba    r-x .text
  00003928    00003928    00000200   00000200    r-- .const
  00003b28    00003b28    00000060   00000060    r-- .cinit
20000000    20000000    00000734   00000000    rw-
  20000000    20000000    0000026c   00000000    rw- .vtable
  2000026c    2000026c    00000400   00000000    rw- .stack
  2000066c    2000066c    00000088   00000000    rw- .bss
  200006f4    200006f4    00000040   00000000    rw- .data


SECTION ALLOCATION MAP

 output                                  attributes/
section   page    origin      length       input sections
--------  ----  ----------  ----------   ----------------
.intvecs   0    00000000    0000026c     
                  00000000    0000026c     tm4c123gh6pm_startup_ccs.obj (.intvecs)

.text      0    0000026c    000036ba     
                  0000026c    0000113e     rtsv7M4_T_le_v4SPD16_eabi.lib : _printfi.obj (.text)
                  000013aa    00000002                                   : mpu_init.obj (.text)
                  000013ac    00000a50     main.obj (.text)
                  00001dfc    000003d0     Util.lib : launchpad.obj (.text)
                  000021cc    000001fc     seg7.obj (.text)
                  000023c8    000001f4     rtsv7M4_T_le_v4SPD16_eabi.lib : ull_div_t2.obj (.text)
                  000025bc    000001b6                                   : fd_add_t2.obj (.text)
                  00002772    00000136                                   : fd_div_t2.obj (.text)
                  000028a8    00000132     driverlib.lib : gpio.obj (.text:GPIOPadConfigSet)
                  000029da    00000002     rtsv7M4_T_le_v4SPD16_eabi.lib : startup.obj (.text)
                  000029dc    00000110     driverlib.lib : sysctl.obj (.text:SysCtlClockGet)
                  00002aec    000000fc     rtsv7M4_T_le_v4SPD16_eabi.lib : fd_mul_t2.obj (.text)
                  00002be8    000000fc                                   : s_scalbn.obj (.text)
                  00002ce4    000000f4     driverlib.lib : sysctl.obj (.text:SysCtlClockSet)
                  00002dd8    000000c4     Util.lib : uart.obj (.text)
                  00002e9c    0000009c              : led.obj (.text)
                  00002f38    0000009c     rtsv7M4_T_le_v4SPD16_eabi.lib : memcpy_t2.obj (.text)
                  00002fd4    00000090     ranger.obj (.text)
                  00003064    0000008c     Util.lib : pushbutton.obj (.text)
                  000030f0    00000088     rtsv7M4_T_le_v4SPD16_eabi.lib : vsnprintf.obj (.text)
                  00003178    00000086                                   : fd_cmp_t2.obj (.text:__aeabi_cdcmple)
                  000031fe    00000086                                   : fd_cmp_t2.obj (.text:__aeabi_cdrcmple)
                  00003284    0000007a                                   : memset_t2.obj (.text)
                  000032fe    00000002     --HOLE-- [fill = 0]
                  00003300    00000070                                   : autoinit.obj (.text)
                  00003370    00000068                                   : copy_decompress_lzss.obj (.text:decompress:lzss)
                  000033d8    00000064                                   : s_frexp.obj (.text)
                  0000343c    00000054                                   : boot.obj (.text)
                  00003490    00000054                                   : exit.obj (.text)
                  000034e4    00000054                                   : ltoa.obj (.text)
                  00003538    0000004c                                   : atoi.obj (.text)
                  00003584    0000004c                                   : cpy_tbl.obj (.text)
                  000035d0    00000048     driverlib.lib : gpio.obj (.text:GPIOPinConfigure)
                  00003618    00000048     rtsv7M4_T_le_v4SPD16_eabi.lib : fd_toi_t2.obj (.text)
                  00003660    00000046     driverlib.lib : uart.obj (.text:UARTConfigSetExpClk)
                  000036a6    00000002     --HOLE-- [fill = 0]
                  000036a8    00000034                   : interrupt.obj (.text:IntRegister)
                  000036dc    00000034                   : sysctl.obj (.text:SysCtlPeripheralEnable)
                  00003710    0000002e     rtsv7M4_T_le_v4SPD16_eabi.lib : i_tofd_t2.obj (.text)
                  0000373e    0000002a     driverlib.lib : gpio.obj (.text:GPIODirModeSet)
                  00003768    00000020                   : uart.obj (.text:UARTDisable)
                  00003788    0000001c                   : systick.obj (.text:SysTickIntRegister)
                  000037a4    0000001c     rtsv7M4_T_le_v4SPD16_eabi.lib : memccpy.obj (.text)
                  000037c0    00000018     driverlib.lib : gpio.obj (.text:GPIOPinTypeGPIOOutput)
                  000037d8    00000018     rtsv7M4_T_le_v4SPD16_eabi.lib : args_main.obj (.text)
                  000037f0    00000016                                   : strchr.obj (.text)
                  00003806    00000002     --HOLE-- [fill = 0]
                  00003808    00000014     driverlib.lib : systick.obj (.text:SysTickEnable)
                  0000381c    00000014                   : systick.obj (.text:SysTickIntEnable)
                  00003830    00000014                   : uart.obj (.text:UARTEnable)
                  00003844    00000014     rtsv7M4_T_le_v4SPD16_eabi.lib : _lock.obj (.text)
                  00003858    00000014                                   : s_copysign.obj (.text)
                  0000386c    00000014                                   : strlen.obj (.text)
                  00003880    00000012     driverlib.lib : gpio.obj (.text:GPIOPinTypeGPIOInput)
                  00003892    00000012                   : gpio.obj (.text:GPIOPinTypeTimer)
                  000038a4    00000012                   : gpio.obj (.text:GPIOPinTypeUART)
                  000038b6    00000002     --HOLE-- [fill = 0]
                  000038b8    00000010                   : systick.obj (.text:SysTickPeriodSet)
                  000038c8    0000000e     rtsv7M4_T_le_v4SPD16_eabi.lib : copy_decompress_none.obj (.text:decompress:none)
                  000038d6    0000000c                                   : copy_zero_init.obj (.text:decompress:ZI)
                  000038e2    0000000c     tm4c123gh6pm_startup_ccs.obj (.text)
                  000038ee    0000000a     driverlib.lib : timer.obj (.text:TimerValueGet)
                  000038f8    0000000a                   : uart.obj (.text:UARTCharGet)
                  00003902    0000000a                   : uart.obj (.text:UARTCharPut)
                  0000390c    00000006                   : gpio.obj (.text:GPIOPinRead)
                  00003912    00000006                   : gpio.obj (.text:GPIOPinWrite)
                  00003918    00000006                   : sysctl.obj (.text:SysCtlDelay)
                  0000391e    00000004                   : timer.obj (.text:TimerIntClear)
                  00003922    00000004     rtsv7M4_T_le_v4SPD16_eabi.lib : pre_init.obj (.text)

.const     0    00003928    00000200     
                  00003928    00000101     rtsv7M4_T_le_v4SPD16_eabi.lib : ctype.obj (.const:.string:_ctypes_)
                  00003a29    00000003     --HOLE-- [fill = 0]
                  00003a2c    00000090     driverlib.lib : gpio.obj (.const:g_pui32GPIOBaseAddrs)
                  00003abc    0000006c                   : sysctl.obj (.const:g_pui32Xtals)

.cinit     0    00003b28    00000060     
                  00003b28    00000026     (.cinit..data.load) [load image, compression = lzss]
                  00003b4e    00000002     --HOLE-- [fill = 0]
                  00003b50    0000000c     (__TI_handler_table)
                  00003b5c    00000004     --HOLE-- [fill = 0]
                  00003b60    00000008     (.cinit..bss.load) [load image, compression = zero_init]
                  00003b68    00000008     (.cinit..vtable.load) [load image, compression = zero_init]
                  00003b70    00000018     (__TI_cinit_table)

.init_array 
*          0    00000000    00000000     UNINITIALIZED

.vtable    0    20000000    0000026c     UNINITIALIZED
                  20000000    0000026c     driverlib.lib : interrupt.obj (.vtable)

.stack     0    2000026c    00000400     UNINITIALIZED
                  2000026c    00000400     --HOLE--

.bss       0    2000066c    00000088     UNINITIALIZED
                  2000066c    00000080     Util.lib : launchpad.obj (.bss:callbackHeap)
                  200006ec    00000004              : launchpad.obj (.bss)
                  200006f0    00000004     (.common:code)

.data      0    200006f4    00000040     UNINITIALIZED
                  200006f4    0000000d     main.obj (.data)
                  20000701    00000001     Util.lib : led.obj (.data)
                  20000702    00000001              : pushbutton.obj (.data)
                  20000703    00000001     --HOLE--
                  20000704    0000000c     rtsv7M4_T_le_v4SPD16_eabi.lib : exit.obj (.data:$O1$$)
                  20000710    0000000a     main.obj (.data:seg7Coding)
                  2000071a    00000002     --HOLE--
                  2000071c    00000008     rtsv7M4_T_le_v4SPD16_eabi.lib : _lock.obj (.data:$O1$$)
                  20000724    00000008     Util.lib : launchpad.obj (.data)
                  2000072c    00000004     rtsv7M4_T_le_v4SPD16_eabi.lib : errno.obj (.data)
                  20000730    00000004                                   : stkdepth_vars.obj (.data)

MODULE SUMMARY

       Module                         code    ro data   rw data
       ------                         ----    -------   -------
    .\
       main.obj                       2640    0         27     
       tm4c123gh6pm_startup_ccs.obj   12      620       0      
       seg7.obj                       508     0         0      
       ranger.obj                     144     0         0      
    +--+------------------------------+-------+---------+---------+
       Total:                         3304    620       27     
                                                               
    C:/Users/hsamp/workspace_v8/Util/Debug/Util.lib
       launchpad.obj                  976     0         140    
       uart.obj                       196     0         0      
       led.obj                        156     0         1      
       pushbutton.obj                 140     0         1      
    +--+------------------------------+-------+---------+---------+
       Total:                         1468    0         142    
                                                               
    C:/ti/TivaWare_C_Series-2.1.4.178/driverlib/ccs/Debug/driverlib.lib
       sysctl.obj                     574     108       0      
       interrupt.obj                  52      0         620    
       gpio.obj                       510     144       0      
       uart.obj                       142     0         0      
       systick.obj                    84      0         0      
       timer.obj                      14      0         0      
    +--+------------------------------+-------+---------+---------+
       Total:                         1376    252       620    
                                                               
    C:\ti\ccsv7\tools\compiler\ti-cgt-arm_16.9.6.LTS\lib\rtsv7M4_T_le_v4SPD16_eabi.lib
       _printfi.obj                   4414    0         0      
       ull_div_t2.obj                 500     0         0      
       fd_add_t2.obj                  438     0         0      
       fd_div_t2.obj                  310     0         0      
       fd_cmp_t2.obj                  268     0         0      
       ctype.obj                      0       257       0      
       fd_mul_t2.obj                  252     0         0      
       s_scalbn.obj                   252     0         0      
       memcpy_t2.obj                  156     0         0      
       vsnprintf.obj                  136     0         0      
       memset_t2.obj                  122     0         0      
       autoinit.obj                   112     0         0      
       copy_decompress_lzss.obj       104     0         0      
       s_frexp.obj                    100     0         0      
       exit.obj                       84      0         12     
       boot.obj                       84      0         0      
       ltoa.obj                       84      0         0      
       atoi.obj                       76      0         0      
       cpy_tbl.obj                    76      0         0      
       fd_toi_t2.obj                  72      0         0      
       i_tofd_t2.obj                  46      0         0      
       _lock.obj                      20      0         8      
       memccpy.obj                    28      0         0      
       args_main.obj                  24      0         0      
       strchr.obj                     22      0         0      
       s_copysign.obj                 20      0         0      
       strlen.obj                     20      0         0      
       copy_decompress_none.obj       14      0         0      
       copy_zero_init.obj             12      0         0      
       errno.obj                      0       0         4      
       pre_init.obj                   4       0         0      
       stkdepth_vars.obj              0       0         4      
       mpu_init.obj                   2       0         0      
       startup.obj                    2       0         0      
    +--+------------------------------+-------+---------+---------+
       Total:                         7854    257       28     
                                                               
       Stack:                         0       0         1024   
       Linker Generated:              0       90        0      
    +--+------------------------------+-------+---------+---------+
       Grand Total:                   14002   1219      1841   


LINKER GENERATED COPY TABLES

__TI_cinit_table @ 00003b70 records: 3, size/record: 8, table size: 24
	.data: load addr=00003b28, load size=00000026 bytes, run addr=200006f4, run size=00000040 bytes, compression=lzss
	.bss: load addr=00003b60, load size=00000008 bytes, run addr=2000066c, run size=00000088 bytes, compression=zero_init
	.vtable: load addr=00003b68, load size=00000008 bytes, run addr=20000000, run size=0000026c bytes, compression=zero_init


LINKER GENERATED HANDLER TABLE

__TI_handler_table @ 00003b50 records: 3, size/record: 4, table size: 12
	index: 0, handler: __TI_zero_init
	index: 1, handler: __TI_decompress_lzss
	index: 2, handler: __TI_decompress_none


GLOBAL SYMBOLS: SORTED ALPHABETICALLY BY Name 

address   name                           
-------   ----                           
00003491  C$$EXIT                        
0000373f  GPIODirModeSet                 
000028a9  GPIOPadConfigSet               
000035d1  GPIOPinConfigure               
0000390d  GPIOPinRead                    
00003881  GPIOPinTypeGPIOInput           
000037c1  GPIOPinTypeGPIOOutput          
00003893  GPIOPinTypeTimer               
000038a5  GPIOPinTypeUART                
00003913  GPIOPinWrite                   
000036a9  IntRegister                    
000038e3  ResetISR                       
UNDEFED   SHT$$INIT_ARRAY$$Base          
UNDEFED   SHT$$INIT_ARRAY$$Limit         
000029dd  SysCtlClockGet                 
00002ce5  SysCtlClockSet                 
00003919  SysCtlDelay                    
000036dd  SysCtlPeripheralEnable         
00003809  SysTickEnable                  
0000381d  SysTickIntEnable               
00003789  SysTickIntRegister             
000038b9  SysTickPeriodSet               
0000391f  TimerIntClear                  
000038ef  TimerValueGet                  
000038f9  UARTCharGet                    
00003903  UARTCharPut                    
00003661  UARTConfigSetExpClk            
00003769  UARTDisable                    
00003831  UARTEnable                     
2000066c  __STACK_END                    
00000400  __STACK_SIZE                   
2000046c  __STACK_TOP                    
00003b70  __TI_CINIT_Base                
00003b88  __TI_CINIT_Limit               
00003b50  __TI_Handler_Table_Base        
00003b5c  __TI_Handler_Table_Limit       
00003301  __TI_auto_init                 
20000704  __TI_cleanup_ptr               
00003371  __TI_decompress_lzss           
000038c9  __TI_decompress_none           
20000708  __TI_dtors_ptr                 
2000070c  __TI_enable_exit_profile_output
ffffffff  __TI_pprof_out_hndl            
00000ab1  __TI_printfi                   
ffffffff  __TI_prof_data_size            
ffffffff  __TI_prof_data_start           
00000000  __TI_static_base__             
000038d7  __TI_zero_init                 
00003179  __aeabi_cdcmpeq                
00003179  __aeabi_cdcmple                
000031ff  __aeabi_cdrcmple               
00003619  __aeabi_d2iz                   
000025c7  __aeabi_dadd                   
00002773  __aeabi_ddiv                   
00002aed  __aeabi_dmul                   
000025bd  __aeabi_dsub                   
00003711  __aeabi_i2d                    
00003285  __aeabi_memclr                 
00003285  __aeabi_memclr4                
00003285  __aeabi_memclr8                
00002f39  __aeabi_memcpy                 
00002f39  __aeabi_memcpy4                
00002f39  __aeabi_memcpy8                
00003287  __aeabi_memset                 
00003287  __aeabi_memset4                
00003287  __aeabi_memset8                
000023c9  __aeabi_uldivmod               
ffffffff  __binit__                      
ffffffff  __c_args__                     
000013ab  __mpu_init                     
2000026c  __stack                        
000037d9  _args_main                     
0000343d  _c_int00                       
00003928  _ctypes_                       
2000071c  _lock                          
00003853  _nop                           
0000384b  _register_lock                 
00003845  _register_unlock               
000029db  _system_post_cinit             
00003923  _system_pre_init               
20000720  _unlock                        
00003495  abort                          
00003539  atoi                           
ffffffff  binit                          
00001c81  checkPushButton                
000013ad  checkRanger                    
00001cef  checkRanging                   
000013c9  checkSeg                       
200006f0  code                           
00003585  copy_in                        
00003859  copysign                       
00003859  copysignl                      
2000072c  errno                          
0000349d  exit                           
000033d9  frexp                          
000033d9  frexpl                         
20000000  g_pfnRAMVectors                
00000000  g_pfnVectors                   
00002be9  ldexp                          
00002be9  ldexpl                         
00002ebf  ledInit                        
00002e9d  ledInitForced                  
00002ed3  ledTurnOnOff                   
00002107  lpInit                         
000034e5  ltoa                           
00001d31  main                           
20000730  main_func_sp                   
000037a5  memccpy                        
00002f39  memcpy                         
0000328d  memset                         
200006fc  mode                           
00003099  pbInit                         
00003065  pbInitForced                   
000030ad  pbRead                         
00003019  rangerDetect                   
00002fe5  rangerInit                     
00002be9  scalbn                         
00002be9  scalbnl                        
00001f2b  schdCallback                   
00001fa5  schdExecute                    
000021cd  seg7Init                       
00002359  seg7Update                     
200006f8  start                          
000037f1  strchr                         
0000386d  strlen                         
00001e8f  sysTimeGet                     
00001e95  sysTimeReached                 
00001ebb  sysTimeWait                    
00001edf  sysTimeWaitAbsolute            
00002e25  uartGetChar                    
00002dd9  uartInit                       
00002e13  uartPutChar                    
00002e37  uartPutString                  
00002e63  uprintf                        
200006f4  value                          
000030f1  vsnprintf                      
000020a9  waitMs                         
000020d9  waitUs                         


GLOBAL SYMBOLS: SORTED BY Symbol Address 

address   name                           
-------   ----                           
00000000  __TI_static_base__             
00000000  g_pfnVectors                   
00000400  __STACK_SIZE                   
00000ab1  __TI_printfi                   
000013ab  __mpu_init                     
000013ad  checkRanger                    
000013c9  checkSeg                       
00001c81  checkPushButton                
00001cef  checkRanging                   
00001d31  main                           
00001e8f  sysTimeGet                     
00001e95  sysTimeReached                 
00001ebb  sysTimeWait                    
00001edf  sysTimeWaitAbsolute            
00001f2b  schdCallback                   
00001fa5  schdExecute                    
000020a9  waitMs                         
000020d9  waitUs                         
00002107  lpInit                         
000021cd  seg7Init                       
00002359  seg7Update                     
000023c9  __aeabi_uldivmod               
000025bd  __aeabi_dsub                   
000025c7  __aeabi_dadd                   
00002773  __aeabi_ddiv                   
000028a9  GPIOPadConfigSet               
000029db  _system_post_cinit             
000029dd  SysCtlClockGet                 
00002aed  __aeabi_dmul                   
00002be9  ldexp                          
00002be9  ldexpl                         
00002be9  scalbn                         
00002be9  scalbnl                        
00002ce5  SysCtlClockSet                 
00002dd9  uartInit                       
00002e13  uartPutChar                    
00002e25  uartGetChar                    
00002e37  uartPutString                  
00002e63  uprintf                        
00002e9d  ledInitForced                  
00002ebf  ledInit                        
00002ed3  ledTurnOnOff                   
00002f39  __aeabi_memcpy                 
00002f39  __aeabi_memcpy4                
00002f39  __aeabi_memcpy8                
00002f39  memcpy                         
00002fe5  rangerInit                     
00003019  rangerDetect                   
00003065  pbInitForced                   
00003099  pbInit                         
000030ad  pbRead                         
000030f1  vsnprintf                      
00003179  __aeabi_cdcmpeq                
00003179  __aeabi_cdcmple                
000031ff  __aeabi_cdrcmple               
00003285  __aeabi_memclr                 
00003285  __aeabi_memclr4                
00003285  __aeabi_memclr8                
00003287  __aeabi_memset                 
00003287  __aeabi_memset4                
00003287  __aeabi_memset8                
0000328d  memset                         
00003301  __TI_auto_init                 
00003371  __TI_decompress_lzss           
000033d9  frexp                          
000033d9  frexpl                         
0000343d  _c_int00                       
00003491  C$$EXIT                        
00003495  abort                          
0000349d  exit                           
000034e5  ltoa                           
00003539  atoi                           
00003585  copy_in                        
000035d1  GPIOPinConfigure               
00003619  __aeabi_d2iz                   
00003661  UARTConfigSetExpClk            
000036a9  IntRegister                    
000036dd  SysCtlPeripheralEnable         
00003711  __aeabi_i2d                    
0000373f  GPIODirModeSet                 
00003769  UARTDisable                    
00003789  SysTickIntRegister             
000037a5  memccpy                        
000037c1  GPIOPinTypeGPIOOutput          
000037d9  _args_main                     
000037f1  strchr                         
00003809  SysTickEnable                  
0000381d  SysTickIntEnable               
00003831  UARTEnable                     
00003845  _register_unlock               
0000384b  _register_lock                 
00003853  _nop                           
00003859  copysign                       
00003859  copysignl                      
0000386d  strlen                         
00003881  GPIOPinTypeGPIOInput           
00003893  GPIOPinTypeTimer               
000038a5  GPIOPinTypeUART                
000038b9  SysTickPeriodSet               
000038c9  __TI_decompress_none           
000038d7  __TI_zero_init                 
000038e3  ResetISR                       
000038ef  TimerValueGet                  
000038f9  UARTCharGet                    
00003903  UARTCharPut                    
0000390d  GPIOPinRead                    
00003913  GPIOPinWrite                   
00003919  SysCtlDelay                    
0000391f  TimerIntClear                  
00003923  _system_pre_init               
00003928  _ctypes_                       
00003b50  __TI_Handler_Table_Base        
00003b5c  __TI_Handler_Table_Limit       
00003b70  __TI_CINIT_Base                
00003b88  __TI_CINIT_Limit               
20000000  g_pfnRAMVectors                
2000026c  __stack                        
2000046c  __STACK_TOP                    
2000066c  __STACK_END                    
200006f0  code                           
200006f4  value                          
200006f8  start                          
200006fc  mode                           
20000704  __TI_cleanup_ptr               
20000708  __TI_dtors_ptr                 
2000070c  __TI_enable_exit_profile_output
2000071c  _lock                          
20000720  _unlock                        
2000072c  errno                          
20000730  main_func_sp                   
ffffffff  __TI_pprof_out_hndl            
ffffffff  __TI_prof_data_size            
ffffffff  __TI_prof_data_start           
ffffffff  __binit__                      
ffffffff  __c_args__                     
ffffffff  binit                          
UNDEFED   SHT$$INIT_ARRAY$$Base          
UNDEFED   SHT$$INIT_ARRAY$$Limit         

[138 symbols]
