******************************************************************************
                  TI ARM Linker PC v16.9.6                     
******************************************************************************
>> Linked Sat Feb 03 04:24:42 2018

OUTPUT FILE NAME:   <Lab2.out>
ENTRY POINT SYMBOL: "_c_int00"  address: 000035bd


MEMORY CONFIGURATION

         name            origin    length      used     unused   attr    fill
----------------------  --------  ---------  --------  --------  ----  --------
  FLASH                 00000000   00040000  00003cdc  0003c324  R  X
  SRAM                  20000000   00008000  0000072c  000078d4  RW X


SEGMENT ALLOCATION MAP

run origin  load origin   length   init length attrs members
----------  ----------- ---------- ----------- ----- -------
00000000    00000000    00003ce0   00003ce0    r-x
  00000000    00000000    0000026c   0000026c    r-- .intvecs
  0000026c    0000026c    00003818   00003818    r-x .text
  00003a84    00003a84    00000200   00000200    r-- .const
  00003c88    00003c88    00000058   00000058    r-- .cinit
20000000    20000000    0000072c   00000000    rw-
  20000000    20000000    0000026c   00000000    rw- .vtable
  2000026c    2000026c    00000400   00000000    rw- .stack
  2000066c    2000066c    00000088   00000000    rw- .bss
  200006f4    200006f4    00000038   00000000    rw- .data


SECTION ALLOCATION MAP

 output                                  attributes/
section   page    origin      length       input sections
--------  ----  ----------  ----------   ----------------
.intvecs   0    00000000    0000026c     
                  00000000    0000026c     tm4c123gh6pm_startup_ccs.obj (.intvecs)

.text      0    0000026c    00003818     
                  0000026c    0000113e     rtsv7M4_T_le_v4SPD16_eabi.lib : _printfi.obj (.text)
                  000013aa    00000002                                   : mpu_init.obj (.text)
                  000013ac    00000c60     main.obj (.text)
                  0000200c    000003d0     Util.lib : launchpad.obj (.text)
                  000023dc    000001fc     seg7.obj (.text)
                  000025d8    000001f4     rtsv7M4_T_le_v4SPD16_eabi.lib : ull_div_t2.obj (.text)
                  000027cc    000001b6                                   : fd_add_t2.obj (.text)
                  00002982    00000136                                   : fd_div_t2.obj (.text)
                  00002ab8    00000132     driverlib.lib : gpio.obj (.text:GPIOPadConfigSet)
                  00002bea    00000002     rtsv7M4_T_le_v4SPD16_eabi.lib : startup.obj (.text)
                  00002bec    00000110     driverlib.lib : sysctl.obj (.text:SysCtlClockGet)
                  00002cfc    000000fc     rtsv7M4_T_le_v4SPD16_eabi.lib : fd_mul_t2.obj (.text)
                  00002df8    000000fc                                   : s_scalbn.obj (.text)
                  00002ef4    000000f4     driverlib.lib : sysctl.obj (.text:SysCtlClockSet)
                  00002fe8    000000c4     Util.lib : uart.obj (.text)
                  000030ac    0000009c              : led.obj (.text)
                  00003148    0000009c     rtsv7M4_T_le_v4SPD16_eabi.lib : memcpy_t2.obj (.text)
                  000031e4    0000008c     Util.lib : pushbutton.obj (.text)
                  00003270    00000088     rtsv7M4_T_le_v4SPD16_eabi.lib : vsnprintf.obj (.text)
                  000032f8    00000086                                   : fd_cmp_t2.obj (.text:__aeabi_cdcmple)
                  0000337e    00000086                                   : fd_cmp_t2.obj (.text:__aeabi_cdrcmple)
                  00003404    0000007a                                   : memset_t2.obj (.text)
                  0000347e    00000002     --HOLE-- [fill = 0]
                  00003480    00000070                                   : autoinit.obj (.text)
                  000034f0    00000068                                   : copy_decompress_lzss.obj (.text:decompress:lzss)
                  00003558    00000064                                   : s_frexp.obj (.text)
                  000035bc    00000054                                   : boot.obj (.text)
                  00003610    00000054                                   : exit.obj (.text)
                  00003664    00000054                                   : ltoa.obj (.text)
                  000036b8    0000004c                                   : atoi.obj (.text)
                  00003704    0000004c                                   : cpy_tbl.obj (.text)
                  00003750    00000048     driverlib.lib : gpio.obj (.text:GPIOPinConfigure)
                  00003798    00000048     rtsv7M4_T_le_v4SPD16_eabi.lib : fd_toi_t2.obj (.text)
                  000037e0    00000046     driverlib.lib : uart.obj (.text:UARTConfigSetExpClk)
                  00003826    00000002     --HOLE-- [fill = 0]
                  00003828    00000034                   : interrupt.obj (.text:IntRegister)
                  0000385c    00000034                   : sysctl.obj (.text:SysCtlPeripheralEnable)
                  00003890    0000002e     rtsv7M4_T_le_v4SPD16_eabi.lib : i_tofd_t2.obj (.text)
                  000038be    0000002a     driverlib.lib : gpio.obj (.text:GPIODirModeSet)
                  000038e8    00000020                   : uart.obj (.text:UARTDisable)
                  00003908    0000001c                   : systick.obj (.text:SysTickIntRegister)
                  00003924    0000001c     rtsv7M4_T_le_v4SPD16_eabi.lib : memccpy.obj (.text)
                  00003940    00000018     driverlib.lib : gpio.obj (.text:GPIOPinTypeGPIOOutput)
                  00003958    00000018     rtsv7M4_T_le_v4SPD16_eabi.lib : args_main.obj (.text)
                  00003970    00000016                                   : strchr.obj (.text)
                  00003986    00000002     --HOLE-- [fill = 0]
                  00003988    00000014     driverlib.lib : systick.obj (.text:SysTickEnable)
                  0000399c    00000014                   : systick.obj (.text:SysTickIntEnable)
                  000039b0    00000014                   : uart.obj (.text:UARTEnable)
                  000039c4    00000014     rtsv7M4_T_le_v4SPD16_eabi.lib : _lock.obj (.text)
                  000039d8    00000014                                   : s_copysign.obj (.text)
                  000039ec    00000014                                   : strlen.obj (.text)
                  00003a00    00000012     driverlib.lib : gpio.obj (.text:GPIOPinTypeGPIOInput)
                  00003a12    00000012                   : gpio.obj (.text:GPIOPinTypeUART)
                  00003a24    00000010                   : systick.obj (.text:SysTickPeriodSet)
                  00003a34    0000000e     rtsv7M4_T_le_v4SPD16_eabi.lib : copy_decompress_none.obj (.text:decompress:none)
                  00003a42    0000000c                                   : copy_zero_init.obj (.text:decompress:ZI)
                  00003a4e    0000000c     tm4c123gh6pm_startup_ccs.obj (.text)
                  00003a5a    0000000a     driverlib.lib : uart.obj (.text:UARTCharGet)
                  00003a64    0000000a                   : uart.obj (.text:UARTCharPut)
                  00003a6e    00000006                   : gpio.obj (.text:GPIOPinRead)
                  00003a74    00000006                   : gpio.obj (.text:GPIOPinWrite)
                  00003a7a    00000006                   : sysctl.obj (.text:SysCtlDelay)
                  00003a80    00000004     rtsv7M4_T_le_v4SPD16_eabi.lib : pre_init.obj (.text)

.const     0    00003a84    00000200     
                  00003a84    00000101     rtsv7M4_T_le_v4SPD16_eabi.lib : ctype.obj (.const:.string:_ctypes_)
                  00003b85    00000003     --HOLE-- [fill = 0]
                  00003b88    00000090     driverlib.lib : gpio.obj (.const:g_pui32GPIOBaseAddrs)
                  00003c18    0000006c                   : sysctl.obj (.const:g_pui32Xtals)

.cinit     0    00003c88    00000058     
                  00003c88    00000022     (.cinit..data.load) [load image, compression = lzss]
                  00003caa    00000002     --HOLE-- [fill = 0]
                  00003cac    0000000c     (__TI_handler_table)
                  00003cb8    00000008     (.cinit..bss.load) [load image, compression = zero_init]
                  00003cc0    00000008     (.cinit..vtable.load) [load image, compression = zero_init]
                  00003cc8    00000018     (__TI_cinit_table)

.init_array 
*          0    00000000    00000000     UNINITIALIZED

.vtable    0    20000000    0000026c     UNINITIALIZED
                  20000000    0000026c     driverlib.lib : interrupt.obj (.vtable)

.stack     0    2000026c    00000400     UNINITIALIZED
                  2000026c    00000400     --HOLE--

.bss       0    2000066c    00000088     UNINITIALIZED
                  2000066c    00000080     Util.lib : launchpad.obj (.bss:callbackHeap)
                  200006ec    00000004              : launchpad.obj (.bss)
                  200006f0    00000004     (.common:code)

.data      0    200006f4    00000038     UNINITIALIZED
                  200006f4    0000000c     rtsv7M4_T_le_v4SPD16_eabi.lib : exit.obj (.data:$O1$$)
                  20000700    0000000a     main.obj (.data:seg7Coding)
                  2000070a    00000001     Util.lib : led.obj (.data)
                  2000070b    00000001              : pushbutton.obj (.data)
                  2000070c    00000008     rtsv7M4_T_le_v4SPD16_eabi.lib : _lock.obj (.data:$O1$$)
                  20000714    00000008     Util.lib : launchpad.obj (.data)
                  2000071c    00000005     main.obj (.data)
                  20000721    00000003     --HOLE--
                  20000724    00000004     rtsv7M4_T_le_v4SPD16_eabi.lib : errno.obj (.data)
                  20000728    00000004                                   : stkdepth_vars.obj (.data)

MODULE SUMMARY

       Module                         code    ro data   rw data
       ------                         ----    -------   -------
    .\
       main.obj                       3168    0         19     
       tm4c123gh6pm_startup_ccs.obj   12      620       0      
       seg7.obj                       508     0         0      
    +--+------------------------------+-------+---------+---------+
       Total:                         3688    620       19     
                                                               
    C:/Users/hsamp/Util/Util/Debug/Util.lib
       launchpad.obj                  976     0         140    
       uart.obj                       196     0         0      
       led.obj                        156     0         1      
       pushbutton.obj                 140     0         1      
    +--+------------------------------+-------+---------+---------+
       Total:                         1468    0         142    
                                                               
    C:/ti/TivaWare_C_Series-2.1.4.178/driverlib/ccs/Debug/driverlib.lib
       sysctl.obj                     574     108       0      
       interrupt.obj                  52      0         620    
       gpio.obj                       492     144       0      
       uart.obj                       142     0         0      
       systick.obj                    84      0         0      
    +--+------------------------------+-------+---------+---------+
       Total:                         1344    252       620    
                                                               
    C:\ti\ccsv7\tools\compiler\ti-cgt-arm_16.9.6.LTS\lib\rtsv7M4_T_le_v4SPD16_eabi.lib
       _printfi.obj                   4414    0         0      
       ull_div_t2.obj                 500     0         0      
       fd_add_t2.obj                  438     0         0      
       fd_div_t2.obj                  310     0         0      
       fd_cmp_t2.obj                  268     0         0      
       ctype.obj                      0       257       0      
       fd_mul_t2.obj                  252     0         0      
       s_scalbn.obj                   252     0         0      
       memcpy_t2.obj                  156     0         0      
       vsnprintf.obj                  136     0         0      
       memset_t2.obj                  122     0         0      
       autoinit.obj                   112     0         0      
       copy_decompress_lzss.obj       104     0         0      
       s_frexp.obj                    100     0         0      
       exit.obj                       84      0         12     
       boot.obj                       84      0         0      
       ltoa.obj                       84      0         0      
       atoi.obj                       76      0         0      
       cpy_tbl.obj                    76      0         0      
       fd_toi_t2.obj                  72      0         0      
       i_tofd_t2.obj                  46      0         0      
       _lock.obj                      20      0         8      
       memccpy.obj                    28      0         0      
       args_main.obj                  24      0         0      
       strchr.obj                     22      0         0      
       s_copysign.obj                 20      0         0      
       strlen.obj                     20      0         0      
       copy_decompress_none.obj       14      0         0      
       copy_zero_init.obj             12      0         0      
       errno.obj                      0       0         4      
       pre_init.obj                   4       0         0      
       stkdepth_vars.obj              0       0         4      
       mpu_init.obj                   2       0         0      
       startup.obj                    2       0         0      
    +--+------------------------------+-------+---------+---------+
       Total:                         7854    257       28     
                                                               
       Stack:                         0       0         1024   
       Linker Generated:              0       86        0      
    +--+------------------------------+-------+---------+---------+
       Grand Total:                   14354   1215      1833   


LINKER GENERATED COPY TABLES

__TI_cinit_table @ 00003cc8 records: 3, size/record: 8, table size: 24
	.data: load addr=00003c88, load size=00000022 bytes, run addr=200006f4, run size=00000038 bytes, compression=lzss
	.bss: load addr=00003cb8, load size=00000008 bytes, run addr=2000066c, run size=00000088 bytes, compression=zero_init
	.vtable: load addr=00003cc0, load size=00000008 bytes, run addr=20000000, run size=0000026c bytes, compression=zero_init


LINKER GENERATED HANDLER TABLE

__TI_handler_table @ 00003cac records: 3, size/record: 4, table size: 12
	index: 0, handler: __TI_zero_init
	index: 1, handler: __TI_decompress_lzss
	index: 2, handler: __TI_decompress_none


GLOBAL SYMBOLS: SORTED ALPHABETICALLY BY Name 

address   name                           
-------   ----                           
00003611  C$$EXIT                        
000038bf  GPIODirModeSet                 
00002ab9  GPIOPadConfigSet               
00003751  GPIOPinConfigure               
00003a6f  GPIOPinRead                    
00003a01  GPIOPinTypeGPIOInput           
00003941  GPIOPinTypeGPIOOutput          
00003a13  GPIOPinTypeUART                
00003a75  GPIOPinWrite                   
00003829  IntRegister                    
00003a4f  ResetISR                       
UNDEFED   SHT$$INIT_ARRAY$$Base          
UNDEFED   SHT$$INIT_ARRAY$$Limit         
00002bed  SysCtlClockGet                 
00002ef5  SysCtlClockSet                 
00003a7b  SysCtlDelay                    
0000385d  SysCtlPeripheralEnable         
00003989  SysTickEnable                  
0000399d  SysTickIntEnable               
00003909  SysTickIntRegister             
00003a25  SysTickPeriodSet               
00003a5b  UARTCharGet                    
00003a65  UARTCharPut                    
000037e1  UARTConfigSetExpClk            
000038e9  UARTDisable                    
000039b1  UARTEnable                     
2000066c  __STACK_END                    
00000400  __STACK_SIZE                   
2000046c  __STACK_TOP                    
00003cc8  __TI_CINIT_Base                
00003ce0  __TI_CINIT_Limit               
00003cac  __TI_Handler_Table_Base        
00003cb8  __TI_Handler_Table_Limit       
00003481  __TI_auto_init                 
200006f4  __TI_cleanup_ptr               
000034f1  __TI_decompress_lzss           
00003a35  __TI_decompress_none           
200006f8  __TI_dtors_ptr                 
200006fc  __TI_enable_exit_profile_output
ffffffff  __TI_pprof_out_hndl            
00000ab1  __TI_printfi                   
ffffffff  __TI_prof_data_size            
ffffffff  __TI_prof_data_start           
00000000  __TI_static_base__             
00003a43  __TI_zero_init                 
000032f9  __aeabi_cdcmpeq                
000032f9  __aeabi_cdcmple                
0000337f  __aeabi_cdrcmple               
00003799  __aeabi_d2iz                   
000027d7  __aeabi_dadd                   
00002983  __aeabi_ddiv                   
00002cfd  __aeabi_dmul                   
000027cd  __aeabi_dsub                   
00003891  __aeabi_i2d                    
00003405  __aeabi_memclr                 
00003405  __aeabi_memclr4                
00003405  __aeabi_memclr8                
00003149  __aeabi_memcpy                 
00003149  __aeabi_memcpy4                
00003149  __aeabi_memcpy8                
00003407  __aeabi_memset                 
00003407  __aeabi_memset4                
00003407  __aeabi_memset8                
000025d9  __aeabi_uldivmod               
ffffffff  __binit__                      
ffffffff  __c_args__                     
000013ab  __mpu_init                     
2000026c  __stack                        
00003959  _args_main                     
000035bd  _c_int00                       
00003a84  _ctypes_                       
2000070c  _lock                          
000039d3  _nop                           
000039cb  _register_lock                 
000039c5  _register_unlock               
00002beb  _system_post_cinit             
00003a81  _system_pre_init               
20000710  _unlock                        
00003615  abort                          
000036b9  atoi                           
ffffffff  binit                          
000019d9  checkPushButton                
000013ad  clockUpdate                    
200006f0  code                           
00003705  copy_in                        
000039d9  copysign                       
000039d9  copysignl                      
20000724  errno                          
0000361d  exit                           
00003559  frexp                          
00003559  frexpl                         
20000000  g_pfnRAMVectors                
00000000  g_pfnVectors                   
2000071c  i                              
00002df9  ldexp                          
00002df9  ldexpl                         
000030cf  ledInit                        
000030ad  ledInitForced                  
000030e3  ledTurnOnOff                   
00002317  lpInit                         
00003665  ltoa                           
00001f95  main                           
20000728  main_func_sp                   
00003925  memccpy                        
00003149  memcpy                         
0000340d  memset                         
00003219  pbInit                         
000031e5  pbInitForced                   
0000322d  pbRead                         
00002df9  scalbn                         
00002df9  scalbnl                        
0000213b  schdCallback                   
000021b5  schdExecute                    
000023dd  seg7Init                       
00002569  seg7Update                     
00003971  strchr                         
000039ed  strlen                         
0000209f  sysTimeGet                     
000020a5  sysTimeReached                 
000020cb  sysTimeWait                    
000020ef  sysTimeWaitAbsolute            
00003035  uartGetChar                    
00002fe9  uartInit                       
00003023  uartPutChar                    
00003047  uartPutString                  
00003073  uprintf                        
00003271  vsnprintf                      
000022b9  waitMs                         
000022e9  waitUs                         


GLOBAL SYMBOLS: SORTED BY Symbol Address 

address   name                           
-------   ----                           
00000000  __TI_static_base__             
00000000  g_pfnVectors                   
00000400  __STACK_SIZE                   
00000ab1  __TI_printfi                   
000013ab  __mpu_init                     
000013ad  clockUpdate                    
000019d9  checkPushButton                
00001f95  main                           
0000209f  sysTimeGet                     
000020a5  sysTimeReached                 
000020cb  sysTimeWait                    
000020ef  sysTimeWaitAbsolute            
0000213b  schdCallback                   
000021b5  schdExecute                    
000022b9  waitMs                         
000022e9  waitUs                         
00002317  lpInit                         
000023dd  seg7Init                       
00002569  seg7Update                     
000025d9  __aeabi_uldivmod               
000027cd  __aeabi_dsub                   
000027d7  __aeabi_dadd                   
00002983  __aeabi_ddiv                   
00002ab9  GPIOPadConfigSet               
00002beb  _system_post_cinit             
00002bed  SysCtlClockGet                 
00002cfd  __aeabi_dmul                   
00002df9  ldexp                          
00002df9  ldexpl                         
00002df9  scalbn                         
00002df9  scalbnl                        
00002ef5  SysCtlClockSet                 
00002fe9  uartInit                       
00003023  uartPutChar                    
00003035  uartGetChar                    
00003047  uartPutString                  
00003073  uprintf                        
000030ad  ledInitForced                  
000030cf  ledInit                        
000030e3  ledTurnOnOff                   
00003149  __aeabi_memcpy                 
00003149  __aeabi_memcpy4                
00003149  __aeabi_memcpy8                
00003149  memcpy                         
000031e5  pbInitForced                   
00003219  pbInit                         
0000322d  pbRead                         
00003271  vsnprintf                      
000032f9  __aeabi_cdcmpeq                
000032f9  __aeabi_cdcmple                
0000337f  __aeabi_cdrcmple               
00003405  __aeabi_memclr                 
00003405  __aeabi_memclr4                
00003405  __aeabi_memclr8                
00003407  __aeabi_memset                 
00003407  __aeabi_memset4                
00003407  __aeabi_memset8                
0000340d  memset                         
00003481  __TI_auto_init                 
000034f1  __TI_decompress_lzss           
00003559  frexp                          
00003559  frexpl                         
000035bd  _c_int00                       
00003611  C$$EXIT                        
00003615  abort                          
0000361d  exit                           
00003665  ltoa                           
000036b9  atoi                           
00003705  copy_in                        
00003751  GPIOPinConfigure               
00003799  __aeabi_d2iz                   
000037e1  UARTConfigSetExpClk            
00003829  IntRegister                    
0000385d  SysCtlPeripheralEnable         
00003891  __aeabi_i2d                    
000038bf  GPIODirModeSet                 
000038e9  UARTDisable                    
00003909  SysTickIntRegister             
00003925  memccpy                        
00003941  GPIOPinTypeGPIOOutput          
00003959  _args_main                     
00003971  strchr                         
00003989  SysTickEnable                  
0000399d  SysTickIntEnable               
000039b1  UARTEnable                     
000039c5  _register_unlock               
000039cb  _register_lock                 
000039d3  _nop                           
000039d9  copysign                       
000039d9  copysignl                      
000039ed  strlen                         
00003a01  GPIOPinTypeGPIOInput           
00003a13  GPIOPinTypeUART                
00003a25  SysTickPeriodSet               
00003a35  __TI_decompress_none           
00003a43  __TI_zero_init                 
00003a4f  ResetISR                       
00003a5b  UARTCharGet                    
00003a65  UARTCharPut                    
00003a6f  GPIOPinRead                    
00003a75  GPIOPinWrite                   
00003a7b  SysCtlDelay                    
00003a81  _system_pre_init               
00003a84  _ctypes_                       
00003cac  __TI_Handler_Table_Base        
00003cb8  __TI_Handler_Table_Limit       
00003cc8  __TI_CINIT_Base                
00003ce0  __TI_CINIT_Limit               
20000000  g_pfnRAMVectors                
2000026c  __stack                        
2000046c  __STACK_TOP                    
2000066c  __STACK_END                    
200006f0  code                           
200006f4  __TI_cleanup_ptr               
200006f8  __TI_dtors_ptr                 
200006fc  __TI_enable_exit_profile_output
2000070c  _lock                          
20000710  _unlock                        
2000071c  i                              
20000724  errno                          
20000728  main_func_sp                   
ffffffff  __TI_pprof_out_hndl            
ffffffff  __TI_prof_data_size            
ffffffff  __TI_prof_data_start           
ffffffff  __binit__                      
ffffffff  __c_args__                     
ffffffff  binit                          
UNDEFED   SHT$$INIT_ARRAY$$Base          
UNDEFED   SHT$$INIT_ARRAY$$Limit         

[129 symbols]
