<?xml version="1.0"?>
<link_info>
   <banner>TI ARM Linker PC v16.9.6.LTS</banner>
   <copyright>Copyright (c) 1996-2017 Texas Instruments Incorporated</copyright>
   <link_time>0x5a76c9ad</link_time>
   <link_errors>0x0</link_errors>
   <output_file>Lab1.out</output_file>
   <entry_point>
      <name>_c_int00</name>
      <address>0x28cd</address>
   </entry_point>
   <input_file_list>
      <input_file id="fl-2">
         <path>.\</path>
         <kind>object</kind>
         <file>main.obj</file>
         <name>main.obj</name>
      </input_file>
      <input_file id="fl-3">
         <path>.\</path>
         <kind>object</kind>
         <file>tm4c123gh6pm_startup_ccs.obj</file>
         <name>tm4c123gh6pm_startup_ccs.obj</name>
      </input_file>
      <input_file id="fl-9">
         <kind>object</kind>
         <file>&lt;internal&gt;</file>
         <name>&lt;internal&gt;</name>
      </input_file>
      <input_file id="fl-bf">
         <path>C:\ti\ccsv7\tools\compiler\ti-cgt-arm_16.9.6.LTS\lib\</path>
         <kind>archive</kind>
         <file>rtsv7M4_T_le_v4SPD16_eabi.lib</file>
         <name>boot.obj</name>
      </input_file>
      <input_file id="fl-c0">
         <path>C:\ti\ccsv7\tools\compiler\ti-cgt-arm_16.9.6.LTS\lib\</path>
         <kind>archive</kind>
         <file>rtsv7M4_T_le_v4SPD16_eabi.lib</file>
         <name>copy_decompress_lzss.obj</name>
      </input_file>
      <input_file id="fl-c1">
         <path>C:\ti\ccsv7\tools\compiler\ti-cgt-arm_16.9.6.LTS\lib\</path>
         <kind>archive</kind>
         <file>rtsv7M4_T_le_v4SPD16_eabi.lib</file>
         <name>copy_decompress_none.obj</name>
      </input_file>
      <input_file id="fl-c2">
         <path>C:\ti\ccsv7\tools\compiler\ti-cgt-arm_16.9.6.LTS\lib\</path>
         <kind>archive</kind>
         <file>rtsv7M4_T_le_v4SPD16_eabi.lib</file>
         <name>copy_zero_init.obj</name>
      </input_file>
      <input_file id="fl-c3">
         <path>C:\ti\ccsv7\tools\compiler\ti-cgt-arm_16.9.6.LTS\lib\</path>
         <kind>archive</kind>
         <file>rtsv7M4_T_le_v4SPD16_eabi.lib</file>
         <name>exit.obj</name>
      </input_file>
      <input_file id="fl-c4">
         <path>C:\ti\ccsv7\tools\compiler\ti-cgt-arm_16.9.6.LTS\lib\</path>
         <kind>archive</kind>
         <file>rtsv7M4_T_le_v4SPD16_eabi.lib</file>
         <name>memcpy_t2.obj</name>
      </input_file>
      <input_file id="fl-c5">
         <path>C:\ti\ccsv7\tools\compiler\ti-cgt-arm_16.9.6.LTS\lib\</path>
         <kind>archive</kind>
         <file>rtsv7M4_T_le_v4SPD16_eabi.lib</file>
         <name>memset_t2.obj</name>
      </input_file>
      <input_file id="fl-c6">
         <path>C:\ti\ccsv7\tools\compiler\ti-cgt-arm_16.9.6.LTS\lib\</path>
         <kind>archive</kind>
         <file>rtsv7M4_T_le_v4SPD16_eabi.lib</file>
         <name>mpu_init.obj</name>
      </input_file>
      <input_file id="fl-c7">
         <path>C:\ti\ccsv7\tools\compiler\ti-cgt-arm_16.9.6.LTS\lib\</path>
         <kind>archive</kind>
         <file>rtsv7M4_T_le_v4SPD16_eabi.lib</file>
         <name>pre_init.obj</name>
      </input_file>
      <input_file id="fl-c8">
         <path>C:\ti\ccsv7\tools\compiler\ti-cgt-arm_16.9.6.LTS\lib\</path>
         <kind>archive</kind>
         <file>rtsv7M4_T_le_v4SPD16_eabi.lib</file>
         <name>stkdepth_vars.obj</name>
      </input_file>
      <input_file id="fl-c9">
         <path>C:\ti\ccsv7\tools\compiler\ti-cgt-arm_16.9.6.LTS\lib\</path>
         <kind>archive</kind>
         <file>rtsv7M4_T_le_v4SPD16_eabi.lib</file>
         <name>_lock.obj</name>
      </input_file>
      <input_file id="fl-ca">
         <path>C:\ti\ccsv7\tools\compiler\ti-cgt-arm_16.9.6.LTS\lib\</path>
         <kind>archive</kind>
         <file>rtsv7M4_T_le_v4SPD16_eabi.lib</file>
         <name>args_main.obj</name>
      </input_file>
      <input_file id="fl-cb">
         <path>C:\ti\ccsv7\tools\compiler\ti-cgt-arm_16.9.6.LTS\lib\</path>
         <kind>archive</kind>
         <file>rtsv7M4_T_le_v4SPD16_eabi.lib</file>
         <name>autoinit.obj</name>
      </input_file>
      <input_file id="fl-cc">
         <path>C:\ti\ccsv7\tools\compiler\ti-cgt-arm_16.9.6.LTS\lib\</path>
         <kind>archive</kind>
         <file>rtsv7M4_T_le_v4SPD16_eabi.lib</file>
         <name>cpy_tbl.obj</name>
      </input_file>
      <input_file id="fl-cd">
         <path>C:\ti\ccsv7\tools\compiler\ti-cgt-arm_16.9.6.LTS\lib\</path>
         <kind>archive</kind>
         <file>rtsv7M4_T_le_v4SPD16_eabi.lib</file>
         <name>startup.obj</name>
      </input_file>
      <input_file id="fl-ce">
         <path>C:\Users\hsamp\Util\Util\Debug\</path>
         <kind>archive</kind>
         <file>Util.lib</file>
         <name>launchpad.obj</name>
      </input_file>
      <input_file id="fl-cf">
         <path>C:\Users\hsamp\Util\Util\Debug\</path>
         <kind>archive</kind>
         <file>Util.lib</file>
         <name>led.obj</name>
      </input_file>
      <input_file id="fl-d0">
         <path>C:\Users\hsamp\Util\Util\Debug\</path>
         <kind>archive</kind>
         <file>Util.lib</file>
         <name>pushbutton.obj</name>
      </input_file>
      <input_file id="fl-d1">
         <path>C:\Users\hsamp\Util\Util\Debug\</path>
         <kind>archive</kind>
         <file>Util.lib</file>
         <name>uart.obj</name>
      </input_file>
      <input_file id="fl-d2">
         <path>C:\ti\ccsv7\tools\compiler\ti-cgt-arm_16.9.6.LTS\lib\</path>
         <kind>archive</kind>
         <file>rtsv7M4_T_le_v4SPD16_eabi.lib</file>
         <name>ull_div_t2.obj</name>
      </input_file>
      <input_file id="fl-d3">
         <path>C:\ti\ccsv7\tools\compiler\ti-cgt-arm_16.9.6.LTS\lib\</path>
         <kind>archive</kind>
         <file>rtsv7M4_T_le_v4SPD16_eabi.lib</file>
         <name>vsnprintf.obj</name>
      </input_file>
      <input_file id="fl-d4">
         <path>C:\ti\ccsv7\tools\compiler\ti-cgt-arm_16.9.6.LTS\lib\</path>
         <kind>archive</kind>
         <file>rtsv7M4_T_le_v4SPD16_eabi.lib</file>
         <name>_printfi.obj</name>
      </input_file>
      <input_file id="fl-d5">
         <path>C:\ti\ccsv7\tools\compiler\ti-cgt-arm_16.9.6.LTS\lib\</path>
         <kind>archive</kind>
         <file>rtsv7M4_T_le_v4SPD16_eabi.lib</file>
         <name>atoi.obj</name>
      </input_file>
      <input_file id="fl-d6">
         <path>C:\ti\ccsv7\tools\compiler\ti-cgt-arm_16.9.6.LTS\lib\</path>
         <kind>archive</kind>
         <file>rtsv7M4_T_le_v4SPD16_eabi.lib</file>
         <name>ctype.obj</name>
      </input_file>
      <input_file id="fl-d7">
         <path>C:\ti\ccsv7\tools\compiler\ti-cgt-arm_16.9.6.LTS\lib\</path>
         <kind>archive</kind>
         <file>rtsv7M4_T_le_v4SPD16_eabi.lib</file>
         <name>fd_add_t2.obj</name>
      </input_file>
      <input_file id="fl-d8">
         <path>C:\ti\ccsv7\tools\compiler\ti-cgt-arm_16.9.6.LTS\lib\</path>
         <kind>archive</kind>
         <file>rtsv7M4_T_le_v4SPD16_eabi.lib</file>
         <name>fd_cmp_t2.obj</name>
      </input_file>
      <input_file id="fl-d9">
         <path>C:\ti\ccsv7\tools\compiler\ti-cgt-arm_16.9.6.LTS\lib\</path>
         <kind>archive</kind>
         <file>rtsv7M4_T_le_v4SPD16_eabi.lib</file>
         <name>fd_div_t2.obj</name>
      </input_file>
      <input_file id="fl-da">
         <path>C:\ti\ccsv7\tools\compiler\ti-cgt-arm_16.9.6.LTS\lib\</path>
         <kind>archive</kind>
         <file>rtsv7M4_T_le_v4SPD16_eabi.lib</file>
         <name>fd_mul_t2.obj</name>
      </input_file>
      <input_file id="fl-db">
         <path>C:\ti\ccsv7\tools\compiler\ti-cgt-arm_16.9.6.LTS\lib\</path>
         <kind>archive</kind>
         <file>rtsv7M4_T_le_v4SPD16_eabi.lib</file>
         <name>fd_toi_t2.obj</name>
      </input_file>
      <input_file id="fl-dc">
         <path>C:\ti\ccsv7\tools\compiler\ti-cgt-arm_16.9.6.LTS\lib\</path>
         <kind>archive</kind>
         <file>rtsv7M4_T_le_v4SPD16_eabi.lib</file>
         <name>i_tofd_t2.obj</name>
      </input_file>
      <input_file id="fl-dd">
         <path>C:\ti\ccsv7\tools\compiler\ti-cgt-arm_16.9.6.LTS\lib\</path>
         <kind>archive</kind>
         <file>rtsv7M4_T_le_v4SPD16_eabi.lib</file>
         <name>ltoa.obj</name>
      </input_file>
      <input_file id="fl-de">
         <path>C:\ti\ccsv7\tools\compiler\ti-cgt-arm_16.9.6.LTS\lib\</path>
         <kind>archive</kind>
         <file>rtsv7M4_T_le_v4SPD16_eabi.lib</file>
         <name>memccpy.obj</name>
      </input_file>
      <input_file id="fl-df">
         <path>C:\ti\ccsv7\tools\compiler\ti-cgt-arm_16.9.6.LTS\lib\</path>
         <kind>archive</kind>
         <file>rtsv7M4_T_le_v4SPD16_eabi.lib</file>
         <name>s_frexp.obj</name>
      </input_file>
      <input_file id="fl-e0">
         <path>C:\ti\ccsv7\tools\compiler\ti-cgt-arm_16.9.6.LTS\lib\</path>
         <kind>archive</kind>
         <file>rtsv7M4_T_le_v4SPD16_eabi.lib</file>
         <name>s_scalbn.obj</name>
      </input_file>
      <input_file id="fl-e1">
         <path>C:\ti\ccsv7\tools\compiler\ti-cgt-arm_16.9.6.LTS\lib\</path>
         <kind>archive</kind>
         <file>rtsv7M4_T_le_v4SPD16_eabi.lib</file>
         <name>strchr.obj</name>
      </input_file>
      <input_file id="fl-e2">
         <path>C:\ti\ccsv7\tools\compiler\ti-cgt-arm_16.9.6.LTS\lib\</path>
         <kind>archive</kind>
         <file>rtsv7M4_T_le_v4SPD16_eabi.lib</file>
         <name>strlen.obj</name>
      </input_file>
      <input_file id="fl-e3">
         <path>C:\ti\ccsv7\tools\compiler\ti-cgt-arm_16.9.6.LTS\lib\</path>
         <kind>archive</kind>
         <file>rtsv7M4_T_le_v4SPD16_eabi.lib</file>
         <name>errno.obj</name>
      </input_file>
      <input_file id="fl-e4">
         <path>C:\ti\ccsv7\tools\compiler\ti-cgt-arm_16.9.6.LTS\lib\</path>
         <kind>archive</kind>
         <file>rtsv7M4_T_le_v4SPD16_eabi.lib</file>
         <name>s_copysign.obj</name>
      </input_file>
      <input_file id="fl-e5">
         <path>C:\ti\TivaWare_C_Series-2.1.4.178\driverlib\ccs\Debug\</path>
         <kind>archive</kind>
         <file>driverlib.lib</file>
         <name>gpio.obj</name>
      </input_file>
      <input_file id="fl-e6">
         <path>C:\ti\TivaWare_C_Series-2.1.4.178\driverlib\ccs\Debug\</path>
         <kind>archive</kind>
         <file>driverlib.lib</file>
         <name>interrupt.obj</name>
      </input_file>
      <input_file id="fl-e7">
         <path>C:\ti\TivaWare_C_Series-2.1.4.178\driverlib\ccs\Debug\</path>
         <kind>archive</kind>
         <file>driverlib.lib</file>
         <name>sysctl.obj</name>
      </input_file>
      <input_file id="fl-e8">
         <path>C:\ti\TivaWare_C_Series-2.1.4.178\driverlib\ccs\Debug\</path>
         <kind>archive</kind>
         <file>driverlib.lib</file>
         <name>systick.obj</name>
      </input_file>
      <input_file id="fl-e9">
         <path>C:\ti\TivaWare_C_Series-2.1.4.178\driverlib\ccs\Debug\</path>
         <kind>archive</kind>
         <file>driverlib.lib</file>
         <name>uart.obj</name>
      </input_file>
      <input_file id="fl-ea">
         <path>C:\ti\TivaWare_C_Series-2.1.4.178\driverlib\ccs\Debug\</path>
         <kind>archive</kind>
         <file>driverlib.lib</file>
         <name>cpu.obj</name>
      </input_file>
   </input_file_list>
   <object_component_list>
      <object_component id="oc-f">
         <name>.intvecs</name>
         <load_address>0x0</load_address>
         <run_address>0x0</run_address>
         <size>0x26c</size>
         <input_file_ref idref="fl-3"/>
      </object_component>
      <object_component id="oc-1e6">
         <name>.text</name>
         <load_address>0x26c</load_address>
         <run_address>0x26c</run_address>
         <size>0x113e</size>
         <input_file_ref idref="fl-d4"/>
      </object_component>
      <object_component id="oc-57">
         <name>.text</name>
         <load_address>0x13aa</load_address>
         <run_address>0x13aa</run_address>
         <size>0x2</size>
         <input_file_ref idref="fl-c6"/>
      </object_component>
      <object_component id="oc-d6">
         <name>.text</name>
         <load_address>0x13ac</load_address>
         <run_address>0x13ac</run_address>
         <size>0x3d0</size>
         <input_file_ref idref="fl-ce"/>
      </object_component>
      <object_component id="oc-12d">
         <name>.text</name>
         <load_address>0x177c</load_address>
         <run_address>0x177c</run_address>
         <size>0x1f4</size>
         <input_file_ref idref="fl-d2"/>
      </object_component>
      <object_component id="oc-243">
         <name>.text</name>
         <load_address>0x1970</load_address>
         <run_address>0x1970</run_address>
         <size>0x1b6</size>
         <input_file_ref idref="fl-d7"/>
      </object_component>
      <object_component id="oc-9f">
         <name>.text</name>
         <load_address>0x1b26</load_address>
         <run_address>0x1b26</run_address>
         <size>0x2</size>
         <input_file_ref idref="fl-cd"/>
      </object_component>
      <object_component id="oc-a7">
         <name>.text</name>
         <load_address>0x1b28</load_address>
         <run_address>0x1b28</run_address>
         <size>0x16c</size>
         <input_file_ref idref="fl-2"/>
      </object_component>
      <object_component id="oc-229">
         <name>.text</name>
         <load_address>0x1c94</load_address>
         <run_address>0x1c94</run_address>
         <size>0x136</size>
         <input_file_ref idref="fl-d9"/>
      </object_component>
      <object_component id="oc-162">
         <name>.text:GPIOPadConfigSet</name>
         <load_address>0x1dca</load_address>
         <run_address>0x1dca</run_address>
         <size>0x132</size>
         <input_file_ref idref="fl-e5"/>
      </object_component>
      <object_component id="oc-139">
         <name>.text:SysCtlClockGet</name>
         <load_address>0x1efc</load_address>
         <run_address>0x1efc</run_address>
         <size>0x110</size>
         <input_file_ref idref="fl-e7"/>
      </object_component>
      <object_component id="oc-224">
         <name>.text</name>
         <load_address>0x200c</load_address>
         <run_address>0x200c</run_address>
         <size>0xfc</size>
         <input_file_ref idref="fl-da"/>
      </object_component>
      <object_component id="oc-24e">
         <name>.text</name>
         <load_address>0x2108</load_address>
         <run_address>0x2108</run_address>
         <size>0xfc</size>
         <input_file_ref idref="fl-e0"/>
      </object_component>
      <object_component id="oc-133">
         <name>.text:SysCtlClockSet</name>
         <load_address>0x2204</load_address>
         <run_address>0x2204</run_address>
         <size>0xf4</size>
         <input_file_ref idref="fl-e7"/>
      </object_component>
      <object_component id="oc-e2">
         <name>.text</name>
         <load_address>0x22f8</load_address>
         <run_address>0x22f8</run_address>
         <size>0xc4</size>
         <input_file_ref idref="fl-d1"/>
      </object_component>
      <object_component id="oc-d0">
         <name>.text</name>
         <load_address>0x23bc</load_address>
         <run_address>0x23bc</run_address>
         <size>0x9c</size>
         <input_file_ref idref="fl-cf"/>
      </object_component>
      <object_component id="oc-3f">
         <name>.text</name>
         <load_address>0x2458</load_address>
         <run_address>0x2458</run_address>
         <size>0x9c</size>
         <input_file_ref idref="fl-c4"/>
      </object_component>
      <object_component id="oc-dc">
         <name>.text</name>
         <load_address>0x24f4</load_address>
         <run_address>0x24f4</run_address>
         <size>0x8c</size>
         <input_file_ref idref="fl-d0"/>
      </object_component>
      <object_component id="oc-190">
         <name>.text</name>
         <load_address>0x2580</load_address>
         <run_address>0x2580</run_address>
         <size>0x88</size>
         <input_file_ref idref="fl-d3"/>
      </object_component>
      <object_component id="oc-21f">
         <name>.text:__aeabi_cdcmple</name>
         <load_address>0x2608</load_address>
         <run_address>0x2608</run_address>
         <size>0x86</size>
         <input_file_ref idref="fl-d8"/>
      </object_component>
      <object_component id="oc-22e">
         <name>.text:__aeabi_cdrcmple</name>
         <load_address>0x268e</load_address>
         <run_address>0x268e</run_address>
         <size>0x86</size>
         <input_file_ref idref="fl-d8"/>
      </object_component>
      <object_component id="oc-4b">
         <name>.text</name>
         <load_address>0x2714</load_address>
         <run_address>0x2714</run_address>
         <size>0x7a</size>
         <input_file_ref idref="fl-c5"/>
      </object_component>
      <object_component id="oc-63">
         <name>.text</name>
         <load_address>0x2790</load_address>
         <run_address>0x2790</run_address>
         <size>0x70</size>
         <input_file_ref idref="fl-cb"/>
      </object_component>
      <object_component id="oc-12">
         <name>.text:decompress:lzss</name>
         <load_address>0x2800</load_address>
         <run_address>0x2800</run_address>
         <size>0x68</size>
         <input_file_ref idref="fl-c0"/>
      </object_component>
      <object_component id="oc-248">
         <name>.text</name>
         <load_address>0x2868</load_address>
         <run_address>0x2868</run_address>
         <size>0x64</size>
         <input_file_ref idref="fl-df"/>
      </object_component>
      <object_component id="oc-24">
         <name>.text</name>
         <load_address>0x28cc</load_address>
         <run_address>0x28cc</run_address>
         <size>0x54</size>
         <input_file_ref idref="fl-bf"/>
      </object_component>
      <object_component id="oc-6f">
         <name>.text</name>
         <load_address>0x2920</load_address>
         <run_address>0x2920</run_address>
         <size>0x54</size>
         <input_file_ref idref="fl-c3"/>
      </object_component>
      <object_component id="oc-238">
         <name>.text</name>
         <load_address>0x2974</load_address>
         <run_address>0x2974</run_address>
         <size>0x54</size>
         <input_file_ref idref="fl-dd"/>
      </object_component>
      <object_component id="oc-25a">
         <name>.text</name>
         <load_address>0x29c8</load_address>
         <run_address>0x29c8</run_address>
         <size>0x4c</size>
         <input_file_ref idref="fl-d5"/>
      </object_component>
      <object_component id="oc-99">
         <name>.text</name>
         <load_address>0x2a14</load_address>
         <run_address>0x2a14</run_address>
         <size>0x4c</size>
         <input_file_ref idref="fl-cc"/>
      </object_component>
      <object_component id="oc-172">
         <name>.text:GPIOPinConfigure</name>
         <load_address>0x2a60</load_address>
         <run_address>0x2a60</run_address>
         <size>0x48</size>
         <input_file_ref idref="fl-e5"/>
      </object_component>
      <object_component id="oc-233">
         <name>.text</name>
         <load_address>0x2aa8</load_address>
         <run_address>0x2aa8</run_address>
         <size>0x48</size>
         <input_file_ref idref="fl-db"/>
      </object_component>
      <object_component id="oc-17e">
         <name>.text:UARTConfigSetExpClk</name>
         <load_address>0x2af0</load_address>
         <run_address>0x2af0</run_address>
         <size>0x46</size>
         <input_file_ref idref="fl-e9"/>
      </object_component>
      <object_component id="oc-1bb">
         <name>.text:IntRegister</name>
         <load_address>0x2b38</load_address>
         <run_address>0x2b38</run_address>
         <size>0x34</size>
         <input_file_ref idref="fl-e6"/>
      </object_component>
      <object_component id="oc-111">
         <name>.text:SysCtlPeripheralEnable</name>
         <load_address>0x2b6c</load_address>
         <run_address>0x2b6c</run_address>
         <size>0x34</size>
         <input_file_ref idref="fl-e7"/>
      </object_component>
      <object_component id="oc-23e">
         <name>.text</name>
         <load_address>0x2ba0</load_address>
         <run_address>0x2ba0</run_address>
         <size>0x2e</size>
         <input_file_ref idref="fl-dc"/>
      </object_component>
      <object_component id="oc-1a4">
         <name>.text:GPIODirModeSet</name>
         <load_address>0x2bce</load_address>
         <run_address>0x2bce</run_address>
         <size>0x2a</size>
         <input_file_ref idref="fl-e5"/>
      </object_component>
      <object_component id="oc-1d6">
         <name>.text:UARTDisable</name>
         <load_address>0x2bf8</load_address>
         <run_address>0x2bf8</run_address>
         <size>0x20</size>
         <input_file_ref idref="fl-e9"/>
      </object_component>
      <object_component id="oc-145">
         <name>.text:SysTickIntRegister</name>
         <load_address>0x2c18</load_address>
         <run_address>0x2c18</run_address>
         <size>0x1c</size>
         <input_file_ref idref="fl-e8"/>
      </object_component>
      <object_component id="oc-260">
         <name>.text</name>
         <load_address>0x2c34</load_address>
         <run_address>0x2c34</run_address>
         <size>0x1c</size>
         <input_file_ref idref="fl-de"/>
      </object_component>
      <object_component id="oc-117">
         <name>.text:GPIOPinTypeGPIOOutput</name>
         <load_address>0x2c50</load_address>
         <run_address>0x2c50</run_address>
         <size>0x18</size>
         <input_file_ref idref="fl-e5"/>
      </object_component>
      <object_component id="oc-69">
         <name>.text</name>
         <load_address>0x2c68</load_address>
         <run_address>0x2c68</run_address>
         <size>0x18</size>
         <input_file_ref idref="fl-ca"/>
      </object_component>
      <object_component id="oc-254">
         <name>.text</name>
         <load_address>0x2c80</load_address>
         <run_address>0x2c80</run_address>
         <size>0x16</size>
         <input_file_ref idref="fl-e1"/>
      </object_component>
      <object_component id="oc-151">
         <name>.text:SysTickEnable</name>
         <load_address>0x2c98</load_address>
         <run_address>0x2c98</run_address>
         <size>0x14</size>
         <input_file_ref idref="fl-e8"/>
      </object_component>
      <object_component id="oc-14b">
         <name>.text:SysTickIntEnable</name>
         <load_address>0x2cac</load_address>
         <run_address>0x2cac</run_address>
         <size>0x14</size>
         <input_file_ref idref="fl-e8"/>
      </object_component>
      <object_component id="oc-1dc">
         <name>.text:UARTEnable</name>
         <load_address>0x2cc0</load_address>
         <run_address>0x2cc0</run_address>
         <size>0x14</size>
         <input_file_ref idref="fl-e9"/>
      </object_component>
      <object_component id="oc-f9">
         <name>.text</name>
         <load_address>0x2cd4</load_address>
         <run_address>0x2cd4</run_address>
         <size>0x14</size>
         <input_file_ref idref="fl-c9"/>
      </object_component>
      <object_component id="oc-28c">
         <name>.text</name>
         <load_address>0x2ce8</load_address>
         <run_address>0x2ce8</run_address>
         <size>0x14</size>
         <input_file_ref idref="fl-e4"/>
      </object_component>
      <object_component id="oc-219">
         <name>.text</name>
         <load_address>0x2cfc</load_address>
         <run_address>0x2cfc</run_address>
         <size>0x14</size>
         <input_file_ref idref="fl-e2"/>
      </object_component>
      <object_component id="oc-15c">
         <name>.text:GPIOPinTypeGPIOInput</name>
         <load_address>0x2d10</load_address>
         <run_address>0x2d10</run_address>
         <size>0x12</size>
         <input_file_ref idref="fl-e5"/>
      </object_component>
      <object_component id="oc-178">
         <name>.text:GPIOPinTypeUART</name>
         <load_address>0x2d22</load_address>
         <run_address>0x2d22</run_address>
         <size>0x12</size>
         <input_file_ref idref="fl-e5"/>
      </object_component>
      <object_component id="oc-13f">
         <name>.text:SysTickPeriodSet</name>
         <load_address>0x2d34</load_address>
         <run_address>0x2d34</run_address>
         <size>0x10</size>
         <input_file_ref idref="fl-e8"/>
      </object_component>
      <object_component id="oc-18">
         <name>.text:decompress:none</name>
         <load_address>0x2d44</load_address>
         <run_address>0x2d44</run_address>
         <size>0xe</size>
         <input_file_ref idref="fl-c1"/>
      </object_component>
      <object_component id="oc-1e">
         <name>.text:decompress:ZI</name>
         <load_address>0x2d52</load_address>
         <run_address>0x2d52</run_address>
         <size>0xc</size>
         <input_file_ref idref="fl-c2"/>
      </object_component>
      <object_component id="oc-2b">
         <name>.text</name>
         <load_address>0x2d5e</load_address>
         <run_address>0x2d5e</run_address>
         <size>0xc</size>
         <input_file_ref idref="fl-3"/>
      </object_component>
      <object_component id="oc-18a">
         <name>.text:UARTCharGet</name>
         <load_address>0x2d6a</load_address>
         <run_address>0x2d6a</run_address>
         <size>0xa</size>
         <input_file_ref idref="fl-e9"/>
      </object_component>
      <object_component id="oc-184">
         <name>.text:UARTCharPut</name>
         <load_address>0x2d74</load_address>
         <run_address>0x2d74</run_address>
         <size>0xa</size>
         <input_file_ref idref="fl-e9"/>
      </object_component>
      <object_component id="oc-168">
         <name>.text:GPIOPinRead</name>
         <load_address>0x2d7e</load_address>
         <run_address>0x2d7e</run_address>
         <size>0x6</size>
         <input_file_ref idref="fl-e5"/>
      </object_component>
      <object_component id="oc-11d">
         <name>.text:GPIOPinWrite</name>
         <load_address>0x2d84</load_address>
         <run_address>0x2d84</run_address>
         <size>0x6</size>
         <input_file_ref idref="fl-e5"/>
      </object_component>
      <object_component id="oc-132">
         <name>.text:SysCtlDelay</name>
         <load_address>0x2d8a</load_address>
         <run_address>0x2d8a</run_address>
         <size>0x6</size>
         <input_file_ref idref="fl-e7"/>
      </object_component>
      <object_component id="oc-5d">
         <name>.text</name>
         <load_address>0x2d90</load_address>
         <run_address>0x2d90</run_address>
         <size>0x4</size>
         <input_file_ref idref="fl-c7"/>
      </object_component>
      <object_component id="oc-299">
         <name>.const:.string:_ctypes_</name>
         <load_address>0x2d94</load_address>
         <run_address>0x2d94</run_address>
         <size>0x101</size>
         <input_file_ref idref="fl-d6"/>
      </object_component>
      <object_component id="oc-1d1">
         <name>.const:g_pui32GPIOBaseAddrs</name>
         <load_address>0x2e98</load_address>
         <run_address>0x2e98</run_address>
         <size>0x90</size>
         <input_file_ref idref="fl-e5"/>
      </object_component>
      <object_component id="oc-1b5">
         <name>.const:g_pui32Xtals</name>
         <load_address>0x2f28</load_address>
         <run_address>0x2f28</run_address>
         <size>0x6c</size>
         <input_file_ref idref="fl-e7"/>
      </object_component>
      <object_component id="oc-2df">
         <name>.cinit..data.load</name>
         <load_address>0x2f98</load_address>
         <run_address>0x2f98</run_address>
         <size>0x12</size>
      </object_component>
      <object_component id="oc-2dc">
         <name>__TI_handler_table</name>
         <load_address>0x2fac</load_address>
         <run_address>0x2fac</run_address>
         <size>0xc</size>
      </object_component>
      <object_component id="oc-2e0">
         <name>.cinit..bss.load</name>
         <load_address>0x2fb8</load_address>
         <run_address>0x2fb8</run_address>
         <size>0x8</size>
      </object_component>
      <object_component id="oc-2de">
         <name>.cinit..vtable.load</name>
         <load_address>0x2fc0</load_address>
         <run_address>0x2fc0</run_address>
         <size>0x8</size>
      </object_component>
      <object_component id="oc-2dd">
         <name>__TI_cinit_table</name>
         <load_address>0x2fc8</load_address>
         <run_address>0x2fc8</run_address>
         <size>0x18</size>
      </object_component>
      <object_component id="oc-20e">
         <name>.vtable</name>
         <uninitialized>true</uninitialized>
         <run_address>0x20000000</run_address>
         <size>0x26c</size>
         <input_file_ref idref="fl-e6"/>
      </object_component>
      <object_component id="oc-e8">
         <name>.data</name>
         <load_address>0x2000070c</load_address>
         <run_address>0x2000070c</run_address>
         <size>0x5</size>
         <input_file_ref idref="fl-2"/>
      </object_component>
      <object_component id="oc-af">
         <name>.data:$O1$$</name>
         <load_address>0x200006f0</load_address>
         <run_address>0x200006f0</run_address>
         <size>0xc</size>
         <input_file_ref idref="fl-c3"/>
      </object_component>
      <object_component id="oc-75">
         <name>.data</name>
         <load_address>0x20000718</load_address>
         <run_address>0x20000718</run_address>
         <size>0x4</size>
         <input_file_ref idref="fl-c8"/>
      </object_component>
      <object_component id="oc-b2">
         <name>.data:$O1$$</name>
         <load_address>0x200006fc</load_address>
         <run_address>0x200006fc</run_address>
         <size>0x8</size>
         <input_file_ref idref="fl-c9"/>
      </object_component>
      <object_component id="oc-127">
         <name>.data</name>
         <load_address>0x20000704</load_address>
         <run_address>0x20000704</run_address>
         <size>0x8</size>
         <input_file_ref idref="fl-ce"/>
      </object_component>
      <object_component id="oc-123">
         <name>.data</name>
         <load_address>0x20000711</load_address>
         <run_address>0x20000711</run_address>
         <size>0x1</size>
         <input_file_ref idref="fl-cf"/>
      </object_component>
      <object_component id="oc-16e">
         <name>.data</name>
         <load_address>0x20000712</load_address>
         <run_address>0x20000712</run_address>
         <size>0x1</size>
         <input_file_ref idref="fl-d0"/>
      </object_component>
      <object_component id="oc-292">
         <name>.data</name>
         <load_address>0x20000714</load_address>
         <run_address>0x20000714</run_address>
         <size>0x4</size>
         <input_file_ref idref="fl-e3"/>
      </object_component>
      <object_component id="oc-157">
         <name>.bss</name>
         <uninitialized>true</uninitialized>
         <run_address>0x200006ec</run_address>
         <size>0x4</size>
         <input_file_ref idref="fl-ce"/>
      </object_component>
      <object_component id="oc-12a">
         <name>.bss:callbackHeap</name>
         <uninitialized>true</uninitialized>
         <run_address>0x2000066c</run_address>
         <size>0x80</size>
         <input_file_ref idref="fl-ce"/>
      </object_component>
      <object_component id="oc-2a">
         <name>.stack</name>
         <uninitialized>true</uninitialized>
         <run_address>0x2000026c</run_address>
         <size>0x0</size>
         <input_file_ref idref="fl-bf"/>
      </object_component>
      <object_component id="oc-2e1">
         <name>.stack</name>
         <uninitialized>true</uninitialized>
         <run_address>0x2000026c</run_address>
         <size>0x0</size>
      </object_component>
      <object_component id="oc-1ff">
         <name>.debug_info</name>
         <load_address>0x0</load_address>
         <run_address>0x0</run_address>
         <size>0x336</size>
         <input_file_ref idref="fl-2"/>
      </object_component>
      <object_component id="oc-e9">
         <name>.debug_info</name>
         <load_address>0x336</load_address>
         <run_address>0x336</run_address>
         <size>0xb5</size>
         <input_file_ref idref="fl-2"/>
      </object_component>
      <object_component id="oc-a8">
         <name>.debug_info</name>
         <load_address>0x3eb</load_address>
         <run_address>0x3eb</run_address>
         <size>0x324</size>
         <input_file_ref idref="fl-2"/>
      </object_component>
      <object_component id="oc-ec">
         <name>.debug_info</name>
         <load_address>0x70f</load_address>
         <run_address>0x70f</run_address>
         <size>0x3b</size>
         <input_file_ref idref="fl-2"/>
      </object_component>
      <object_component id="oc-1fa">
         <name>.debug_info</name>
         <load_address>0x74a</load_address>
         <run_address>0x74a</run_address>
         <size>0xc8</size>
         <input_file_ref idref="fl-2"/>
      </object_component>
      <object_component id="oc-ba">
         <name>.debug_info</name>
         <load_address>0x812</load_address>
         <run_address>0x812</run_address>
         <size>0x8b</size>
         <input_file_ref idref="fl-2"/>
      </object_component>
      <object_component id="oc-7c">
         <name>.debug_info</name>
         <load_address>0x89d</load_address>
         <run_address>0x89d</run_address>
         <size>0x18b</size>
         <input_file_ref idref="fl-2"/>
      </object_component>
      <object_component id="oc-198">
         <name>.debug_info</name>
         <load_address>0xa28</load_address>
         <run_address>0xa28</run_address>
         <size>0x4e</size>
         <input_file_ref idref="fl-2"/>
      </object_component>
      <object_component id="oc-33">
         <name>.debug_info</name>
         <load_address>0xa76</load_address>
         <run_address>0xa76</run_address>
         <size>0x28e</size>
         <input_file_ref idref="fl-3"/>
      </object_component>
      <object_component id="oc-10">
         <name>.debug_info</name>
         <load_address>0xd04</load_address>
         <run_address>0xd04</run_address>
         <size>0xdf</size>
         <input_file_ref idref="fl-3"/>
      </object_component>
      <object_component id="oc-2c">
         <name>.debug_info</name>
         <load_address>0xde3</load_address>
         <run_address>0xde3</run_address>
         <size>0x25b</size>
         <input_file_ref idref="fl-3"/>
      </object_component>
      <object_component id="oc-3a">
         <name>.debug_info</name>
         <load_address>0x103e</load_address>
         <run_address>0x103e</run_address>
         <size>0x84</size>
         <input_file_ref idref="fl-3"/>
      </object_component>
      <object_component id="oc-26">
         <name>.debug_info</name>
         <load_address>0x10c2</load_address>
         <run_address>0x10c2</run_address>
         <size>0x160</size>
         <input_file_ref idref="fl-bf"/>
      </object_component>
      <object_component id="oc-86">
         <name>.debug_info</name>
         <load_address>0x1222</load_address>
         <run_address>0x1222</run_address>
         <size>0x293</size>
         <input_file_ref idref="fl-c0"/>
      </object_component>
      <object_component id="oc-15">
         <name>.debug_info</name>
         <load_address>0x14b5</load_address>
         <run_address>0x14b5</run_address>
         <size>0x245</size>
         <input_file_ref idref="fl-c0"/>
      </object_component>
      <object_component id="oc-35">
         <name>.debug_info</name>
         <load_address>0x16fa</load_address>
         <run_address>0x16fa</run_address>
         <size>0x60</size>
         <input_file_ref idref="fl-c0"/>
      </object_component>
      <object_component id="oc-81">
         <name>.debug_info</name>
         <load_address>0x175a</load_address>
         <run_address>0x175a</run_address>
         <size>0x46</size>
         <input_file_ref idref="fl-c0"/>
      </object_component>
      <object_component id="oc-4a">
         <name>.debug_info</name>
         <load_address>0x17a0</load_address>
         <run_address>0x17a0</run_address>
         <size>0x2da</size>
         <input_file_ref idref="fl-c1"/>
      </object_component>
      <object_component id="oc-1b">
         <name>.debug_info</name>
         <load_address>0x1a7a</load_address>
         <run_address>0x1a7a</run_address>
         <size>0x1df</size>
         <input_file_ref idref="fl-c1"/>
      </object_component>
      <object_component id="oc-45">
         <name>.debug_info</name>
         <load_address>0x1c59</load_address>
         <run_address>0x1c59</run_address>
         <size>0x46</size>
         <input_file_ref idref="fl-c1"/>
      </object_component>
      <object_component id="oc-88">
         <name>.debug_info</name>
         <load_address>0x1c9f</load_address>
         <run_address>0x1c9f</run_address>
         <size>0x2c</size>
         <input_file_ref idref="fl-c1"/>
      </object_component>
      <object_component id="oc-56">
         <name>.debug_info</name>
         <load_address>0x1ccb</load_address>
         <run_address>0x1ccb</run_address>
         <size>0x2c9</size>
         <input_file_ref idref="fl-c2"/>
      </object_component>
      <object_component id="oc-20">
         <name>.debug_info</name>
         <load_address>0x1f94</load_address>
         <run_address>0x1f94</run_address>
         <size>0x1aa</size>
         <input_file_ref idref="fl-c2"/>
      </object_component>
      <object_component id="oc-51">
         <name>.debug_info</name>
         <load_address>0x213e</load_address>
         <run_address>0x213e</run_address>
         <size>0x46</size>
         <input_file_ref idref="fl-c2"/>
      </object_component>
      <object_component id="oc-90">
         <name>.debug_info</name>
         <load_address>0x2184</load_address>
         <run_address>0x2184</run_address>
         <size>0x2c</size>
         <input_file_ref idref="fl-c2"/>
      </object_component>
      <object_component id="oc-b6">
         <name>.debug_info</name>
         <load_address>0x21b0</load_address>
         <run_address>0x21b0</run_address>
         <size>0x3ce</size>
         <input_file_ref idref="fl-c3"/>
      </object_component>
      <object_component id="oc-b0">
         <name>.debug_info</name>
         <load_address>0x257e</load_address>
         <run_address>0x257e</run_address>
         <size>0x185</size>
         <input_file_ref idref="fl-c3"/>
      </object_component>
      <object_component id="oc-70">
         <name>.debug_info</name>
         <load_address>0x2703</load_address>
         <run_address>0x2703</run_address>
         <size>0x214</size>
         <input_file_ref idref="fl-c3"/>
      </object_component>
      <object_component id="oc-40">
         <name>.debug_info</name>
         <load_address>0x2917</load_address>
         <run_address>0x2917</run_address>
         <size>0x111</size>
         <input_file_ref idref="fl-c4"/>
      </object_component>
      <object_component id="oc-4e">
         <name>.debug_info</name>
         <load_address>0x2a28</load_address>
         <run_address>0x2a28</run_address>
         <size>0x13f</size>
         <input_file_ref idref="fl-c5"/>
      </object_component>
      <object_component id="oc-5a">
         <name>.debug_info</name>
         <load_address>0x2b67</load_address>
         <run_address>0x2b67</run_address>
         <size>0x138</size>
         <input_file_ref idref="fl-c6"/>
      </object_component>
      <object_component id="oc-5f">
         <name>.debug_info</name>
         <load_address>0x2c9f</load_address>
         <run_address>0x2c9f</run_address>
         <size>0x148</size>
         <input_file_ref idref="fl-c7"/>
      </object_component>
      <object_component id="oc-76">
         <name>.debug_info</name>
         <load_address>0x2de7</load_address>
         <run_address>0x2de7</run_address>
         <size>0x109</size>
         <input_file_ref idref="fl-c8"/>
      </object_component>
      <object_component id="oc-101">
         <name>.debug_info</name>
         <load_address>0x2ef0</load_address>
         <run_address>0x2ef0</run_address>
         <size>0x2be</size>
         <input_file_ref idref="fl-c9"/>
      </object_component>
      <object_component id="oc-b3">
         <name>.debug_info</name>
         <load_address>0x31ae</load_address>
         <run_address>0x31ae</run_address>
         <size>0x113</size>
         <input_file_ref idref="fl-c9"/>
      </object_component>
      <object_component id="oc-fa">
         <name>.debug_info</name>
         <load_address>0x32c1</load_address>
         <run_address>0x32c1</run_address>
         <size>0x21f</size>
         <input_file_ref idref="fl-c9"/>
      </object_component>
      <object_component id="oc-ae">
         <name>.debug_info</name>
         <load_address>0x34e0</load_address>
         <run_address>0x34e0</run_address>
         <size>0x300</size>
         <input_file_ref idref="fl-ca"/>
      </object_component>
      <object_component id="oc-6b">
         <name>.debug_info</name>
         <load_address>0x37e0</load_address>
         <run_address>0x37e0</run_address>
         <size>0x167</size>
         <input_file_ref idref="fl-ca"/>
      </object_component>
      <object_component id="oc-f2">
         <name>.debug_info</name>
         <load_address>0x3947</load_address>
         <run_address>0x3947</run_address>
         <size>0x5e</size>
         <input_file_ref idref="fl-ca"/>
      </object_component>
      <object_component id="oc-a6">
         <name>.debug_info</name>
         <load_address>0x39a5</load_address>
         <run_address>0x39a5</run_address>
         <size>0x483</size>
         <input_file_ref idref="fl-cb"/>
      </object_component>
      <object_component id="oc-64">
         <name>.debug_info</name>
         <load_address>0x3e28</load_address>
         <run_address>0x3e28</run_address>
         <size>0x190</size>
         <input_file_ref idref="fl-cb"/>
      </object_component>
      <object_component id="oc-c6">
         <name>.debug_info</name>
         <load_address>0x3fb8</load_address>
         <run_address>0x3fb8</run_address>
         <size>0x39</size>
         <input_file_ref idref="fl-cb"/>
      </object_component>
      <object_component id="oc-10c">
         <name>.debug_info</name>
         <load_address>0x3ff1</load_address>
         <run_address>0x3ff1</run_address>
         <size>0x39</size>
         <input_file_ref idref="fl-cb"/>
      </object_component>
      <object_component id="oc-cb">
         <name>.debug_info</name>
         <load_address>0x402a</load_address>
         <run_address>0x402a</run_address>
         <size>0xcd</size>
         <input_file_ref idref="fl-cb"/>
      </object_component>
      <object_component id="oc-c2">
         <name>.debug_info</name>
         <load_address>0x40f7</load_address>
         <run_address>0x40f7</run_address>
         <size>0x37a</size>
         <input_file_ref idref="fl-cc"/>
      </object_component>
      <object_component id="oc-9c">
         <name>.debug_info</name>
         <load_address>0x4471</load_address>
         <run_address>0x4471</run_address>
         <size>0x183</size>
         <input_file_ref idref="fl-cc"/>
      </object_component>
      <object_component id="oc-107">
         <name>.debug_info</name>
         <load_address>0x45f4</load_address>
         <run_address>0x45f4</run_address>
         <size>0x2c</size>
         <input_file_ref idref="fl-cc"/>
      </object_component>
      <object_component id="oc-a0">
         <name>.debug_info</name>
         <load_address>0x4620</load_address>
         <run_address>0x4620</run_address>
         <size>0x145</size>
         <input_file_ref idref="fl-cd"/>
      </object_component>
      <object_component id="oc-15b">
         <name>.debug_info</name>
         <load_address>0x4765</load_address>
         <run_address>0x4765</run_address>
         <size>0x412</size>
         <input_file_ref idref="fl-ce"/>
      </object_component>
      <object_component id="oc-158">
         <name>.debug_info</name>
         <load_address>0x4b77</load_address>
         <run_address>0x4b77</run_address>
         <size>0xc1</size>
         <input_file_ref idref="fl-ce"/>
      </object_component>
      <object_component id="oc-128">
         <name>.debug_info</name>
         <load_address>0x4c38</load_address>
         <run_address>0x4c38</run_address>
         <size>0xed</size>
         <input_file_ref idref="fl-ce"/>
      </object_component>
      <object_component id="oc-12b">
         <name>.debug_info</name>
         <load_address>0x4d25</load_address>
         <run_address>0x4d25</run_address>
         <size>0xc7</size>
         <input_file_ref idref="fl-ce"/>
      </object_component>
      <object_component id="oc-d8">
         <name>.debug_info</name>
         <load_address>0x4dec</load_address>
         <run_address>0x4dec</run_address>
         <size>0x9b8</size>
         <input_file_ref idref="fl-ce"/>
      </object_component>
      <object_component id="oc-1c8">
         <name>.debug_info</name>
         <load_address>0x57a4</load_address>
         <run_address>0x57a4</run_address>
         <size>0x51</size>
         <input_file_ref idref="fl-ce"/>
      </object_component>
      <object_component id="oc-124">
         <name>.debug_info</name>
         <load_address>0x57f5</load_address>
         <run_address>0x57f5</run_address>
         <size>0xbf</size>
         <input_file_ref idref="fl-cf"/>
      </object_component>
      <object_component id="oc-d2">
         <name>.debug_info</name>
         <load_address>0x58b4</load_address>
         <run_address>0x58b4</run_address>
         <size>0x28f</size>
         <input_file_ref idref="fl-cf"/>
      </object_component>
      <object_component id="oc-16f">
         <name>.debug_info</name>
         <load_address>0x5b43</load_address>
         <run_address>0x5b43</run_address>
         <size>0xc6</size>
         <input_file_ref idref="fl-d0"/>
      </object_component>
      <object_component id="oc-dd">
         <name>.debug_info</name>
         <load_address>0x5c09</load_address>
         <run_address>0x5c09</run_address>
         <size>0x227</size>
         <input_file_ref idref="fl-d0"/>
      </object_component>
      <object_component id="oc-197">
         <name>.debug_info</name>
         <load_address>0x5e30</load_address>
         <run_address>0x5e30</run_address>
         <size>0x406</size>
         <input_file_ref idref="fl-d1"/>
      </object_component>
      <object_component id="oc-e3">
         <name>.debug_info</name>
         <load_address>0x6236</load_address>
         <run_address>0x6236</run_address>
         <size>0x3c4</size>
         <input_file_ref idref="fl-d1"/>
      </object_component>
      <object_component id="oc-12f">
         <name>.debug_info</name>
         <load_address>0x65fa</load_address>
         <run_address>0x65fa</run_address>
         <size>0x17d</size>
         <input_file_ref idref="fl-d2"/>
      </object_component>
      <object_component id="oc-1ed">
         <name>.debug_info</name>
         <load_address>0x6777</load_address>
         <run_address>0x6777</run_address>
         <size>0x362</size>
         <input_file_ref idref="fl-d3"/>
      </object_component>
      <object_component id="oc-191">
         <name>.debug_info</name>
         <load_address>0x6ad9</load_address>
         <run_address>0x6ad9</run_address>
         <size>0x35c</size>
         <input_file_ref idref="fl-d3"/>
      </object_component>
      <object_component id="oc-1ee">
         <name>.debug_info</name>
         <load_address>0x6e35</load_address>
         <run_address>0x6e35</run_address>
         <size>0x2c</size>
         <input_file_ref idref="fl-d3"/>
      </object_component>
      <object_component id="oc-1f3">
         <name>.debug_info</name>
         <load_address>0x6e61</load_address>
         <run_address>0x6e61</run_address>
         <size>0x69</size>
         <input_file_ref idref="fl-d3"/>
      </object_component>
      <object_component id="oc-267">
         <name>.debug_info</name>
         <load_address>0x6eca</load_address>
         <run_address>0x6eca</run_address>
         <size>0x51f</size>
         <input_file_ref idref="fl-d4"/>
      </object_component>
      <object_component id="oc-1e7">
         <name>.debug_info</name>
         <load_address>0x73e9</load_address>
         <run_address>0x73e9</run_address>
         <size>0x1543</size>
         <input_file_ref idref="fl-d4"/>
      </object_component>
      <object_component id="oc-268">
         <name>.debug_info</name>
         <load_address>0x892c</load_address>
         <run_address>0x892c</run_address>
         <size>0x86</size>
         <input_file_ref idref="fl-d4"/>
      </object_component>
      <object_component id="oc-2a2">
         <name>.debug_info</name>
         <load_address>0x89b2</load_address>
         <run_address>0x89b2</run_address>
         <size>0x46</size>
         <input_file_ref idref="fl-d4"/>
      </object_component>
      <object_component id="oc-26d">
         <name>.debug_info</name>
         <load_address>0x89f8</load_address>
         <run_address>0x89f8</run_address>
         <size>0x39</size>
         <input_file_ref idref="fl-d4"/>
      </object_component>
      <object_component id="oc-29d">
         <name>.debug_info</name>
         <load_address>0x8a31</load_address>
         <run_address>0x8a31</run_address>
         <size>0x2ae</size>
         <input_file_ref idref="fl-d5"/>
      </object_component>
      <object_component id="oc-25b">
         <name>.debug_info</name>
         <load_address>0x8cdf</load_address>
         <run_address>0x8cdf</run_address>
         <size>0x171</size>
         <input_file_ref idref="fl-d5"/>
      </object_component>
      <object_component id="oc-2b6">
         <name>.debug_info</name>
         <load_address>0x8e50</load_address>
         <run_address>0x8e50</run_address>
         <size>0xee</size>
         <input_file_ref idref="fl-d6"/>
      </object_component>
      <object_component id="oc-29a">
         <name>.debug_info</name>
         <load_address>0x8f3e</load_address>
         <run_address>0x8f3e</run_address>
         <size>0xfa</size>
         <input_file_ref idref="fl-d6"/>
      </object_component>
      <object_component id="oc-244">
         <name>.debug_info</name>
         <load_address>0x9038</load_address>
         <run_address>0x9038</run_address>
         <size>0x144</size>
         <input_file_ref idref="fl-d7"/>
      </object_component>
      <object_component id="oc-221">
         <name>.debug_info</name>
         <load_address>0x917c</load_address>
         <run_address>0x917c</run_address>
         <size>0x120</size>
         <input_file_ref idref="fl-d8"/>
      </object_component>
      <object_component id="oc-22f">
         <name>.debug_info</name>
         <load_address>0x929c</load_address>
         <run_address>0x929c</run_address>
         <size>0x122</size>
         <input_file_ref idref="fl-d8"/>
      </object_component>
      <object_component id="oc-22a">
         <name>.debug_info</name>
         <load_address>0x93be</load_address>
         <run_address>0x93be</run_address>
         <size>0x132</size>
         <input_file_ref idref="fl-d9"/>
      </object_component>
      <object_component id="oc-226">
         <name>.debug_info</name>
         <load_address>0x94f0</load_address>
         <run_address>0x94f0</run_address>
         <size>0x132</size>
         <input_file_ref idref="fl-da"/>
      </object_component>
      <object_component id="oc-235">
         <name>.debug_info</name>
         <load_address>0x9622</load_address>
         <run_address>0x9622</run_address>
         <size>0x126</size>
         <input_file_ref idref="fl-db"/>
      </object_component>
      <object_component id="oc-241">
         <name>.debug_info</name>
         <load_address>0x9748</load_address>
         <run_address>0x9748</run_address>
         <size>0x124</size>
         <input_file_ref idref="fl-dc"/>
      </object_component>
      <object_component id="oc-282">
         <name>.debug_info</name>
         <load_address>0x986c</load_address>
         <run_address>0x986c</run_address>
         <size>0x2e6</size>
         <input_file_ref idref="fl-dd"/>
      </object_component>
      <object_component id="oc-23b">
         <name>.debug_info</name>
         <load_address>0x9b52</load_address>
         <run_address>0x9b52</run_address>
         <size>0x1c2</size>
         <input_file_ref idref="fl-dd"/>
      </object_component>
      <object_component id="oc-29f">
         <name>.debug_info</name>
         <load_address>0x9d14</load_address>
         <run_address>0x9d14</run_address>
         <size>0x28b</size>
         <input_file_ref idref="fl-de"/>
      </object_component>
      <object_component id="oc-261">
         <name>.debug_info</name>
         <load_address>0x9f9f</load_address>
         <run_address>0x9f9f</run_address>
         <size>0x1ab</size>
         <input_file_ref idref="fl-de"/>
      </object_component>
      <object_component id="oc-286">
         <name>.debug_info</name>
         <load_address>0xa14a</load_address>
         <run_address>0xa14a</run_address>
         <size>0x2d9</size>
         <input_file_ref idref="fl-df"/>
      </object_component>
      <object_component id="oc-24b">
         <name>.debug_info</name>
         <load_address>0xa423</load_address>
         <run_address>0xa423</run_address>
         <size>0x18a</size>
         <input_file_ref idref="fl-df"/>
      </object_component>
      <object_component id="oc-287">
         <name>.debug_info</name>
         <load_address>0xa5ad</load_address>
         <run_address>0xa5ad</run_address>
         <size>0x2c</size>
         <input_file_ref idref="fl-df"/>
      </object_component>
      <object_component id="oc-296">
         <name>.debug_info</name>
         <load_address>0xa5d9</load_address>
         <run_address>0xa5d9</run_address>
         <size>0x316</size>
         <input_file_ref idref="fl-e0"/>
      </object_component>
      <object_component id="oc-250">
         <name>.debug_info</name>
         <load_address>0xa8ef</load_address>
         <run_address>0xa8ef</run_address>
         <size>0x1d5</size>
         <input_file_ref idref="fl-e0"/>
      </object_component>
      <object_component id="oc-298">
         <name>.debug_info</name>
         <load_address>0xaac4</load_address>
         <run_address>0xaac4</run_address>
         <size>0x28f</size>
         <input_file_ref idref="fl-e1"/>
      </object_component>
      <object_component id="oc-255">
         <name>.debug_info</name>
         <load_address>0xad53</load_address>
         <run_address>0xad53</run_address>
         <size>0x244</size>
         <input_file_ref idref="fl-e1"/>
      </object_component>
      <object_component id="oc-27b">
         <name>.debug_info</name>
         <load_address>0xaf97</load_address>
         <run_address>0xaf97</run_address>
         <size>0x284</size>
         <input_file_ref idref="fl-e2"/>
      </object_component>
      <object_component id="oc-21b">
         <name>.debug_info</name>
         <load_address>0xb21b</load_address>
         <run_address>0xb21b</run_address>
         <size>0x22a</size>
         <input_file_ref idref="fl-e2"/>
      </object_component>
      <object_component id="oc-293">
         <name>.debug_info</name>
         <load_address>0xb445</load_address>
         <run_address>0xb445</run_address>
         <size>0xf3</size>
         <input_file_ref idref="fl-e3"/>
      </object_component>
      <object_component id="oc-28e">
         <name>.debug_info</name>
         <load_address>0xb538</load_address>
         <run_address>0xb538</run_address>
         <size>0x156</size>
         <input_file_ref idref="fl-e4"/>
      </object_component>
      <object_component id="oc-1ab">
         <name>.debug_info</name>
         <load_address>0xb68e</load_address>
         <run_address>0xb68e</run_address>
         <size>0x240</size>
         <input_file_ref idref="fl-e5"/>
      </object_component>
      <object_component id="oc-1d2">
         <name>.debug_info</name>
         <load_address>0xb8ce</load_address>
         <run_address>0xb8ce</run_address>
         <size>0x15b</size>
         <input_file_ref idref="fl-e5"/>
      </object_component>
      <object_component id="oc-121">
         <name>.debug_info</name>
         <load_address>0xba29</load_address>
         <run_address>0xba29</run_address>
         <size>0x2a3</size>
         <input_file_ref idref="fl-e5"/>
      </object_component>
      <object_component id="oc-1a8">
         <name>.debug_info</name>
         <load_address>0xbccc</load_address>
         <run_address>0xbccc</run_address>
         <size>0x2b3</size>
         <input_file_ref idref="fl-e5"/>
      </object_component>
      <object_component id="oc-166">
         <name>.debug_info</name>
         <load_address>0xbf7f</load_address>
         <run_address>0xbf7f</run_address>
         <size>0x316</size>
         <input_file_ref idref="fl-e5"/>
      </object_component>
      <object_component id="oc-17c">
         <name>.debug_info</name>
         <load_address>0xc295</load_address>
         <run_address>0xc295</run_address>
         <size>0x27b</size>
         <input_file_ref idref="fl-e5"/>
      </object_component>
      <object_component id="oc-11b">
         <name>.debug_info</name>
         <load_address>0xc510</load_address>
         <run_address>0xc510</run_address>
         <size>0x2b7</size>
         <input_file_ref idref="fl-e5"/>
      </object_component>
      <object_component id="oc-160">
         <name>.debug_info</name>
         <load_address>0xc7c7</load_address>
         <run_address>0xc7c7</run_address>
         <size>0x285</size>
         <input_file_ref idref="fl-e5"/>
      </object_component>
      <object_component id="oc-16c">
         <name>.debug_info</name>
         <load_address>0xca4c</load_address>
         <run_address>0xca4c</run_address>
         <size>0x27b</size>
         <input_file_ref idref="fl-e5"/>
      </object_component>
      <object_component id="oc-176">
         <name>.debug_info</name>
         <load_address>0xccc7</load_address>
         <run_address>0xccc7</run_address>
         <size>0x280</size>
         <input_file_ref idref="fl-e5"/>
      </object_component>
      <object_component id="oc-212">
         <name>.debug_info</name>
         <load_address>0xcf47</load_address>
         <run_address>0xcf47</run_address>
         <size>0x20e</size>
         <input_file_ref idref="fl-e6"/>
      </object_component>
      <object_component id="oc-20f">
         <name>.debug_info</name>
         <load_address>0xd155</load_address>
         <run_address>0xd155</run_address>
         <size>0x157</size>
         <input_file_ref idref="fl-e6"/>
      </object_component>
      <object_component id="oc-1bc">
         <name>.debug_info</name>
         <load_address>0xd2ac</load_address>
         <run_address>0xd2ac</run_address>
         <size>0x2c1</size>
         <input_file_ref idref="fl-e6"/>
      </object_component>
      <object_component id="oc-1a3">
         <name>.debug_info</name>
         <load_address>0xd56d</load_address>
         <run_address>0xd56d</run_address>
         <size>0x298</size>
         <input_file_ref idref="fl-e7"/>
      </object_component>
      <object_component id="oc-1b6">
         <name>.debug_info</name>
         <load_address>0xd805</load_address>
         <run_address>0xd805</run_address>
         <size>0x14d</size>
         <input_file_ref idref="fl-e7"/>
      </object_component>
      <object_component id="oc-112">
         <name>.debug_info</name>
         <load_address>0xd952</load_address>
         <run_address>0xd952</run_address>
         <size>0x27d</size>
         <input_file_ref idref="fl-e7"/>
      </object_component>
      <object_component id="oc-134">
         <name>.debug_info</name>
         <load_address>0xdbcf</load_address>
         <run_address>0xdbcf</run_address>
         <size>0x2db</size>
         <input_file_ref idref="fl-e7"/>
      </object_component>
      <object_component id="oc-13a">
         <name>.debug_info</name>
         <load_address>0xdeaa</load_address>
         <run_address>0xdeaa</run_address>
         <size>0x2b5</size>
         <input_file_ref idref="fl-e7"/>
      </object_component>
      <object_component id="oc-202">
         <name>.debug_info</name>
         <load_address>0xe15f</load_address>
         <run_address>0xe15f</run_address>
         <size>0x5f</size>
         <input_file_ref idref="fl-e7"/>
      </object_component>
      <object_component id="oc-1ba">
         <name>.debug_info</name>
         <load_address>0xe1be</load_address>
         <run_address>0xe1be</run_address>
         <size>0x19d</size>
         <input_file_ref idref="fl-e8"/>
      </object_component>
      <object_component id="oc-141">
         <name>.debug_info</name>
         <load_address>0xe35b</load_address>
         <run_address>0xe35b</run_address>
         <size>0x261</size>
         <input_file_ref idref="fl-e8"/>
      </object_component>
      <object_component id="oc-146">
         <name>.debug_info</name>
         <load_address>0xe5bc</load_address>
         <run_address>0xe5bc</run_address>
         <size>0x277</size>
         <input_file_ref idref="fl-e8"/>
      </object_component>
      <object_component id="oc-14d">
         <name>.debug_info</name>
         <load_address>0xe833</load_address>
         <run_address>0xe833</run_address>
         <size>0x227</size>
         <input_file_ref idref="fl-e8"/>
      </object_component>
      <object_component id="oc-153">
         <name>.debug_info</name>
         <load_address>0xea5a</load_address>
         <run_address>0xea5a</run_address>
         <size>0x221</size>
         <input_file_ref idref="fl-e8"/>
      </object_component>
      <object_component id="oc-1e3">
         <name>.debug_info</name>
         <load_address>0xec7b</load_address>
         <run_address>0xec7b</run_address>
         <size>0x227</size>
         <input_file_ref idref="fl-e9"/>
      </object_component>
      <object_component id="oc-1de">
         <name>.debug_info</name>
         <load_address>0xeea2</load_address>
         <run_address>0xeea2</run_address>
         <size>0x247</size>
         <input_file_ref idref="fl-e9"/>
      </object_component>
      <object_component id="oc-1d8">
         <name>.debug_info</name>
         <load_address>0xf0e9</load_address>
         <run_address>0xf0e9</run_address>
         <size>0x249</size>
         <input_file_ref idref="fl-e9"/>
      </object_component>
      <object_component id="oc-180">
         <name>.debug_info</name>
         <load_address>0xf332</load_address>
         <run_address>0xf332</run_address>
         <size>0x326</size>
         <input_file_ref idref="fl-e9"/>
      </object_component>
      <object_component id="oc-186">
         <name>.debug_info</name>
         <load_address>0xf658</load_address>
         <run_address>0xf658</run_address>
         <size>0x273</size>
         <input_file_ref idref="fl-e9"/>
      </object_component>
      <object_component id="oc-18c">
         <name>.debug_info</name>
         <load_address>0xf8cb</load_address>
         <run_address>0xf8cb</run_address>
         <size>0x24d</size>
         <input_file_ref idref="fl-e9"/>
      </object_component>
      <object_component id="oc-2e2">
         <name>.debug_info</name>
         <load_address>0xfb18</load_address>
         <run_address>0xfb18</run_address>
         <size>0x95</size>
      </object_component>
      <object_component id="oc-275">
         <name>.debug_line</name>
         <load_address>0x0</load_address>
         <run_address>0x0</run_address>
         <size>0x48</size>
         <input_file_ref idref="fl-2"/>
      </object_component>
      <object_component id="oc-19e">
         <name>.debug_line</name>
         <load_address>0x48</load_address>
         <run_address>0x48</run_address>
         <size>0x2d</size>
         <input_file_ref idref="fl-2"/>
      </object_component>
      <object_component id="oc-ab">
         <name>.debug_line</name>
         <load_address>0x75</load_address>
         <run_address>0x75</run_address>
         <size>0xe1</size>
         <input_file_ref idref="fl-2"/>
      </object_component>
      <object_component id="oc-ee">
         <name>.debug_line</name>
         <load_address>0x156</load_address>
         <run_address>0x156</run_address>
         <size>0x2d</size>
         <input_file_ref idref="fl-2"/>
      </object_component>
      <object_component id="oc-1fd">
         <name>.debug_line</name>
         <load_address>0x183</load_address>
         <run_address>0x183</run_address>
         <size>0x64</size>
         <input_file_ref idref="fl-2"/>
      </object_component>
      <object_component id="oc-bd">
         <name>.debug_line</name>
         <load_address>0x1e7</load_address>
         <run_address>0x1e7</run_address>
         <size>0x20</size>
         <input_file_ref idref="fl-2"/>
      </object_component>
      <object_component id="oc-7f">
         <name>.debug_line</name>
         <load_address>0x207</load_address>
         <run_address>0x207</run_address>
         <size>0x65</size>
         <input_file_ref idref="fl-2"/>
      </object_component>
      <object_component id="oc-19b">
         <name>.debug_line</name>
         <load_address>0x26c</load_address>
         <run_address>0x26c</run_address>
         <size>0x65</size>
         <input_file_ref idref="fl-2"/>
      </object_component>
      <object_component id="oc-7b">
         <name>.debug_line</name>
         <load_address>0x2d1</load_address>
         <run_address>0x2d1</run_address>
         <size>0x41</size>
         <input_file_ref idref="fl-3"/>
      </object_component>
      <object_component id="oc-32">
         <name>.debug_line</name>
         <load_address>0x312</load_address>
         <run_address>0x312</run_address>
         <size>0x41</size>
         <input_file_ref idref="fl-3"/>
      </object_component>
      <object_component id="oc-30">
         <name>.debug_line</name>
         <load_address>0x353</load_address>
         <run_address>0x353</run_address>
         <size>0xa1</size>
         <input_file_ref idref="fl-3"/>
      </object_component>
      <object_component id="oc-3d">
         <name>.debug_line</name>
         <load_address>0x3f4</load_address>
         <run_address>0x3f4</run_address>
         <size>0x20</size>
         <input_file_ref idref="fl-3"/>
      </object_component>
      <object_component id="oc-28">
         <name>.debug_line</name>
         <load_address>0x414</load_address>
         <run_address>0x414</run_address>
         <size>0x53</size>
         <input_file_ref idref="fl-bf"/>
      </object_component>
      <object_component id="oc-c0">
         <name>.debug_line</name>
         <load_address>0x467</load_address>
         <run_address>0x467</run_address>
         <size>0x20</size>
         <input_file_ref idref="fl-c0"/>
      </object_component>
      <object_component id="oc-17">
         <name>.debug_line</name>
         <load_address>0x487</load_address>
         <run_address>0x487</run_address>
         <size>0xa9</size>
         <input_file_ref idref="fl-c0"/>
      </object_component>
      <object_component id="oc-38">
         <name>.debug_line</name>
         <load_address>0x530</load_address>
         <run_address>0x530</run_address>
         <size>0x3a</size>
         <input_file_ref idref="fl-c0"/>
      </object_component>
      <object_component id="oc-84">
         <name>.debug_line</name>
         <load_address>0x56a</load_address>
         <run_address>0x56a</run_address>
         <size>0x8a</size>
         <input_file_ref idref="fl-c0"/>
      </object_component>
      <object_component id="oc-8e">
         <name>.debug_line</name>
         <load_address>0x5f4</load_address>
         <run_address>0x5f4</run_address>
         <size>0x8a</size>
         <input_file_ref idref="fl-c1"/>
      </object_component>
      <object_component id="oc-19">
         <name>.debug_line</name>
         <load_address>0x67e</load_address>
         <run_address>0x67e</run_address>
         <size>0x55</size>
         <input_file_ref idref="fl-c1"/>
      </object_component>
      <object_component id="oc-48">
         <name>.debug_line</name>
         <load_address>0x6d3</load_address>
         <run_address>0x6d3</run_address>
         <size>0x3a</size>
         <input_file_ref idref="fl-c1"/>
      </object_component>
      <object_component id="oc-8b">
         <name>.debug_line</name>
         <load_address>0x70d</load_address>
         <run_address>0x70d</run_address>
         <size>0x8a</size>
         <input_file_ref idref="fl-c1"/>
      </object_component>
      <object_component id="oc-96">
         <name>.debug_line</name>
         <load_address>0x797</load_address>
         <run_address>0x797</run_address>
         <size>0x8a</size>
         <input_file_ref idref="fl-c2"/>
      </object_component>
      <object_component id="oc-23">
         <name>.debug_line</name>
         <load_address>0x821</load_address>
         <run_address>0x821</run_address>
         <size>0x4f</size>
         <input_file_ref idref="fl-c2"/>
      </object_component>
      <object_component id="oc-54">
         <name>.debug_line</name>
         <load_address>0x870</load_address>
         <run_address>0x870</run_address>
         <size>0x34</size>
         <input_file_ref idref="fl-c2"/>
      </object_component>
      <object_component id="oc-93">
         <name>.debug_line</name>
         <load_address>0x8a4</load_address>
         <run_address>0x8a4</run_address>
         <size>0x8a</size>
         <input_file_ref idref="fl-c2"/>
      </object_component>
      <object_component id="oc-104">
         <name>.debug_line</name>
         <load_address>0x92e</load_address>
         <run_address>0x92e</run_address>
         <size>0xf2</size>
         <input_file_ref idref="fl-c3"/>
      </object_component>
      <object_component id="oc-f8">
         <name>.debug_line</name>
         <load_address>0xa20</load_address>
         <run_address>0xa20</run_address>
         <size>0x2a</size>
         <input_file_ref idref="fl-c3"/>
      </object_component>
      <object_component id="oc-74">
         <name>.debug_line</name>
         <load_address>0xa4a</load_address>
         <run_address>0xa4a</run_address>
         <size>0x86</size>
         <input_file_ref idref="fl-c3"/>
      </object_component>
      <object_component id="oc-43">
         <name>.debug_line</name>
         <load_address>0xad0</load_address>
         <run_address>0xad0</run_address>
         <size>0x88</size>
         <input_file_ref idref="fl-c4"/>
      </object_component>
      <object_component id="oc-4c">
         <name>.debug_line</name>
         <load_address>0xb58</load_address>
         <run_address>0xb58</run_address>
         <size>0x79</size>
         <input_file_ref idref="fl-c5"/>
      </object_component>
      <object_component id="oc-59">
         <name>.debug_line</name>
         <load_address>0xbd1</load_address>
         <run_address>0xbd1</run_address>
         <size>0x3d</size>
         <input_file_ref idref="fl-c6"/>
      </object_component>
      <object_component id="oc-61">
         <name>.debug_line</name>
         <load_address>0xc0e</load_address>
         <run_address>0xc0e</run_address>
         <size>0x40</size>
         <input_file_ref idref="fl-c7"/>
      </object_component>
      <object_component id="oc-b9">
         <name>.debug_line</name>
         <load_address>0xc4e</load_address>
         <run_address>0xc4e</run_address>
         <size>0x33</size>
         <input_file_ref idref="fl-c8"/>
      </object_component>
      <object_component id="oc-1a1">
         <name>.debug_line</name>
         <load_address>0xc81</load_address>
         <run_address>0xc81</run_address>
         <size>0x20</size>
         <input_file_ref idref="fl-c9"/>
      </object_component>
      <object_component id="oc-100">
         <name>.debug_line</name>
         <load_address>0xca1</load_address>
         <run_address>0xca1</run_address>
         <size>0x2b</size>
         <input_file_ref idref="fl-c9"/>
      </object_component>
      <object_component id="oc-fd">
         <name>.debug_line</name>
         <load_address>0xccc</load_address>
         <run_address>0xccc</run_address>
         <size>0x68</size>
         <input_file_ref idref="fl-c9"/>
      </object_component>
      <object_component id="oc-f1">
         <name>.debug_line</name>
         <load_address>0xd34</load_address>
         <run_address>0xd34</run_address>
         <size>0x2b</size>
         <input_file_ref idref="fl-ca"/>
      </object_component>
      <object_component id="oc-6d">
         <name>.debug_line</name>
         <load_address>0xd5f</load_address>
         <run_address>0xd5f</run_address>
         <size>0x4a</size>
         <input_file_ref idref="fl-ca"/>
      </object_component>
      <object_component id="oc-f5">
         <name>.debug_line</name>
         <load_address>0xda9</load_address>
         <run_address>0xda9</run_address>
         <size>0x2b</size>
         <input_file_ref idref="fl-ca"/>
      </object_component>
      <object_component id="oc-c5">
         <name>.debug_line</name>
         <load_address>0xdd4</load_address>
         <run_address>0xdd4</run_address>
         <size>0xa9</size>
         <input_file_ref idref="fl-cb"/>
      </object_component>
      <object_component id="oc-68">
         <name>.debug_line</name>
         <load_address>0xe7d</load_address>
         <run_address>0xe7d</run_address>
         <size>0x8b</size>
         <input_file_ref idref="fl-cb"/>
      </object_component>
      <object_component id="oc-c9">
         <name>.debug_line</name>
         <load_address>0xf08</load_address>
         <run_address>0xf08</run_address>
         <size>0x2e</size>
         <input_file_ref idref="fl-cb"/>
      </object_component>
      <object_component id="oc-10f">
         <name>.debug_line</name>
         <load_address>0xf36</load_address>
         <run_address>0xf36</run_address>
         <size>0x8a</size>
         <input_file_ref idref="fl-cb"/>
      </object_component>
      <object_component id="oc-ce">
         <name>.debug_line</name>
         <load_address>0xfc0</load_address>
         <run_address>0xfc0</run_address>
         <size>0x8b</size>
         <input_file_ref idref="fl-cb"/>
      </object_component>
      <object_component id="oc-106">
         <name>.debug_line</name>
         <load_address>0x104b</load_address>
         <run_address>0x104b</run_address>
         <size>0x98</size>
         <input_file_ref idref="fl-cc"/>
      </object_component>
      <object_component id="oc-9a">
         <name>.debug_line</name>
         <load_address>0x10e3</load_address>
         <run_address>0x10e3</run_address>
         <size>0x68</size>
         <input_file_ref idref="fl-cc"/>
      </object_component>
      <object_component id="oc-10a">
         <name>.debug_line</name>
         <load_address>0x114b</load_address>
         <run_address>0x114b</run_address>
         <size>0x2e</size>
         <input_file_ref idref="fl-cc"/>
      </object_component>
      <object_component id="oc-a4">
         <name>.debug_line</name>
         <load_address>0x1179</load_address>
         <run_address>0x1179</run_address>
         <size>0x3c</size>
         <input_file_ref idref="fl-cd"/>
      </object_component>
      <object_component id="oc-1c7">
         <name>.debug_line</name>
         <load_address>0x11b5</load_address>
         <run_address>0x11b5</run_address>
         <size>0xa3</size>
         <input_file_ref idref="fl-ce"/>
      </object_component>
      <object_component id="oc-1c5">
         <name>.debug_line</name>
         <load_address>0x1258</load_address>
         <run_address>0x1258</run_address>
         <size>0x32</size>
         <input_file_ref idref="fl-ce"/>
      </object_component>
      <object_component id="oc-1b0">
         <name>.debug_line</name>
         <load_address>0x128a</load_address>
         <run_address>0x128a</run_address>
         <size>0x32</size>
         <input_file_ref idref="fl-ce"/>
      </object_component>
      <object_component id="oc-1b2">
         <name>.debug_line</name>
         <load_address>0x12bc</load_address>
         <run_address>0x12bc</run_address>
         <size>0x32</size>
         <input_file_ref idref="fl-ce"/>
      </object_component>
      <object_component id="oc-db">
         <name>.debug_line</name>
         <load_address>0x12ee</load_address>
         <run_address>0x12ee</run_address>
         <size>0x28a</size>
         <input_file_ref idref="fl-ce"/>
      </object_component>
      <object_component id="oc-1ca">
         <name>.debug_line</name>
         <load_address>0x1578</load_address>
         <run_address>0x1578</run_address>
         <size>0x32</size>
         <input_file_ref idref="fl-ce"/>
      </object_component>
      <object_component id="oc-1ae">
         <name>.debug_line</name>
         <load_address>0x15aa</load_address>
         <run_address>0x15aa</run_address>
         <size>0x2c</size>
         <input_file_ref idref="fl-cf"/>
[...]
         <index>0x0</index>
         <name>__TI_zero_init</name>
      </handler>
      <handler>
         <index>0x1</index>
         <name>__TI_decompress_lzss</name>
      </handler>
      <handler>
         <index>0x2</index>
         <name>__TI_decompress_none</name>
      </handler>
   </handler_table>
   <symbol_table>
      <symbol id="sm-1">
         <name>__STACK_TOP</name>
         <value>0x2000046c</value>
      </symbol>
      <symbol id="sm-2">
         <name>__TI_CINIT_Base</name>
         <value>0x2fc8</value>
      </symbol>
      <symbol id="sm-3">
         <name>__TI_CINIT_Limit</name>
         <value>0x2fe0</value>
      </symbol>
      <symbol id="sm-4">
         <name>__TI_Handler_Table_Base</name>
         <value>0x2fac</value>
      </symbol>
      <symbol id="sm-5">
         <name>__TI_Handler_Table_Limit</name>
         <value>0x2fb8</value>
      </symbol>
      <symbol id="sm-6">
         <name>binit</name>
         <value>0xffffffff</value>
      </symbol>
      <symbol id="sm-7">
         <name>__binit__</name>
         <value>0xffffffff</value>
      </symbol>
      <symbol id="sm-8">
         <name>__STACK_SIZE</name>
         <value>0x400</value>
      </symbol>
      <symbol id="sm-9">
         <name>__STACK_END</name>
         <value>0x2000066c</value>
      </symbol>
      <symbol id="sm-a">
         <name>__c_args__</name>
         <value>0xffffffff</value>
      </symbol>
      <symbol id="sm-b">
         <name>__TI_pprof_out_hndl</name>
         <value>0xffffffff</value>
      </symbol>
      <symbol id="sm-c">
         <name>__TI_prof_data_start</name>
         <value>0xffffffff</value>
      </symbol>
      <symbol id="sm-d">
         <name>__TI_prof_data_size</name>
         <value>0xffffffff</value>
      </symbol>
      <symbol id="sm-69">
         <name>i</name>
         <value>0x2000070c</value>
         <object_component_ref idref="oc-e8"/>
      </symbol>
      <symbol id="sm-6a">
         <name>checkPushButton</name>
         <value>0x1b73</value>
         <object_component_ref idref="oc-a7"/>
      </symbol>
      <symbol id="sm-6b">
         <name>main</name>
         <value>0x1c2f</value>
         <object_component_ref idref="oc-a7"/>
      </symbol>
      <symbol id="sm-6c">
         <name>flashLED</name>
         <value>0x1b29</value>
         <object_component_ref idref="oc-a7"/>
      </symbol>
      <symbol id="sm-8d">
         <name>ResetISR</name>
         <value>0x2d5f</value>
         <object_component_ref idref="oc-2b"/>
      </symbol>
      <symbol id="sm-8e">
         <name>g_pfnVectors</name>
         <value>0x0</value>
         <object_component_ref idref="oc-f"/>
      </symbol>
      <symbol id="sm-9f">
         <name>_c_int00</name>
         <value>0x28cd</value>
         <object_component_ref idref="oc-24"/>
      </symbol>
      <symbol id="sm-a0">
         <name>__stack</name>
         <value>0x2000026c</value>
         <object_component_ref idref="oc-2a"/>
      </symbol>
      <symbol id="sm-be">
         <name>__TI_decompress_lzss</name>
         <value>0x2801</value>
         <object_component_ref idref="oc-12"/>
      </symbol>
      <symbol id="sm-d5">
         <name>__TI_decompress_none</name>
         <value>0x2d45</value>
         <object_component_ref idref="oc-18"/>
      </symbol>
      <symbol id="sm-ec">
         <name>__TI_zero_init</name>
         <value>0x2d53</value>
         <object_component_ref idref="oc-1e"/>
      </symbol>
      <symbol id="sm-10d">
         <name>C$$EXIT</name>
         <value>0x2921</value>
         <object_component_ref idref="oc-6f"/>
      </symbol>
      <symbol id="sm-10e">
         <name>abort</name>
         <value>0x2925</value>
         <object_component_ref idref="oc-6f"/>
      </symbol>
      <symbol id="sm-10f">
         <name>exit</name>
         <value>0x292d</value>
         <object_component_ref idref="oc-6f"/>
      </symbol>
      <symbol id="sm-110">
         <name>__TI_dtors_ptr</name>
         <value>0x200006f4</value>
         <object_component_ref idref="oc-af"/>
      </symbol>
      <symbol id="sm-111">
         <name>__TI_cleanup_ptr</name>
         <value>0x200006f0</value>
         <object_component_ref idref="oc-af"/>
      </symbol>
      <symbol id="sm-112">
         <name>__TI_enable_exit_profile_output</name>
         <value>0x200006f8</value>
         <object_component_ref idref="oc-af"/>
      </symbol>
      <symbol id="sm-12d">
         <name>memcpy</name>
         <value>0x2459</value>
         <object_component_ref idref="oc-3f"/>
      </symbol>
      <symbol id="sm-12e">
         <name>__aeabi_memcpy</name>
         <value>0x2459</value>
         <object_component_ref idref="oc-3f"/>
      </symbol>
      <symbol id="sm-12f">
         <name>__aeabi_memcpy8</name>
         <value>0x2459</value>
         <object_component_ref idref="oc-3f"/>
      </symbol>
      <symbol id="sm-130">
         <name>__aeabi_memcpy4</name>
         <value>0x2459</value>
         <object_component_ref idref="oc-3f"/>
      </symbol>
      <symbol id="sm-13f">
         <name>__aeabi_memset</name>
         <value>0x2717</value>
         <object_component_ref idref="oc-4b"/>
      </symbol>
      <symbol id="sm-140">
         <name>memset</name>
         <value>0x271d</value>
         <object_component_ref idref="oc-4b"/>
      </symbol>
      <symbol id="sm-141">
         <name>__aeabi_memset8</name>
         <value>0x2717</value>
         <object_component_ref idref="oc-4b"/>
      </symbol>
      <symbol id="sm-142">
         <name>__aeabi_memset4</name>
         <value>0x2717</value>
         <object_component_ref idref="oc-4b"/>
      </symbol>
      <symbol id="sm-143">
         <name>__aeabi_memclr8</name>
         <value>0x2715</value>
         <object_component_ref idref="oc-4b"/>
      </symbol>
      <symbol id="sm-144">
         <name>__aeabi_memclr4</name>
         <value>0x2715</value>
         <object_component_ref idref="oc-4b"/>
      </symbol>
      <symbol id="sm-145">
         <name>__aeabi_memclr</name>
         <value>0x2715</value>
         <object_component_ref idref="oc-4b"/>
      </symbol>
      <symbol id="sm-14f">
         <name>__mpu_init</name>
         <value>0x13ab</value>
         <object_component_ref idref="oc-57"/>
      </symbol>
      <symbol id="sm-159">
         <name>_system_pre_init</name>
         <value>0x2d91</value>
         <object_component_ref idref="oc-5d"/>
      </symbol>
      <symbol id="sm-161">
         <name>main_func_sp</name>
         <value>0x20000718</value>
         <object_component_ref idref="oc-75"/>
      </symbol>
      <symbol id="sm-17a">
         <name>_nop</name>
         <value>0x2ce3</value>
         <object_component_ref idref="oc-f9"/>
      </symbol>
      <symbol id="sm-17b">
         <name>_lock</name>
         <value>0x200006fc</value>
         <object_component_ref idref="oc-b2"/>
      </symbol>
      <symbol id="sm-17c">
         <name>_unlock</name>
         <value>0x20000700</value>
         <object_component_ref idref="oc-b2"/>
      </symbol>
      <symbol id="sm-17d">
         <name>_register_lock</name>
         <value>0x2cdb</value>
         <object_component_ref idref="oc-f9"/>
      </symbol>
      <symbol id="sm-17e">
         <name>_register_unlock</name>
         <value>0x2cd5</value>
         <object_component_ref idref="oc-f9"/>
      </symbol>
      <symbol id="sm-192">
         <name>_args_main</name>
         <value>0x2c69</value>
         <object_component_ref idref="oc-69"/>
      </symbol>
      <symbol id="sm-1bc">
         <name>__TI_auto_init</name>
         <value>0x2791</value>
         <object_component_ref idref="oc-63"/>
      </symbol>
      <symbol id="sm-1d6">
         <name>copy_in</name>
         <value>0x2a15</value>
         <object_component_ref idref="oc-99"/>
      </symbol>
      <symbol id="sm-1e0">
         <name>_system_post_cinit</name>
         <value>0x1b27</value>
         <object_component_ref idref="oc-9f"/>
      </symbol>
      <symbol id="sm-23d">
         <name>schdExecute</name>
         <value>0x1555</value>
         <object_component_ref idref="oc-d6"/>
      </symbol>
      <symbol id="sm-23e">
         <name>sysTimeWaitAbsolute</name>
         <value>0x148f</value>
         <object_component_ref idref="oc-d6"/>
      </symbol>
      <symbol id="sm-23f">
         <name>lpInit</name>
         <value>0x16b7</value>
         <object_component_ref idref="oc-d6"/>
      </symbol>
      <symbol id="sm-240">
         <name>sysTimeGet</name>
         <value>0x143f</value>
         <object_component_ref idref="oc-d6"/>
      </symbol>
      <symbol id="sm-241">
         <name>sysTimeReached</name>
         <value>0x1445</value>
         <object_component_ref idref="oc-d6"/>
      </symbol>
      <symbol id="sm-242">
         <name>waitUs</name>
         <value>0x1689</value>
         <object_component_ref idref="oc-d6"/>
      </symbol>
      <symbol id="sm-243">
         <name>sysTimeWait</name>
         <value>0x146b</value>
         <object_component_ref idref="oc-d6"/>
      </symbol>
      <symbol id="sm-244">
         <name>schdCallback</name>
         <value>0x14db</value>
         <object_component_ref idref="oc-d6"/>
      </symbol>
      <symbol id="sm-245">
         <name>waitMs</name>
         <value>0x1659</value>
         <object_component_ref idref="oc-d6"/>
      </symbol>
      <symbol id="sm-260">
         <name>ledInit</name>
         <value>0x23df</value>
         <object_component_ref idref="oc-d0"/>
      </symbol>
      <symbol id="sm-261">
         <name>ledInitForced</name>
         <value>0x23bd</value>
         <object_component_ref idref="oc-d0"/>
      </symbol>
      <symbol id="sm-262">
         <name>ledTurnOnOff</name>
         <value>0x23f3</value>
         <object_component_ref idref="oc-d0"/>
      </symbol>
      <symbol id="sm-280">
         <name>pbInitForced</name>
         <value>0x24f5</value>
         <object_component_ref idref="oc-dc"/>
      </symbol>
      <symbol id="sm-281">
         <name>pbInit</name>
         <value>0x2529</value>
         <object_component_ref idref="oc-dc"/>
      </symbol>
      <symbol id="sm-282">
         <name>pbRead</name>
         <value>0x253d</value>
         <object_component_ref idref="oc-dc"/>
      </symbol>
      <symbol id="sm-299">
         <name>uartPutString</name>
         <value>0x2357</value>
         <object_component_ref idref="oc-e2"/>
      </symbol>
      <symbol id="sm-29a">
         <name>uprintf</name>
         <value>0x2383</value>
         <object_component_ref idref="oc-e2"/>
      </symbol>
      <symbol id="sm-29b">
         <name>uartInit</name>
         <value>0x22f9</value>
         <object_component_ref idref="oc-e2"/>
      </symbol>
      <symbol id="sm-29c">
         <name>uartPutChar</name>
         <value>0x2333</value>
         <object_component_ref idref="oc-e2"/>
      </symbol>
      <symbol id="sm-29d">
         <name>uartGetChar</name>
         <value>0x2345</value>
         <object_component_ref idref="oc-e2"/>
      </symbol>
      <symbol id="sm-2b9">
         <name>__aeabi_uldivmod</name>
         <value>0x177d</value>
         <object_component_ref idref="oc-12d"/>
      </symbol>
      <symbol id="sm-2da">
         <name>vsnprintf</name>
         <value>0x2581</value>
         <object_component_ref idref="oc-190"/>
      </symbol>
      <symbol id="sm-3db">
         <name>__TI_printfi</name>
         <value>0xab1</value>
         <object_component_ref idref="oc-1e6"/>
      </symbol>
      <symbol id="sm-3f1">
         <name>atoi</name>
         <value>0x29c9</value>
         <object_component_ref idref="oc-25a"/>
      </symbol>
      <symbol id="sm-3fc">
         <name>_ctypes_</name>
         <value>0x2d94</value>
         <object_component_ref idref="oc-299"/>
      </symbol>
      <symbol id="sm-413">
         <name>__aeabi_dsub</name>
         <value>0x1971</value>
         <object_component_ref idref="oc-243"/>
      </symbol>
      <symbol id="sm-414">
         <name>__aeabi_dadd</name>
         <value>0x197b</value>
         <object_component_ref idref="oc-243"/>
      </symbol>
      <symbol id="sm-436">
         <name>__aeabi_cdcmpeq</name>
         <value>0x2609</value>
         <object_component_ref idref="oc-21f"/>
      </symbol>
      <symbol id="sm-437">
         <name>__aeabi_cdcmple</name>
         <value>0x2609</value>
         <object_component_ref idref="oc-21f"/>
      </symbol>
      <symbol id="sm-438">
         <name>__aeabi_cdrcmple</name>
         <value>0x268f</value>
         <object_component_ref idref="oc-22e"/>
      </symbol>
      <symbol id="sm-44c">
         <name>__aeabi_ddiv</name>
         <value>0x1c95</value>
         <object_component_ref idref="oc-229"/>
      </symbol>
      <symbol id="sm-457">
         <name>__aeabi_dmul</name>
         <value>0x200d</value>
         <object_component_ref idref="oc-224"/>
      </symbol>
      <symbol id="sm-461">
         <name>__aeabi_d2iz</name>
         <value>0x2aa9</value>
         <object_component_ref idref="oc-233"/>
      </symbol>
      <symbol id="sm-46b">
         <name>__aeabi_i2d</name>
         <value>0x2ba1</value>
         <object_component_ref idref="oc-23e"/>
      </symbol>
      <symbol id="sm-47a">
         <name>ltoa</name>
         <value>0x2975</value>
         <object_component_ref idref="oc-238"/>
      </symbol>
      <symbol id="sm-48a">
         <name>memccpy</name>
         <value>0x2c35</value>
         <object_component_ref idref="oc-260"/>
      </symbol>
      <symbol id="sm-4a5">
         <name>frexpl</name>
         <value>0x2869</value>
         <object_component_ref idref="oc-248"/>
      </symbol>
      <symbol id="sm-4a6">
         <name>frexp</name>
         <value>0x2869</value>
         <object_component_ref idref="oc-248"/>
      </symbol>
      <symbol id="sm-4c3">
         <name>scalbn</name>
         <value>0x2109</value>
         <object_component_ref idref="oc-24e"/>
      </symbol>
      <symbol id="sm-4c4">
         <name>scalbnl</name>
         <value>0x2109</value>
         <object_component_ref idref="oc-24e"/>
      </symbol>
      <symbol id="sm-4c5">
         <name>ldexpl</name>
         <value>0x2109</value>
         <object_component_ref idref="oc-24e"/>
      </symbol>
      <symbol id="sm-4c6">
         <name>ldexp</name>
         <value>0x2109</value>
         <object_component_ref idref="oc-24e"/>
      </symbol>
      <symbol id="sm-4d6">
         <name>strchr</name>
         <value>0x2c81</value>
         <object_component_ref idref="oc-254"/>
      </symbol>
      <symbol id="sm-4e4">
         <name>strlen</name>
         <value>0x2cfd</value>
         <object_component_ref idref="oc-219"/>
      </symbol>
      <symbol id="sm-4ec">
         <name>errno</name>
         <value>0x20000714</value>
         <object_component_ref idref="oc-292"/>
      </symbol>
      <symbol id="sm-4f6">
         <name>copysign</name>
         <value>0x2ce9</value>
         <object_component_ref idref="oc-28c"/>
      </symbol>
      <symbol id="sm-4f7">
         <name>copysignl</name>
         <value>0x2ce9</value>
         <object_component_ref idref="oc-28c"/>
      </symbol>
      <symbol id="sm-549">
         <name>GPIOPinConfigure</name>
         <value>0x2a61</value>
         <object_component_ref idref="oc-172"/>
      </symbol>
      <symbol id="sm-54a">
         <name>GPIOPinTypeGPIOInput</name>
         <value>0x2d11</value>
         <object_component_ref idref="oc-15c"/>
      </symbol>
      <symbol id="sm-54b">
         <name>GPIOPinTypeUART</name>
         <value>0x2d23</value>
         <object_component_ref idref="oc-178"/>
      </symbol>
      <symbol id="sm-54c">
         <name>GPIOPinTypeGPIOOutput</name>
         <value>0x2c51</value>
         <object_component_ref idref="oc-117"/>
      </symbol>
      <symbol id="sm-54d">
         <name>GPIOPinRead</name>
         <value>0x2d7f</value>
         <object_component_ref idref="oc-168"/>
      </symbol>
      <symbol id="sm-54e">
         <name>GPIODirModeSet</name>
         <value>0x2bcf</value>
         <object_component_ref idref="oc-1a4"/>
      </symbol>
      <symbol id="sm-54f">
         <name>GPIOPinWrite</name>
         <value>0x2d85</value>
         <object_component_ref idref="oc-11d"/>
      </symbol>
      <symbol id="sm-550">
         <name>GPIOPadConfigSet</name>
         <value>0x1dcb</value>
         <object_component_ref idref="oc-162"/>
      </symbol>
      <symbol id="sm-567">
         <name>IntRegister</name>
         <value>0x2b39</value>
         <object_component_ref idref="oc-1bb"/>
      </symbol>
      <symbol id="sm-568">
         <name>g_pfnRAMVectors</name>
         <value>0x20000000</value>
         <object_component_ref idref="oc-20e"/>
      </symbol>
      <symbol id="sm-5ba">
         <name>SysCtlClockSet</name>
         <value>0x2205</value>
         <object_component_ref idref="oc-133"/>
      </symbol>
      <symbol id="sm-5bb">
         <name>SysCtlDelay</name>
         <value>0x2d8b</value>
         <object_component_ref idref="oc-132"/>
      </symbol>
      <symbol id="sm-5bc">
         <name>SysCtlPeripheralEnable</name>
         <value>0x2b6d</value>
         <object_component_ref idref="oc-111"/>
      </symbol>
      <symbol id="sm-5bd">
         <name>SysCtlClockGet</name>
         <value>0x1efd</value>
         <object_component_ref idref="oc-139"/>
      </symbol>
      <symbol id="sm-5ea">
         <name>SysTickEnable</name>
         <value>0x2c99</value>
         <object_component_ref idref="oc-151"/>
      </symbol>
      <symbol id="sm-5eb">
         <name>SysTickIntRegister</name>
         <value>0x2c19</value>
         <object_component_ref idref="oc-145"/>
      </symbol>
      <symbol id="sm-5ec">
         <name>SysTickIntEnable</name>
         <value>0x2cad</value>
         <object_component_ref idref="oc-14b"/>
      </symbol>
      <symbol id="sm-5ed">
         <name>SysTickPeriodSet</name>
         <value>0x2d35</value>
         <object_component_ref idref="oc-13f"/>
      </symbol>
      <symbol id="sm-620">
         <name>UARTConfigSetExpClk</name>
         <value>0x2af1</value>
         <object_component_ref idref="oc-17e"/>
      </symbol>
      <symbol id="sm-621">
         <name>UARTDisable</name>
         <value>0x2bf9</value>
         <object_component_ref idref="oc-1d6"/>
      </symbol>
      <symbol id="sm-622">
         <name>UARTCharPut</name>
         <value>0x2d75</value>
         <object_component_ref idref="oc-184"/>
      </symbol>
      <symbol id="sm-623">
         <name>UARTEnable</name>
         <value>0x2cc1</value>
         <object_component_ref idref="oc-1dc"/>
      </symbol>
      <symbol id="sm-624">
         <name>UARTCharGet</name>
         <value>0x2d6b</value>
         <object_component_ref idref="oc-18a"/>
      </symbol>
      <symbol id="sm-626">
         <name>__TI_static_base__</name>
         <value>0x0</value>
      </symbol>
      <symbol id="sm-629">
         <name>SHT$$INIT_ARRAY$$Limit</name>
         <value>0x0</value>
      </symbol>
      <symbol id="sm-62a">
         <name>SHT$$INIT_ARRAY$$Base</name>
         <value>0x0</value>
      </symbol>
   </symbol_table>
   <title>Link successful</title>
</link_info>
